core_cm3.h:1876:26:ITM_SendChar	16	static,ignoring_inline_asm
main.c:75:6:send_uart	24	static
main.c:81:5:bufsize	24	static
main.c:88:6:bufclear	16	static
main.c:94:5:_write	32	static
main.c:129:5:main	16	static
main.c:232:6:SystemClock_Config	88	static
main.c:278:13:MX_ADC1_Init	24	static
main.c:323:13:MX_SPI1_Init	8	static
main.c:361:13:MX_TIM1_Init	32	static
main.c:410:13:MX_TIM2_Init	32	static
main.c:458:13:MX_USART1_UART_Init	8	static
main.c:491:13:MX_GPIO_Init	40	static
main.c:533:6:Error_Handler	4	static,ignoring_inline_asm
