core_cm3.h:1876:26:ITM_SendChar	16	static,ignoring_inline_asm
main.c:75:6:send_uart	24	static
main.c:81:5:bufsize	24	static
main.c:88:6:bufclear	16	static
main.c:94:5:_write	32	static
main.c:129:5:main	16	static
main.c:250:6:SystemClock_Config	88	static
main.c:296:13:MX_ADC1_Init	24	static
main.c:341:13:MX_SPI1_Init	8	static
main.c:379:13:MX_TIM1_Init	32	static
main.c:428:13:MX_TIM2_Init	32	static
main.c:476:13:MX_USART1_UART_Init	8	static
main.c:509:13:MX_GPIO_Init	40	static
main.c:551:6:Error_Handler	4	static,ignoring_inline_asm
