16:16:30 **** Incremental Build of configuration Debug for project Firmware_CDPulsos ****
make -j16 all 
arm-none-eabi-gcc "../Core/Src/main.c" -mcpu=cortex-m3 -std=gnu11 -g3 -DDEBUG -DUSE_HAL_DRIVER -DSTM32F103xB -c -I../Core/Inc -I../FATFS/Target -I../FATFS/App -I../Drivers/STM32F1xx_HAL_Driver/Inc -I../Drivers/STM32F1xx_HAL_Driver/Inc/Legacy -I../Middlewares/Third_Party/FatFs/src -I../Drivers/CMSIS/Device/ST/STM32F1xx/Include -I../Drivers/CMSIS/Include -O0 -ffunction-sections -fdata-sections -Wall -fstack-usage -MMD -MP -MF"Core/Src/main.d" -MT"Core/Src/main.o" --specs=nano.specs -mfloat-abi=soft -mthumb -o "Core/Src/main.o"
In file included from ../Core/Src/main.c:27:
../Core/Inc/AppDataTypes/buttons.h:20:1: warning: useless storage class specifier in empty declaration
   20 | };
      | ^
In file included from ../Core/Src/main.c:28:
../Core/Inc/AppDataTypes/lcd.h:21:1: warning: useless storage class specifier in empty declaration
   21 | };
      | ^
In file included from ../Core/Src/main.c:29:
../Core/Inc/AppDataTypes/sd_card.h:18:1: warning: useless storage class specifier in empty declaration
   18 | };
      | ^
../Core/Src/main.c: In function 'main':
../Core/Src/main.c:188:5: warning: implicit declaration of function 'init_peripherals' [-Wimplicit-function-declaration]
  188 |     init_peripherals();
      |     ^~~~~~~~~~~~~~~~
../Core/Src/main.c:210:13: warning: suggest parentheses around assignment used as truth value [-Wparentheses]
  210 |     } while(b =! ENTER_BUTTON);
      |             ^
arm-none-eabi-gcc -o "Firmware_CDPulsos.elf" @"objects.list"   -mcpu=cortex-m3 -T"/home/mathias/Área de Trabalho/marllon/CDPulsos/Firmware/Firmware_CDPulsos/STM32F103C8TX_FLASH.ld" --specs=nosys.specs -Wl,-Map="Firmware_CDPulsos.map" -Wl,--gc-sections -static --specs=nano.specs -mfloat-abi=soft -mthumb -Wl,--start-group -lc -lm -Wl,--end-group
Finished building target: Firmware_CDPulsos.elf
 
arm-none-eabi-size   Firmware_CDPulsos.elf 
arm-none-eabi-objdump -h -S  Firmware_CDPulsos.elf  > "Firmware_CDPulsos.list"
arm-none-eabi-objcopy  -O binary  Firmware_CDPulsos.elf  "Firmware_CDPulsos.bin"
   text	   data	    bss	    dec	    hex	filename
  20676	    160	  18712	  39548	   9a7c	Firmware_CDPulsos.elf
Finished building: default.size.stdout
 
Finished building: Firmware_CDPulsos.bin
 
Finished building: Firmware_CDPulsos.list
 
16:19:23 **** Incremental Build of configuration Debug for project Firmware_CDPulsos ****
make -j16 all 
arm-none-eabi-size   Firmware_CDPulsos.elf 
   text	   data	    bss	    dec	    hex	filename
  20676	    160	  18712	  39548	   9a7c	Firmware_CDPulsos.elf
Finished building: default.size.stdout
 
16:20:44 **** Incremental Build of configuration Debug for project Firmware_CDPulsos ****
make -j16 all 
arm-none-eabi-size   Firmware_CDPulsos.elf 
   text	   data	    bss	    dec	    hex	filename
  20676	    160	  18712	  39548	   9a7c	Firmware_CDPulsos.elf
Finished building: default.size.stdout
 
16:23:00 **** Incremental Build of configuration Debug for project Firmware_CDPulsos ****
make -j16 all 
arm-none-eabi-size   Firmware_CDPulsos.elf 
   text	   data	    bss	    dec	    hex	filename
  20676	    160	  18712	  39548	   9a7c	Firmware_CDPulsos.elf
Finished building: default.size.stdout
 
16:24:34 **** Incremental Build of configuration Debug for project Firmware_CDPulsos ****
make -j16 all 
arm-none-eabi-size   Firmware_CDPulsos.elf 
   text	   data	    bss	    dec	    hex	filename
  20676	    160	  18712	  39548	   9a7c	Firmware_CDPulsos.elf
Finished building: default.size.stdout
 
16:26:54 **** Incremental Build of configuration Debug for project Firmware_CDPulsos ****
make -j16 all 
arm-none-eabi-size   Firmware_CDPulsos.elf 
   text	   data	    bss	    dec	    hex	filename
  20676	    160	  18712	  39548	   9a7c	Firmware_CDPulsos.elf
Finished building: default.size.stdout
 
