16:56:35 **** Incremental Build of configuration Debug for project Firmware_CDPulsos ****
make -j4 all 
arm-none-eabi-gcc "../Core/Src/main.c" -mcpu=cortex-m3 -std=gnu11 -g3 -DDEBUG -DUSE_HAL_DRIVER -DSTM32F103xB -c -I../Core/Inc -I../FATFS/Target -I../FATFS/App -I../Drivers/STM32F1xx_HAL_Driver/Inc -I../Drivers/STM32F1xx_HAL_Driver/Inc/Legacy -I../Middlewares/Third_Party/FreeRTOS/Source/include -I../Middlewares/Third_Party/FreeRTOS/Source/CMSIS_RTOS_V2 -I../Middlewares/Third_Party/FreeRTOS/Source/portable/GCC/ARM_CM3 -I../Middlewares/Third_Party/FatFs/src -I../Drivers/CMSIS/Device/ST/STM32F1xx/Include -I../Drivers/CMSIS/Include -O0 -ffunction-sections -fdata-sections -Wall -fstack-usage -MMD -MP -MF"Core/Src/main.d" -MT"Core/Src/main.o" --specs=nano.specs -mfloat-abi=soft -mthumb -o "Core/Src/main.o"
arm-none-eabi-gcc -o "Firmware_CDPulsos.elf" @"objects.list"   -mcpu=cortex-m3 -T"C:\Users\Marllon\Dropbox\Marllon_Schlischting\Cefise\Projeto_2021_Coletor de Dados\CDPulsos\Firmware\Firmware_CDPulsos\STM32F103C8TX_FLASH.ld" --specs=nosys.specs -Wl,-Map="Firmware_CDPulsos.map" -Wl,--gc-sections -static --specs=nano.specs -mfloat-abi=soft -mthumb -Wl,--start-group -lc -lm -Wl,--end-group
Finished building target: Firmware_CDPulsos.elf
 
arm-none-eabi-size   Firmware_CDPulsos.elf 
arm-none-eabi-objdump -h -S  Firmware_CDPulsos.elf  > "Firmware_CDPulsos.list"
arm-none-eabi-objcopy  -O binary  Firmware_CDPulsos.elf  "Firmware_CDPulsos.bin"
   text	   data	    bss	    dec	    hex	filename
  20820	     44	   9548	  30412	   76cc	Firmware_CDPulsos.elf
Finished building: default.size.stdout
 
Finished building: Firmware_CDPulsos.bin
 
Finished building: Firmware_CDPulsos.list
 
