Archive member included to satisfy reference by file (symbol)

/opt/st/stm32cubeide_1.6.1/plugins/com.st.stm32cube.ide.mcu.externaltools.gnu-tools-for-stm32.9-2020-q2-update.linux64_2.0.0.202105311346/tools/bin/../lib/gcc/arm-none-eabi/9.3.1/../../../../arm-none-eabi/lib/thumb/v7-m/nofp/libc_nano.a(lib_a-errno.o)
                              ./Core/Src/syscalls.o (__errno)
/opt/st/stm32cubeide_1.6.1/plugins/com.st.stm32cube.ide.mcu.externaltools.gnu-tools-for-stm32.9-2020-q2-update.linux64_2.0.0.202105311346/tools/bin/../lib/gcc/arm-none-eabi/9.3.1/../../../../arm-none-eabi/lib/thumb/v7-m/nofp/libc_nano.a(lib_a-exit.o)
                              /opt/st/stm32cubeide_1.6.1/plugins/com.st.stm32cube.ide.mcu.externaltools.gnu-tools-for-stm32.9-2020-q2-update.linux64_2.0.0.202105311346/tools/bin/../lib/gcc/arm-none-eabi/9.3.1/../../../../arm-none-eabi/lib/thumb/v7-m/nofp/crt0.o (exit)
/opt/st/stm32cubeide_1.6.1/plugins/com.st.stm32cube.ide.mcu.externaltools.gnu-tools-for-stm32.9-2020-q2-update.linux64_2.0.0.202105311346/tools/bin/../lib/gcc/arm-none-eabi/9.3.1/../../../../arm-none-eabi/lib/thumb/v7-m/nofp/libc_nano.a(lib_a-impure.o)
                              /opt/st/stm32cubeide_1.6.1/plugins/com.st.stm32cube.ide.mcu.externaltools.gnu-tools-for-stm32.9-2020-q2-update.linux64_2.0.0.202105311346/tools/bin/../lib/gcc/arm-none-eabi/9.3.1/../../../../arm-none-eabi/lib/thumb/v7-m/nofp/libc_nano.a(lib_a-exit.o) (_global_impure_ptr)
/opt/st/stm32cubeide_1.6.1/plugins/com.st.stm32cube.ide.mcu.externaltools.gnu-tools-for-stm32.9-2020-q2-update.linux64_2.0.0.202105311346/tools/bin/../lib/gcc/arm-none-eabi/9.3.1/../../../../arm-none-eabi/lib/thumb/v7-m/nofp/libc_nano.a(lib_a-init.o)
                              /opt/st/stm32cubeide_1.6.1/plugins/com.st.stm32cube.ide.mcu.externaltools.gnu-tools-for-stm32.9-2020-q2-update.linux64_2.0.0.202105311346/tools/bin/../lib/gcc/arm-none-eabi/9.3.1/../../../../arm-none-eabi/lib/thumb/v7-m/nofp/crt0.o (__libc_init_array)
/opt/st/stm32cubeide_1.6.1/plugins/com.st.stm32cube.ide.mcu.externaltools.gnu-tools-for-stm32.9-2020-q2-update.linux64_2.0.0.202105311346/tools/bin/../lib/gcc/arm-none-eabi/9.3.1/../../../../arm-none-eabi/lib/thumb/v7-m/nofp/libc_nano.a(lib_a-memcpy-stub.o)
                              ./Middlewares/Third_Party/FreeRTOS/Source/CMSIS_RTOS_V2/cmsis_os2.o (memcpy)
/opt/st/stm32cubeide_1.6.1/plugins/com.st.stm32cube.ide.mcu.externaltools.gnu-tools-for-stm32.9-2020-q2-update.linux64_2.0.0.202105311346/tools/bin/../lib/gcc/arm-none-eabi/9.3.1/../../../../arm-none-eabi/lib/thumb/v7-m/nofp/libc_nano.a(lib_a-memset.o)
                              /opt/st/stm32cubeide_1.6.1/plugins/com.st.stm32cube.ide.mcu.externaltools.gnu-tools-for-stm32.9-2020-q2-update.linux64_2.0.0.202105311346/tools/bin/../lib/gcc/arm-none-eabi/9.3.1/../../../../arm-none-eabi/lib/thumb/v7-m/nofp/crt0.o (memset)

Allocating common symbols
Common symbol       size              file

USERPath            0x4               ./FATFS/App/fatfs.o
defaultTaskHandle   0x4               ./Core/Src/main.o
Mathias             0x4               ./Core/Src/main.o
uwTick              0x4               ./Drivers/STM32F1xx_HAL_Driver/Src/stm32f1xx_hal.o
xQueueRegistry      0x40              ./Middlewares/Third_Party/FreeRTOS/Source/queue.o
pFlash              0x20              ./Drivers/STM32F1xx_HAL_Driver/Src/stm32f1xx_hal_flash.o
hadc1               0x30              ./Core/Src/main.o
Estado              0x4               ./Core/Src/main.o
huart1              0x44              ./Core/Src/main.o
retUSER             0x1               ./FATFS/App/fatfs.o
htim1               0x48              ./Core/Src/main.o
hspi1               0x58              ./Core/Src/main.o
htim2               0x48              ./Core/Src/main.o
Fumou               0x4               ./Core/Src/main.o
USERFile            0x22c             ./FATFS/App/fatfs.o
USERFatFS           0x234             ./FATFS/App/fatfs.o

Discarded input sections

 .text          0x0000000000000000        0x0 /opt/st/stm32cubeide_1.6.1/plugins/com.st.stm32cube.ide.mcu.externaltools.gnu-tools-for-stm32.9-2020-q2-update.linux64_2.0.0.202105311346/tools/bin/../lib/gcc/arm-none-eabi/9.3.1/thumb/v7-m/nofp/crti.o
 .data          0x0000000000000000        0x0 /opt/st/stm32cubeide_1.6.1/plugins/com.st.stm32cube.ide.mcu.externaltools.gnu-tools-for-stm32.9-2020-q2-update.linux64_2.0.0.202105311346/tools/bin/../lib/gcc/arm-none-eabi/9.3.1/thumb/v7-m/nofp/crti.o
 .bss           0x0000000000000000        0x0 /opt/st/stm32cubeide_1.6.1/plugins/com.st.stm32cube.ide.mcu.externaltools.gnu-tools-for-stm32.9-2020-q2-update.linux64_2.0.0.202105311346/tools/bin/../lib/gcc/arm-none-eabi/9.3.1/thumb/v7-m/nofp/crti.o
 .data          0x0000000000000000        0x4 /opt/st/stm32cubeide_1.6.1/plugins/com.st.stm32cube.ide.mcu.externaltools.gnu-tools-for-stm32.9-2020-q2-update.linux64_2.0.0.202105311346/tools/bin/../lib/gcc/arm-none-eabi/9.3.1/thumb/v7-m/nofp/crtbegin.o
[...]
Memory Configuration

Name             Origin             Length             Attributes
RAM              0x0000000020000000 0x0000000000005000 xrw
FLASH            0x0000000008000000 0x0000000000010000 xr
*default*        0x0000000000000000 0xffffffffffffffff

Linker script and memory map

LOAD /opt/st/stm32cubeide_1.6.1/plugins/com.st.stm32cube.ide.mcu.externaltools.gnu-tools-for-stm32.9-2020-q2-update.linux64_2.0.0.202105311346/tools/bin/../lib/gcc/arm-none-eabi/9.3.1/thumb/v7-m/nofp/crti.o
LOAD /opt/st/stm32cubeide_1.6.1/plugins/com.st.stm32cube.ide.mcu.externaltools.gnu-tools-for-stm32.9-2020-q2-update.linux64_2.0.0.202105311346/tools/bin/../lib/gcc/arm-none-eabi/9.3.1/thumb/v7-m/nofp/crtbegin.o
LOAD /opt/st/stm32cubeide_1.6.1/plugins/com.st.stm32cube.ide.mcu.externaltools.gnu-tools-for-stm32.9-2020-q2-update.linux64_2.0.0.202105311346/tools/bin/../lib/gcc/arm-none-eabi/9.3.1/../../../../arm-none-eabi/lib/thumb/v7-m/nofp/crt0.o
LOAD ./Core/Src/AppDataTypes/buttons.o
LOAD ./Core/Src/AppDataTypes/lcd.o
LOAD ./Core/Src/AppDataTypes/sd_card.o
LOAD ./Core/Src/freertos.o
LOAD ./Core/Src/main.o
LOAD ./Core/Src/main_state_machine_functions.o
LOAD ./Core/Src/stm32f1xx_hal_msp.o
LOAD ./Core/Src/stm32f1xx_it.o
LOAD ./Core/Src/syscalls.o
LOAD ./Core/Src/sysmem.o
LOAD ./Core/Src/system_stm32f1xx.o
LOAD ./Core/Startup/startup_stm32f103c8tx.o
LOAD ./Drivers/STM32F1xx_HAL_Driver/Src/stm32f1xx_hal.o
LOAD ./Drivers/STM32F1xx_HAL_Driver/Src/stm32f1xx_hal_adc.o
LOAD ./Drivers/STM32F1xx_HAL_Driver/Src/stm32f1xx_hal_adc_ex.o
LOAD ./Drivers/STM32F1xx_HAL_Driver/Src/stm32f1xx_hal_cortex.o
LOAD ./Drivers/STM32F1xx_HAL_Driver/Src/stm32f1xx_hal_dma.o
LOAD ./Drivers/STM32F1xx_HAL_Driver/Src/stm32f1xx_hal_exti.o
LOAD ./Drivers/STM32F1xx_HAL_Driver/Src/stm32f1xx_hal_flash.o
LOAD ./Drivers/STM32F1xx_HAL_Driver/Src/stm32f1xx_hal_flash_ex.o
LOAD ./Drivers/STM32F1xx_HAL_Driver/Src/stm32f1xx_hal_gpio.o
LOAD ./Drivers/STM32F1xx_HAL_Driver/Src/stm32f1xx_hal_gpio_ex.o
LOAD ./Drivers/STM32F1xx_HAL_Driver/Src/stm32f1xx_hal_pwr.o
LOAD ./Drivers/STM32F1xx_HAL_Driver/Src/stm32f1xx_hal_rcc.o
LOAD ./Drivers/STM32F1xx_HAL_Driver/Src/stm32f1xx_hal_rcc_ex.o
LOAD ./Drivers/STM32F1xx_HAL_Driver/Src/stm32f1xx_hal_spi.o
LOAD ./Drivers/STM32F1xx_HAL_Driver/Src/stm32f1xx_hal_tim.o
LOAD ./Drivers/STM32F1xx_HAL_Driver/Src/stm32f1xx_hal_tim_ex.o
LOAD ./Drivers/STM32F1xx_HAL_Driver/Src/stm32f1xx_hal_uart.o
LOAD ./FATFS/App/fatfs.o
LOAD ./FATFS/Target/user_diskio.o
LOAD ./Middlewares/Third_Party/FatFs/src/diskio.o
LOAD ./Middlewares/Third_Party/FatFs/src/ff.o
LOAD ./Middlewares/Third_Party/FatFs/src/ff_gen_drv.o
LOAD ./Middlewares/Third_Party/FatFs/src/option/syscall.o
LOAD ./Middlewares/Third_Party/FreeRTOS/Source/CMSIS_RTOS_V2/cmsis_os2.o
LOAD ./Middlewares/Third_Party/FreeRTOS/Source/croutine.o
LOAD ./Middlewares/Third_Party/FreeRTOS/Source/event_groups.o
LOAD ./Middlewares/Third_Party/FreeRTOS/Source/list.o
LOAD ./Middlewares/Third_Party/FreeRTOS/Source/queue.o
LOAD ./Middlewares/Third_Party/FreeRTOS/Source/stream_buffer.o
LOAD ./Middlewares/Third_Party/FreeRTOS/Source/tasks.o
LOAD ./Middlewares/Third_Party/FreeRTOS/Source/timers.o
LOAD ./Middlewares/Third_Party/FreeRTOS/Source/portable/GCC/ARM_CM3/port.o
LOAD ./Middlewares/Third_Party/FreeRTOS/Source/portable/MemMang/heap_4.o
START GROUP
LOAD /opt/st/stm32cubeide_1.6.1/plugins/com.st.stm32cube.ide.mcu.externaltools.gnu-tools-for-stm32.9-2020-q2-update.linux64_2.0.0.202105311346/tools/bin/../lib/gcc/arm-none-eabi/9.3.1/../../../../arm-none-eabi/lib/thumb/v7-m/nofp/libc_nano.a
LOAD /opt/st/stm32cubeide_1.6.1/plugins/com.st.stm32cube.ide.mcu.externaltools.gnu-tools-for-stm32.9-2020-q2-update.linux64_2.0.0.202105311346/tools/bin/../lib/gcc/arm-none-eabi/9.3.1/../../../../arm-none-eabi/lib/thumb/v7-m/nofp/libm.a
END GROUP
START GROUP
LOAD /opt/st/stm32cubeide_1.6.1/plugins/com.st.stm32cube.ide.mcu.externaltools.gnu-tools-for-stm32.9-2020-q2-update.linux64_2.0.0.202105311346/tools/bin/../lib/gcc/arm-none-eabi/9.3.1/thumb/v7-m/nofp/libgcc.a
LOAD /opt/st/stm32cubeide_1.6.1/plugins/com.st.stm32cube.ide.mcu.externaltools.gnu-tools-for-stm32.9-2020-q2-update.linux64_2.0.0.202105311346/tools/bin/../lib/gcc/arm-none-eabi/9.3.1/../../../../arm-none-eabi/lib/thumb/v7-m/nofp/libc_nano.a
END GROUP
START GROUP
LOAD /opt/st/stm32cubeide_1.6.1/plugins/com.st.stm32cube.ide.mcu.externaltools.gnu-tools-for-stm32.9-2020-q2-update.linux64_2.0.0.202105311346/tools/bin/../lib/gcc/arm-none-eabi/9.3.1/thumb/v7-m/nofp/libgcc.a
LOAD /opt/st/stm32cubeide_1.6.1/plugins/com.st.stm32cube.ide.mcu.externaltools.gnu-tools-for-stm32.9-2020-q2-update.linux64_2.0.0.202105311346/tools/bin/../lib/gcc/arm-none-eabi/9.3.1/../../../../arm-none-eabi/lib/thumb/v7-m/nofp/libc_nano.a
LOAD /opt/st/stm32cubeide_1.6.1/plugins/com.st.stm32cube.ide.mcu.externaltools.gnu-tools-for-stm32.9-2020-q2-update.linux64_2.0.0.202105311346/tools/bin/../lib/gcc/arm-none-eabi/9.3.1/../../../../arm-none-eabi/lib/thumb/v7-m/nofp/libnosys.a
END GROUP
START GROUP
LOAD /opt/st/stm32cubeide_1.6.1/plugins/com.st.stm32cube.ide.mcu.externaltools.gnu-tools-for-stm32.9-2020-q2-update.linux64_2.0.0.202105311346/tools/bin/../lib/gcc/arm-none-eabi/9.3.1/thumb/v7-m/nofp/libgcc.a
LOAD /opt/st/stm32cubeide_1.6.1/plugins/com.st.stm32cube.ide.mcu.externaltools.gnu-tools-for-stm32.9-2020-q2-update.linux64_2.0.0.202105311346/tools/bin/../lib/gcc/arm-none-eabi/9.3.1/../../../../arm-none-eabi/lib/thumb/v7-m/nofp/libc_nano.a
LOAD /opt/st/stm32cubeide_1.6.1/plugins/com.st.stm32cube.ide.mcu.externaltools.gnu-tools-for-stm32.9-2020-q2-update.linux64_2.0.0.202105311346/tools/bin/../lib/gcc/arm-none-eabi/9.3.1/../../../../arm-none-eabi/lib/thumb/v7-m/nofp/libnosys.a
END GROUP
LOAD /opt/st/stm32cubeide_1.6.1/plugins/com.st.stm32cube.ide.mcu.externaltools.gnu-tools-for-stm32.9-2020-q2-update.linux64_2.0.0.202105311346/tools/bin/../lib/gcc/arm-none-eabi/9.3.1/thumb/v7-m/nofp/crtend.o
LOAD /opt/st/stm32cubeide_1.6.1/plugins/com.st.stm32cube.ide.mcu.externaltools.gnu-tools-for-stm32.9-2020-q2-update.linux64_2.0.0.202105311346/tools/bin/../lib/gcc/arm-none-eabi/9.3.1/thumb/v7-m/nofp/crtn.o
                0x0000000020005000                _estack = (ORIGIN (RAM) + LENGTH (RAM))
                0x0000000000000200                _Min_Heap_Size = 0x200
                0x0000000000000400                _Min_Stack_Size = 0x400

.isr_vector     0x0000000008000000      0x10c
                0x0000000008000000                . = ALIGN (0x4)
 *(.isr_vector)
 .isr_vector    0x0000000008000000      0x10c ./Core/Startup/startup_stm32f103c8tx.o
                0x0000000008000000                g_pfnVectors
                0x000000000800010c                . = ALIGN (0x4)

.text           0x0000000008000110     0x5078
                0x0000000008000110                . = ALIGN (0x4)
 *(.text)
 .text          0x0000000008000110       0x40 /opt/st/stm32cubeide_1.6.1/plugins/com.st.stm32cube.ide.mcu.externaltools.gnu-tools-for-stm32.9-2020-q2-update.linux64_2.0.0.202105311346/tools/bin/../lib/gcc/arm-none-eabi/9.3.1/thumb/v7-m/nofp/crtbegin.o
 *(.text*)
 .text.get_pressed_button
                0x0000000008000150        0xe ./Core/Src/AppDataTypes/buttons.o
                0x0000000008000150                get_pressed_button
 .text.init     0x000000000800015e        0xc ./Core/Src/AppDataTypes/lcd.o
                0x000000000800015e                init
 .text.print_sensors_menu
                0x000000000800016a       0x14 ./Core/Src/AppDataTypes/lcd.o
                0x000000000800016a                print_sensors_menu
 *fill*         0x000000000800017e        0x2 
 .text.main     0x0000000008000180       0x50 ./Core/Src/main.o
                0x0000000008000180                main
 .text.SystemClock_Config
                0x00000000080001d0       0xa0 ./Core/Src/main.o
                0x00000000080001d0                SystemClock_Config
 .text.MX_ADC1_Init
                0x0000000008000270       0x7c ./Core/Src/main.o
 .text.MX_SPI1_Init
                0x00000000080002ec       0x6c ./Core/Src/main.o
 .text.MX_TIM1_Init
                0x0000000008000358       0xac ./Core/Src/main.o
 .text.MX_TIM2_Init
                0x0000000008000404       0xa4 ./Core/Src/main.o
 .text.MX_USART1_UART_Init
                0x00000000080004a8       0x54 ./Core/Src/main.o
 .text.MX_GPIO_Init
                0x00000000080004fc       0xc0 ./Core/Src/main.o
 .text.StartDefaultTask
                0x00000000080005bc       0x90 ./Core/Src/main.o
                0x00000000080005bc                StartDefaultTask
 .text.Error_Handler
                0x000000000800064c        0xa ./Core/Src/main.o
                0x000000000800064c                Error_Handler
 *fill*         0x0000000008000656        0x2 
 .text.init_peripherals
                0x0000000008000658       0x2c ./Core/Src/main_state_machine_functions.o
                0x0000000008000658                init_peripherals
 .text.HAL_MspInit
                0x0000000008000684       0x70 ./Core/Src/stm32f1xx_hal_msp.o
                0x0000000008000684                HAL_MspInit
 .text.HAL_ADC_MspInit
                0x00000000080006f4       0x78 ./Core/Src/stm32f1xx_hal_msp.o
                0x00000000080006f4                HAL_ADC_MspInit
 .text.HAL_SPI_MspInit
                0x000000000800076c       0x94 ./Core/Src/stm32f1xx_hal_msp.o
                0x000000000800076c                HAL_SPI_MspInit
 .text.HAL_TIM_IC_MspInit
                0x0000000008000800       0xfc ./Core/Src/stm32f1xx_hal_msp.o
                0x0000000008000800                HAL_TIM_IC_MspInit
 .text.HAL_UART_MspInit
                0x00000000080008fc       0x98 ./Core/Src/stm32f1xx_hal_msp.o
                0x00000000080008fc                HAL_UART_MspInit
 .text.NMI_Handler
                0x0000000008000994        0x6 ./Core/Src/stm32f1xx_it.o
                0x0000000008000994                NMI_Handler
 .text.HardFault_Handler
                0x000000000800099a        0x6 ./Core/Src/stm32f1xx_it.o
                0x000000000800099a                HardFault_Handler
 .text.MemManage_Handler
                0x00000000080009a0        0x6 ./Core/Src/stm32f1xx_it.o
                0x00000000080009a0                MemManage_Handler
 .text.BusFault_Handler
                0x00000000080009a6        0x6 ./Core/Src/stm32f1xx_it.o
                0x00000000080009a6                BusFault_Handler
 .text.UsageFault_Handler
                0x00000000080009ac        0x6 ./Core/Src/stm32f1xx_it.o
                0x00000000080009ac                UsageFault_Handler
 .text.DebugMon_Handler
                0x00000000080009b2        0xc ./Core/Src/stm32f1xx_it.o
                0x00000000080009b2                DebugMon_Handler
 .text.SysTick_Handler
                0x00000000080009be       0x1a ./Core/Src/stm32f1xx_it.o
                0x00000000080009be                SysTick_Handler
 .text.SystemInit
                0x00000000080009d8        0xc ./Core/Src/system_stm32f1xx.o
                0x00000000080009d8                SystemInit
 .text.Reset_Handler
                0x00000000080009e4       0x48 ./Core/Startup/startup_stm32f103c8tx.o
                0x00000000080009e4                Reset_Handler
 .text.Default_Handler
                0x0000000008000a2c        0x2 ./Core/Startup/startup_stm32f103c8tx.o
                0x0000000008000a2c                RTC_Alarm_IRQHandler
                0x0000000008000a2c                EXTI2_IRQHandler
                0x0000000008000a2c                TIM1_CC_IRQHandler
                0x0000000008000a2c                PVD_IRQHandler
                0x0000000008000a2c                EXTI3_IRQHandler
                0x0000000008000a2c                EXTI0_IRQHandler
                0x0000000008000a2c                I2C2_EV_IRQHandler
                0x0000000008000a2c                ADC1_2_IRQHandler
                0x0000000008000a2c                SPI1_IRQHandler
                0x0000000008000a2c                TAMPER_IRQHandler
                0x0000000008000a2c                DMA1_Channel4_IRQHandler
                0x0000000008000a2c                USART3_IRQHandler
                0x0000000008000a2c                RTC_IRQHandler
                0x0000000008000a2c                DMA1_Channel7_IRQHandler
                0x0000000008000a2c                CAN1_RX1_IRQHandler
                0x0000000008000a2c                TIM4_IRQHandler
                0x0000000008000a2c                I2C1_EV_IRQHandler
                0x0000000008000a2c                DMA1_Channel6_IRQHandler
                0x0000000008000a2c                TIM3_IRQHandler
                0x0000000008000a2c                RCC_IRQHandler
                0x0000000008000a2c                TIM1_TRG_COM_IRQHandler
                0x0000000008000a2c                DMA1_Channel1_IRQHandler
                0x0000000008000a2c                Default_Handler
                0x0000000008000a2c                EXTI15_10_IRQHandler
                0x0000000008000a2c                EXTI9_5_IRQHandler
                0x0000000008000a2c                SPI2_IRQHandler
                0x0000000008000a2c                DMA1_Channel5_IRQHandler
                0x0000000008000a2c                EXTI4_IRQHandler
                0x0000000008000a2c                USB_LP_CAN1_RX0_IRQHandler
                0x0000000008000a2c                USB_HP_CAN1_TX_IRQHandler
                0x0000000008000a2c                DMA1_Channel3_IRQHandler
                0x0000000008000a2c                TIM1_UP_IRQHandler
                0x0000000008000a2c                WWDG_IRQHandler
                0x0000000008000a2c                TIM2_IRQHandler
                0x0000000008000a2c                TIM1_BRK_IRQHandler
                0x0000000008000a2c                EXTI1_IRQHandler
                0x0000000008000a2c                USART2_IRQHandler
                0x0000000008000a2c                I2C2_ER_IRQHandler
                0x0000000008000a2c                DMA1_Channel2_IRQHandler
                0x0000000008000a2c                CAN1_SCE_IRQHandler
                0x0000000008000a2c                FLASH_IRQHandler
                0x0000000008000a2c                USART1_IRQHandler
                0x0000000008000a2c                I2C1_ER_IRQHandler
                0x0000000008000a2c                USBWakeUp_IRQHandler
 *fill*         0x0000000008000a2e        0x2 
 .text.HAL_Init
                0x0000000008000a30       0x2c ./Drivers/STM32F1xx_HAL_Driver/Src/stm32f1xx_hal.o
                0x0000000008000a30                HAL_Init
 .text.HAL_InitTick
                0x0000000008000a5c       0x60 ./Drivers/STM32F1xx_HAL_Driver/Src/stm32f1xx_hal.o
                0x0000000008000a5c                HAL_InitTick
 .text.HAL_IncTick
                0x0000000008000abc       0x24 ./Drivers/STM32F1xx_HAL_Driver/Src/stm32f1xx_hal.o
                0x0000000008000abc                HAL_IncTick
 .text.HAL_GetTick
                0x0000000008000ae0       0x14 ./Drivers/STM32F1xx_HAL_Driver/Src/stm32f1xx_hal.o
                0x0000000008000ae0                HAL_GetTick
 .text.HAL_ADC_Init
                0x0000000008000af4      0x1b0 ./Drivers/STM32F1xx_HAL_Driver/Src/stm32f1xx_hal_adc.o
                0x0000000008000af4                HAL_ADC_Init
 .text.HAL_ADC_ConfigChannel
                0x0000000008000ca4      0x1f0 ./Drivers/STM32F1xx_HAL_Driver/Src/stm32f1xx_hal_adc.o
                0x0000000008000ca4                HAL_ADC_ConfigChannel
 .text.ADC_ConversionStop_Disable
                0x0000000008000e94       0x82 ./Drivers/STM32F1xx_HAL_Driver/Src/stm32f1xx_hal_adc.o
                0x0000000008000e94                ADC_ConversionStop_Disable
 *fill*         0x0000000008000f16        0x2 
 .text.__NVIC_SetPriorityGrouping
                0x0000000008000f18       0x48 ./Drivers/STM32F1xx_HAL_Driver/Src/stm32f1xx_hal_cortex.o
 .text.__NVIC_GetPriorityGrouping
                0x0000000008000f60       0x1c ./Drivers/STM32F1xx_HAL_Driver/Src/stm32f1xx_hal_cortex.o
 .text.__NVIC_SetPriority
                0x0000000008000f7c       0x54 ./Drivers/STM32F1xx_HAL_Driver/Src/stm32f1xx_hal_cortex.o
 .text.NVIC_EncodePriority
                0x0000000008000fd0       0x64 ./Drivers/STM32F1xx_HAL_Driver/Src/stm32f1xx_hal_cortex.o
 .text.SysTick_Config
                0x0000000008001034       0x44 ./Drivers/STM32F1xx_HAL_Driver/Src/stm32f1xx_hal_cortex.o
 .text.HAL_NVIC_SetPriorityGrouping
                0x0000000008001078       0x16 ./Drivers/STM32F1xx_HAL_Driver/Src/stm32f1xx_hal_cortex.o
                0x0000000008001078                HAL_NVIC_SetPriorityGrouping
 .text.HAL_NVIC_SetPriority
                0x000000000800108e       0x38 ./Drivers/STM32F1xx_HAL_Driver/Src/stm32f1xx_hal_cortex.o
                0x000000000800108e                HAL_NVIC_SetPriority
 .text.HAL_SYSTICK_Config
                0x00000000080010c6       0x18 ./Drivers/STM32F1xx_HAL_Driver/Src/stm32f1xx_hal_cortex.o
                0x00000000080010c6                HAL_SYSTICK_Config
 *fill*         0x00000000080010de        0x2 
 .text.HAL_GPIO_Init
                0x00000000080010e0      0x308 ./Drivers/STM32F1xx_HAL_Driver/Src/stm32f1xx_hal_gpio.o
                0x00000000080010e0                HAL_GPIO_Init
 .text.HAL_GPIO_WritePin
                0x00000000080013e8       0x30 ./Drivers/STM32F1xx_HAL_Driver/Src/stm32f1xx_hal_gpio.o
                0x00000000080013e8                HAL_GPIO_WritePin
 .text.HAL_RCC_OscConfig
                0x0000000008001418      0x500 ./Drivers/STM32F1xx_HAL_Driver/Src/stm32f1xx_hal_rcc.o
                0x0000000008001418                HAL_RCC_OscConfig
 .text.HAL_RCC_ClockConfig
                0x0000000008001918      0x1d4 ./Drivers/STM32F1xx_HAL_Driver/Src/stm32f1xx_hal_rcc.o
                0x0000000008001918                HAL_RCC_ClockConfig
 .text.HAL_RCC_GetSysClockFreq
                0x0000000008001aec       0xc0 ./Drivers/STM32F1xx_HAL_Driver/Src/stm32f1xx_hal_rcc.o
                0x0000000008001aec                HAL_RCC_GetSysClockFreq
 .text.HAL_RCC_GetHCLKFreq
                0x0000000008001bac       0x14 ./Drivers/STM32F1xx_HAL_Driver/Src/stm32f1xx_hal_rcc.o
                0x0000000008001bac                HAL_RCC_GetHCLKFreq
 .text.HAL_RCC_GetPCLK1Freq
                0x0000000008001bc0       0x28 ./Drivers/STM32F1xx_HAL_Driver/Src/stm32f1xx_hal_rcc.o
                0x0000000008001bc0                HAL_RCC_GetPCLK1Freq
 .text.HAL_RCC_GetPCLK2Freq
                0x0000000008001be8       0x28 ./Drivers/STM32F1xx_HAL_Driver/Src/stm32f1xx_hal_rcc.o
                0x0000000008001be8                HAL_RCC_GetPCLK2Freq
 .text.RCC_Delay
                0x0000000008001c10       0x3c ./Drivers/STM32F1xx_HAL_Driver/Src/stm32f1xx_hal_rcc.o
 .text.HAL_RCCEx_PeriphCLKConfig
                0x0000000008001c4c      0x16c ./Drivers/STM32F1xx_HAL_Driver/Src/stm32f1xx_hal_rcc_ex.o
                0x0000000008001c4c                HAL_RCCEx_PeriphCLKConfig
 .text.HAL_SPI_Init
                0x0000000008001db8      0x108 ./Drivers/STM32F1xx_HAL_Driver/Src/stm32f1xx_hal_spi.o
                0x0000000008001db8                HAL_SPI_Init
 .text.HAL_TIM_IC_Init
                0x0000000008001ec0       0x9e ./Drivers/STM32F1xx_HAL_Driver/Src/stm32f1xx_hal_tim.o
                0x0000000008001ec0                HAL_TIM_IC_Init
 .text.HAL_TIM_IC_ConfigChannel
                0x0000000008001f5e      0x128 ./Drivers/STM32F1xx_HAL_Driver/Src/stm32f1xx_hal_tim.o
                0x0000000008001f5e                HAL_TIM_IC_ConfigChannel
 *fill*         0x0000000008002086        0x2 
 .text.TIM_Base_SetConfig
                0x0000000008002088       0xc4 ./Drivers/STM32F1xx_HAL_Driver/Src/stm32f1xx_hal_tim.o
                0x0000000008002088                TIM_Base_SetConfig
 .text.TIM_TI1_SetConfig
                0x000000000800214c       0xb4 ./Drivers/STM32F1xx_HAL_Driver/Src/stm32f1xx_hal_tim.o
                0x000000000800214c                TIM_TI1_SetConfig
 .text.TIM_TI2_SetConfig
                0x0000000008002200       0x78 ./Drivers/STM32F1xx_HAL_Driver/Src/stm32f1xx_hal_tim.o
 .text.TIM_TI3_SetConfig
                0x0000000008002278       0x76 ./Drivers/STM32F1xx_HAL_Driver/Src/stm32f1xx_hal_tim.o
 .text.TIM_TI4_SetConfig
                0x00000000080022ee       0x78 ./Drivers/STM32F1xx_HAL_Driver/Src/stm32f1xx_hal_tim.o
 *fill*         0x0000000008002366        0x2 
 .text.HAL_TIMEx_MasterConfigSynchronization
                0x0000000008002368       0xbc ./Drivers/STM32F1xx_HAL_Driver/Src/stm32f1xx_hal_tim_ex.o
                0x0000000008002368                HAL_TIMEx_MasterConfigSynchronization
 .text.HAL_UART_Init
                0x0000000008002424       0x9a ./Drivers/STM32F1xx_HAL_Driver/Src/stm32f1xx_hal_uart.o
                0x0000000008002424                HAL_UART_Init
 *fill*         0x00000000080024be        0x2 
 .text.UART_SetConfig
                0x00000000080024c0      0x11c ./Drivers/STM32F1xx_HAL_Driver/Src/stm32f1xx_hal_uart.o
 .text.MX_FATFS_Init
                0x00000000080025dc       0x24 ./FATFS/App/fatfs.o
                0x00000000080025dc                MX_FATFS_Init
 .text.USER_initialize
                0x0000000008002600       0x24 ./FATFS/Target/user_diskio.o
                0x0000000008002600                USER_initialize
 .text.USER_status
                0x0000000008002624       0x24 ./FATFS/Target/user_diskio.o
                0x0000000008002624                USER_status
 .text.USER_read
                0x0000000008002648       0x1c ./FATFS/Target/user_diskio.o
                0x0000000008002648                USER_read
 .text.USER_write
                0x0000000008002664       0x1c ./FATFS/Target/user_diskio.o
                0x0000000008002664                USER_write
 .text.USER_ioctl
                0x0000000008002680       0x20 ./FATFS/Target/user_diskio.o
                0x0000000008002680                USER_ioctl
 .text.FATFS_LinkDriverEx
                0x00000000080026a0       0x94 ./Middlewares/Third_Party/FatFs/src/ff_gen_drv.o
                0x00000000080026a0                FATFS_LinkDriverEx
 .text.FATFS_LinkDriver
                0x0000000008002734       0x1e ./Middlewares/Third_Party/FatFs/src/ff_gen_drv.o
                0x0000000008002734                FATFS_LinkDriver
 *fill*         0x0000000008002752        0x2 
 .text.osKernelInitialize
                0x0000000008002754       0x64 ./Middlewares/Third_Party/FreeRTOS/Source/CMSIS_RTOS_V2/cmsis_os2.o
                0x0000000008002754                osKernelInitialize
 .text.osKernelStart
                0x00000000080027b8       0x68 ./Middlewares/Third_Party/FreeRTOS/Source/CMSIS_RTOS_V2/cmsis_os2.o
                0x00000000080027b8                osKernelStart
 .text.osThreadNew
                0x0000000008002820      0x154 ./Middlewares/Third_Party/FreeRTOS/Source/CMSIS_RTOS_V2/cmsis_os2.o
                0x0000000008002820                osThreadNew
 .text.osDelay  0x0000000008002974       0x5c ./Middlewares/Third_Party/FreeRTOS/Source/CMSIS_RTOS_V2/cmsis_os2.o
                0x0000000008002974                osDelay
 .text.vApplicationGetIdleTaskMemory
                0x00000000080029d0       0x30 ./Middlewares/Third_Party/FreeRTOS/Source/CMSIS_RTOS_V2/cmsis_os2.o
                0x00000000080029d0                vApplicationGetIdleTaskMemory
 .text.vApplicationGetTimerTaskMemory
                0x0000000008002a00       0x34 ./Middlewares/Third_Party/FreeRTOS/Source/CMSIS_RTOS_V2/cmsis_os2.o
                0x0000000008002a00                vApplicationGetTimerTaskMemory
 .text.vListInitialise
                0x0000000008002a34       0x3e ./Middlewares/Third_Party/FreeRTOS/Source/list.o
                0x0000000008002a34                vListInitialise
 .text.vListInitialiseItem
                0x0000000008002a72       0x18 ./Middlewares/Third_Party/FreeRTOS/Source/list.o
                0x0000000008002a72                vListInitialiseItem
 .text.vListInsertEnd
                0x0000000008002a8a       0x46 ./Middlewares/Third_Party/FreeRTOS/Source/list.o
                0x0000000008002a8a                vListInsertEnd
 .text.vListInsert
                0x0000000008002ad0       0x70 ./Middlewares/Third_Party/FreeRTOS/Source/list.o
                0x0000000008002ad0                vListInsert
 .text.uxListRemove
                0x0000000008002b40       0x52 ./Middlewares/Third_Party/FreeRTOS/Source/list.o
                0x0000000008002b40                uxListRemove
 *fill*         0x0000000008002b92        0x2 
 .text.xQueueGenericReset
                0x0000000008002b94       0xd0 ./Middlewares/Third_Party/FreeRTOS/Source/queue.o
                0x0000000008002b94                xQueueGenericReset
 .text.xQueueGenericCreateStatic
                0x0000000008002c64       0xee ./Middlewares/Third_Party/FreeRTOS/Source/queue.o
                0x0000000008002c64                xQueueGenericCreateStatic
 .text.prvInitialiseNewQueue
                0x0000000008002d52       0x46 ./Middlewares/Third_Party/FreeRTOS/Source/queue.o
 .text.xQueueGenericSend
                0x0000000008002d98      0x1fc ./Middlewares/Third_Party/FreeRTOS/Source/queue.o
                0x0000000008002d98                xQueueGenericSend
 .text.xQueueGenericSendFromISR
                0x0000000008002f94      0x130 ./Middlewares/Third_Party/FreeRTOS/Source/queue.o
                0x0000000008002f94                xQueueGenericSendFromISR
 .text.xQueueReceive
                0x00000000080030c4      0x1c0 ./Middlewares/Third_Party/FreeRTOS/Source/queue.o
                0x00000000080030c4                xQueueReceive
 .text.prvCopyDataToQueue
                0x0000000008003284       0xd4 ./Middlewares/Third_Party/FreeRTOS/Source/queue.o
 .text.prvCopyDataFromQueue
                0x0000000008003358       0x4c ./Middlewares/Third_Party/FreeRTOS/Source/queue.o
 .text.prvUnlockQueue
                0x00000000080033a4       0xa4 ./Middlewares/Third_Party/FreeRTOS/Source/queue.o
 .text.prvIsQueueEmpty
                0x0000000008003448       0x2c ./Middlewares/Third_Party/FreeRTOS/Source/queue.o
 .text.prvIsQueueFull
                0x0000000008003474       0x30 ./Middlewares/Third_Party/FreeRTOS/Source/queue.o
 .text.vQueueAddToRegistry
                0x00000000080034a4       0x50 ./Middlewares/Third_Party/FreeRTOS/Source/queue.o
                0x00000000080034a4                vQueueAddToRegistry
 .text.vQueueWaitForMessageRestricted
                0x00000000080034f4       0x68 ./Middlewares/Third_Party/FreeRTOS/Source/queue.o
                0x00000000080034f4                vQueueWaitForMessageRestricted
 .text.xTaskCreateStatic
                0x000000000800355c       0xb8 ./Middlewares/Third_Party/FreeRTOS/Source/tasks.o
                0x000000000800355c                xTaskCreateStatic
 .text.xTaskCreate
                0x0000000008003614       0x8a ./Middlewares/Third_Party/FreeRTOS/Source/tasks.o
                0x0000000008003614                xTaskCreate
 .text.prvInitialiseNewTask
                0x000000000800369e      0x10e ./Middlewares/Third_Party/FreeRTOS/Source/tasks.o
 .text.prvAddNewTaskToReadyList
                0x00000000080037ac       0xe0 ./Middlewares/Third_Party/FreeRTOS/Source/tasks.o
 .text.vTaskDelay
                0x000000000800388c       0x68 ./Middlewares/Third_Party/FreeRTOS/Source/tasks.o
                0x000000000800388c                vTaskDelay
 .text.vTaskStartScheduler
                0x00000000080038f4       0xcc ./Middlewares/Third_Party/FreeRTOS/Source/tasks.o
                0x00000000080038f4                vTaskStartScheduler
 .text.vTaskSuspendAll
                0x00000000080039c0       0x1c ./Middlewares/Third_Party/FreeRTOS/Source/tasks.o
                0x00000000080039c0                vTaskSuspendAll
 .text.xTaskResumeAll
                0x00000000080039dc      0x13c ./Middlewares/Third_Party/FreeRTOS/Source/tasks.o
                0x00000000080039dc                xTaskResumeAll
 .text.xTaskGetTickCount
                0x0000000008003b18       0x1c ./Middlewares/Third_Party/FreeRTOS/Source/tasks.o
                0x0000000008003b18                xTaskGetTickCount
 .text.xTaskIncrementTick
                0x0000000008003b34      0x17c ./Middlewares/Third_Party/FreeRTOS/Source/tasks.o
                0x0000000008003b34                xTaskIncrementTick
 .text.vTaskSwitchContext
                0x0000000008003cb0       0xb8 ./Middlewares/Third_Party/FreeRTOS/Source/tasks.o
                0x0000000008003cb0                vTaskSwitchContext
 .text.vTaskPlaceOnEventList
                0x0000000008003d68       0x48 ./Middlewares/Third_Party/FreeRTOS/Source/tasks.o
                0x0000000008003d68                vTaskPlaceOnEventList
 .text.vTaskPlaceOnEventListRestricted
                0x0000000008003db0       0x58 ./Middlewares/Third_Party/FreeRTOS/Source/tasks.o
                0x0000000008003db0                vTaskPlaceOnEventListRestricted
 .text.xTaskRemoveFromEventList
                0x0000000008003e08       0xc8 ./Middlewares/Third_Party/FreeRTOS/Source/tasks.o
                0x0000000008003e08                xTaskRemoveFromEventList
 .text.vTaskInternalSetTimeOutState
                0x0000000008003ed0       0x2c ./Middlewares/Third_Party/FreeRTOS/Source/tasks.o
                0x0000000008003ed0                vTaskInternalSetTimeOutState
 .text.xTaskCheckForTimeOut
                0x0000000008003efc       0xc4 ./Middlewares/Third_Party/FreeRTOS/Source/tasks.o
                0x0000000008003efc                xTaskCheckForTimeOut
 .text.vTaskMissedYield
                0x0000000008003fc0       0x18 ./Middlewares/Third_Party/FreeRTOS/Source/tasks.o
                0x0000000008003fc0                vTaskMissedYield
 .text.prvIdleTask
                0x0000000008003fd8       0x30 ./Middlewares/Third_Party/FreeRTOS/Source/tasks.o
 .text.prvInitialiseTaskLists
                0x0000000008004008       0x80 ./Middlewares/Third_Party/FreeRTOS/Source/tasks.o
 .text.prvCheckTasksWaitingTermination
                0x0000000008004088       0x5c ./Middlewares/Third_Party/FreeRTOS/Source/tasks.o
 .text.prvDeleteTCB
                0x00000000080040e4       0x5e ./Middlewares/Third_Party/FreeRTOS/Source/tasks.o
 *fill*         0x0000000008004142        0x2 
 .text.prvResetNextTaskUnblockTime
                0x0000000008004144       0x48 ./Middlewares/Third_Party/FreeRTOS/Source/tasks.o
 .text.xTaskGetSchedulerState
                0x000000000800418c       0x3c ./Middlewares/Third_Party/FreeRTOS/Source/tasks.o
                0x000000000800418c                xTaskGetSchedulerState
 .text.xTaskPriorityDisinherit
                0x00000000080041c8       0xdc ./Middlewares/Third_Party/FreeRTOS/Source/tasks.o
                0x00000000080041c8                xTaskPriorityDisinherit
 .text.prvAddCurrentTaskToDelayedList
                0x00000000080042a4       0xa8 ./Middlewares/Third_Party/FreeRTOS/Source/tasks.o
 .text.xTimerCreateTimerTask
                0x000000000800434c       0x90 ./Middlewares/Third_Party/FreeRTOS/Source/timers.o
                0x000000000800434c                xTimerCreateTimerTask
 .text.xTimerGenericCommand
                0x00000000080043dc       0x9c ./Middlewares/Third_Party/FreeRTOS/Source/timers.o
                0x00000000080043dc                xTimerGenericCommand
 .text.prvProcessExpiredTimer
                0x0000000008004478       0x80 ./Middlewares/Third_Party/FreeRTOS/Source/timers.o
 .text.prvTimerTask
                0x00000000080044f8       0x24 ./Middlewares/Third_Party/FreeRTOS/Source/timers.o
 .text.prvProcessTimerOrBlockTask
                0x000000000800451c       0x9c ./Middlewares/Third_Party/FreeRTOS/Source/timers.o
 .text.prvGetNextExpireTime
                0x00000000080045b8       0x48 ./Middlewares/Third_Party/FreeRTOS/Source/timers.o
 .text.prvSampleTimeNow
                0x0000000008004600       0x40 ./Middlewares/Third_Party/FreeRTOS/Source/timers.o
 .text.prvInsertTimerInActiveList
                0x0000000008004640       0x84 ./Middlewares/Third_Party/FreeRTOS/Source/timers.o
 .text.prvProcessReceivedCommands
                0x00000000080046c4      0x168 ./Middlewares/Third_Party/FreeRTOS/Source/timers.o
 .text.prvSwitchTimerLists
                0x000000000800482c       0xc4 ./Middlewares/Third_Party/FreeRTOS/Source/timers.o
 .text.prvCheckForValidListAndQueue
                0x00000000080048f0       0x80 ./Middlewares/Third_Party/FreeRTOS/Source/timers.o
 .text.pxPortInitialiseStack
                0x0000000008004970       0x58 ./Middlewares/Third_Party/FreeRTOS/Source/portable/GCC/ARM_CM3/port.o
                0x0000000008004970                pxPortInitialiseStack
 .text.prvTaskExitError
                0x00000000080049c8       0x58 ./Middlewares/Third_Party/FreeRTOS/Source/portable/GCC/ARM_CM3/port.o
 .text.SVC_Handler
                0x0000000008004a20       0x28 ./Middlewares/Third_Party/FreeRTOS/Source/portable/GCC/ARM_CM3/port.o
                0x0000000008004a20                SVC_Handler
 .text.prvPortStartFirstTask
                0x0000000008004a48       0x20 ./Middlewares/Third_Party/FreeRTOS/Source/portable/GCC/ARM_CM3/port.o
 .text.xPortStartScheduler
                0x0000000008004a68       0xe4 ./Middlewares/Third_Party/FreeRTOS/Source/portable/GCC/ARM_CM3/port.o
                0x0000000008004a68                xPortStartScheduler
 .text.vPortEnterCritical
                0x0000000008004b4c       0x60 ./Middlewares/Third_Party/FreeRTOS/Source/portable/GCC/ARM_CM3/port.o
                0x0000000008004b4c                vPortEnterCritical
 .text.vPortExitCritical
                0x0000000008004bac       0x50 ./Middlewares/Third_Party/FreeRTOS/Source/portable/GCC/ARM_CM3/port.o
                0x0000000008004bac                vPortExitCritical
 *fill*         0x0000000008004bfc        0x4 
 .text.PendSV_Handler
                0x0000000008004c00       0x48 ./Middlewares/Third_Party/FreeRTOS/Source/portable/GCC/ARM_CM3/port.o
                0x0000000008004c00                PendSV_Handler
 .text.xPortSysTickHandler
                0x0000000008004c48       0x44 ./Middlewares/Third_Party/FreeRTOS/Source/portable/GCC/ARM_CM3/port.o
                0x0000000008004c48                xPortSysTickHandler
 .text.vPortSetupTimerInterrupt
                0x0000000008004c8c       0x44 ./Middlewares/Third_Party/FreeRTOS/Source/portable/GCC/ARM_CM3/port.o
                0x0000000008004c8c                vPortSetupTimerInterrupt
 .text.vPortValidateInterruptPriority
                0x0000000008004cd0       0x7c ./Middlewares/Third_Party/FreeRTOS/Source/portable/GCC/ARM_CM3/port.o
                0x0000000008004cd0                vPortValidateInterruptPriority
 .text.pvPortMalloc
                0x0000000008004d4c      0x188 ./Middlewares/Third_Party/FreeRTOS/Source/portable/MemMang/heap_4.o
                0x0000000008004d4c                pvPortMalloc
 .text.vPortFree
                0x0000000008004ed4       0xb4 ./Middlewares/Third_Party/FreeRTOS/Source/portable/MemMang/heap_4.o
                0x0000000008004ed4                vPortFree
 .text.prvHeapInit
                0x0000000008004f88       0xc4 ./Middlewares/Third_Party/FreeRTOS/Source/portable/MemMang/heap_4.o
 .text.prvInsertBlockIntoFreeList
                0x000000000800504c       0xb0 ./Middlewares/Third_Party/FreeRTOS/Source/portable/MemMang/heap_4.o
 .text.__libc_init_array
                0x00000000080050fc       0x48 /opt/st/stm32cubeide_1.6.1/plugins/com.st.stm32cube.ide.mcu.externaltools.gnu-tools-for-stm32.9-2020-q2-update.linux64_2.0.0.202105311346/tools/bin/../lib/gcc/arm-none-eabi/9.3.1/../../../../arm-none-eabi/lib/thumb/v7-m/nofp/libc_nano.a(lib_a-init.o)
                0x00000000080050fc                __libc_init_array
 .text.memcpy   0x0000000008005144       0x1c /opt/st/stm32cubeide_1.6.1/plugins/com.st.stm32cube.ide.mcu.externaltools.gnu-tools-for-stm32.9-2020-q2-update.linux64_2.0.0.202105311346/tools/bin/../lib/gcc/arm-none-eabi/9.3.1/../../../../arm-none-eabi/lib/thumb/v7-m/nofp/libc_nano.a(lib_a-memcpy-stub.o)
                0x0000000008005144                memcpy
 .text.memset   0x0000000008005160       0x10 /opt/st/stm32cubeide_1.6.1/plugins/com.st.stm32cube.ide.mcu.externaltools.gnu-tools-for-stm32.9-2020-q2-update.linux64_2.0.0.202105311346/tools/bin/../lib/gcc/arm-none-eabi/9.3.1/../../../../arm-none-eabi/lib/thumb/v7-m/nofp/libc_nano.a(lib_a-memset.o)
                0x0000000008005160                memset
 *(.glue_7)
 .glue_7        0x0000000008005170        0x0 linker stubs
 *(.glue_7t)
 .glue_7t       0x0000000008005170        0x0 linker stubs
 *(.eh_frame)
 .eh_frame      0x0000000008005170        0x0 /opt/st/stm32cubeide_1.6.1/plugins/com.st.stm32cube.ide.mcu.externaltools.gnu-tools-for-stm32.9-2020-q2-update.linux64_2.0.0.202105311346/tools/bin/../lib/gcc/arm-none-eabi/9.3.1/thumb/v7-m/nofp/crtbegin.o
 *(.init)
 .init          0x0000000008005170        0x4 /opt/st/stm32cubeide_1.6.1/plugins/com.st.stm32cube.ide.mcu.externaltools.gnu-tools-for-stm32.9-2020-q2-update.linux64_2.0.0.202105311346/tools/bin/../lib/gcc/arm-none-eabi/9.3.1/thumb/v7-m/nofp/crti.o
                0x0000000008005170                _init
 .init          0x0000000008005174        0x8 /opt/st/stm32cubeide_1.6.1/plugins/com.st.stm32cube.ide.mcu.externaltools.gnu-tools-for-stm32.9-2020-q2-update.linux64_2.0.0.202105311346/tools/bin/../lib/gcc/arm-none-eabi/9.3.1/thumb/v7-m/nofp/crtn.o
 *(.fini)
 .fini          0x000000000800517c        0x4 /opt/st/stm32cubeide_1.6.1/plugins/com.st.stm32cube.ide.mcu.externaltools.gnu-tools-for-stm32.9-2020-q2-update.linux64_2.0.0.202105311346/tools/bin/../lib/gcc/arm-none-eabi/9.3.1/thumb/v7-m/nofp/crti.o
                0x000000000800517c                _fini
 .fini          0x0000000008005180        0x8 /opt/st/stm32cubeide_1.6.1/plugins/com.st.stm32cube.ide.mcu.externaltools.gnu-tools-for-stm32.9-2020-q2-update.linux64_2.0.0.202105311346/tools/bin/../lib/gcc/arm-none-eabi/9.3.1/thumb/v7-m/nofp/crtn.o
                0x0000000008005188                . = ALIGN (0x4)
                0x0000000008005188                _etext = .

.vfp11_veneer   0x0000000008005188        0x0
 .vfp11_veneer  0x0000000008005188        0x0 linker stubs

.v4_bx          0x0000000008005188        0x0
 .v4_bx         0x0000000008005188        0x0 linker stubs

.iplt           0x0000000008005188        0x0
 .iplt          0x0000000008005188        0x0 /opt/st/stm32cubeide_1.6.1/plugins/com.st.stm32cube.ide.mcu.externaltools.gnu-tools-for-stm32.9-2020-q2-update.linux64_2.0.0.202105311346/tools/bin/../lib/gcc/arm-none-eabi/9.3.1/thumb/v7-m/nofp/crtbegin.o

.rodata         0x0000000008005188       0x70
                0x0000000008005188                . = ALIGN (0x4)
 *(.rodata)
 .rodata        0x0000000008005188        0xc ./Core/Src/main.o
 .rodata        0x0000000008005194       0x10 ./Drivers/STM32F1xx_HAL_Driver/Src/stm32f1xx_hal_rcc.o
 .rodata        0x00000000080051a4        0x5 ./Middlewares/Third_Party/FreeRTOS/Source/tasks.o
 *fill*         0x00000000080051a9        0x3 
 .rodata        0x00000000080051ac        0xd ./Middlewares/Third_Party/FreeRTOS/Source/timers.o
 *(.rodata*)
 *fill*         0x00000000080051b9        0x3 
 .rodata.defaultTask_attributes
                0x00000000080051bc       0x24 ./Core/Src/main.o
                0x00000000080051bc                defaultTask_attributes
 .rodata.AHBPrescTable
                0x00000000080051e0       0x10 ./Core/Src/system_stm32f1xx.o
                0x00000000080051e0                AHBPrescTable
 .rodata.APBPrescTable
                0x00000000080051f0        0x8 ./Core/Src/system_stm32f1xx.o
                0x00000000080051f0                APBPrescTable
                0x00000000080051f8                . = ALIGN (0x4)

.rel.dyn        0x00000000080051f8        0x0
 .rel.iplt      0x00000000080051f8        0x0 /opt/st/stm32cubeide_1.6.1/plugins/com.st.stm32cube.ide.mcu.externaltools.gnu-tools-for-stm32.9-2020-q2-update.linux64_2.0.0.202105311346/tools/bin/../lib/gcc/arm-none-eabi/9.3.1/thumb/v7-m/nofp/crtbegin.o

.ARM.extab      0x00000000080051f8        0x0
                0x00000000080051f8                . = ALIGN (0x4)
 *(.ARM.extab* .gnu.linkonce.armextab.*)
                0x00000000080051f8                . = ALIGN (0x4)

.ARM            0x00000000080051f8        0x0
                0x00000000080051f8                . = ALIGN (0x4)
                0x00000000080051f8                __exidx_start = .
 *(.ARM.exidx*)
                0x00000000080051f8                __exidx_end = .
                0x00000000080051f8                . = ALIGN (0x4)

.preinit_array  0x00000000080051f8        0x0
                0x00000000080051f8                . = ALIGN (0x4)
                0x00000000080051f8                PROVIDE (__preinit_array_start = .)
 *(.preinit_array*)
                0x00000000080051f8                PROVIDE (__preinit_array_end = .)
                0x00000000080051f8                . = ALIGN (0x4)

.init_array     0x00000000080051f8        0x4
                0x00000000080051f8                . = ALIGN (0x4)
                0x00000000080051f8                PROVIDE (__init_array_start = .)
 *(SORT_BY_NAME(.init_array.*))
 *(.init_array*)
 .init_array    0x00000000080051f8        0x4 /opt/st/stm32cubeide_1.6.1/plugins/com.st.stm32cube.ide.mcu.externaltools.gnu-tools-for-stm32.9-2020-q2-update.linux64_2.0.0.202105311346/tools/bin/../lib/gcc/arm-none-eabi/9.3.1/thumb/v7-m/nofp/crtbegin.o
                0x00000000080051fc                PROVIDE (__init_array_end = .)
                0x00000000080051fc                . = ALIGN (0x4)

.fini_array     0x00000000080051fc        0x4
                0x00000000080051fc                . = ALIGN (0x4)
                [!provide]                        PROVIDE (__fini_array_start = .)
 *(SORT_BY_NAME(.fini_array.*))
 *(.fini_array*)
 .fini_array    0x00000000080051fc        0x4 /opt/st/stm32cubeide_1.6.1/plugins/com.st.stm32cube.ide.mcu.externaltools.gnu-tools-for-stm32.9-2020-q2-update.linux64_2.0.0.202105311346/tools/bin/../lib/gcc/arm-none-eabi/9.3.1/thumb/v7-m/nofp/crtbegin.o
                [!provide]                        PROVIDE (__fini_array_end = .)
                0x0000000008005200                . = ALIGN (0x4)
                0x0000000008005200                _sidata = LOADADDR (.data)

.data           0x0000000020000000       0x34 load address 0x0000000008005200
                0x0000000020000000                . = ALIGN (0x4)
                0x0000000020000000                _sdata = .
 *(.data)
 *(.data*)
 .data.buttons  0x0000000020000000        0x4 ./Core/Src/AppDataTypes/buttons.o
                0x0000000020000000                buttons
 .data.lcd      0x0000000020000004        0xc ./Core/Src/AppDataTypes/lcd.o
                0x0000000020000004                lcd
 .data.SystemCoreClock
                0x0000000020000010        0x4 ./Core/Src/system_stm32f1xx.o
                0x0000000020000010                SystemCoreClock
 .data.uwTickPrio
                0x0000000020000014        0x4 ./Drivers/STM32F1xx_HAL_Driver/Src/stm32f1xx_hal.o
                0x0000000020000014                uwTickPrio
 .data.uwTickFreq
                0x0000000020000018        0x1 ./Drivers/STM32F1xx_HAL_Driver/Src/stm32f1xx_hal.o
                0x0000000020000018                uwTickFreq
 .data.Stat     0x0000000020000019        0x1 ./FATFS/Target/user_diskio.o
 *fill*         0x000000002000001a        0x2 
 .data.USER_Driver
                0x000000002000001c       0x14 ./FATFS/Target/user_diskio.o
                0x000000002000001c                USER_Driver
 .data.uxCriticalNesting
                0x0000000020000030        0x4 ./Middlewares/Third_Party/FreeRTOS/Source/portable/GCC/ARM_CM3/port.o
 *(.RamFunc)
 *(.RamFunc*)
                0x0000000020000034                . = ALIGN (0x4)
                0x0000000020000034                _edata = .

.igot.plt       0x0000000020000034        0x0 load address 0x0000000008005234
 .igot.plt      0x0000000020000034        0x0 /opt/st/stm32cubeide_1.6.1/plugins/com.st.stm32cube.ide.mcu.externaltools.gnu-tools-for-stm32.9-2020-q2-update.linux64_2.0.0.202105311346/tools/bin/../lib/gcc/arm-none-eabi/9.3.1/thumb/v7-m/nofp/crtbegin.o
                0x0000000020000034                . = ALIGN (0x4)

.bss            0x0000000020000034     0x1f48 load address 0x0000000008005234
                0x0000000020000034                _sbss = .
                0x0000000020000034                __bss_start__ = _sbss
 *(.bss)
 .bss           0x0000000020000034       0x1c /opt/st/stm32cubeide_1.6.1/plugins/com.st.stm32cube.ide.mcu.externaltools.gnu-tools-for-stm32.9-2020-q2-update.linux64_2.0.0.202105311346/tools/bin/../lib/gcc/arm-none-eabi/9.3.1/thumb/v7-m/nofp/crtbegin.o
 *(.bss*)
 .bss.disk      0x0000000020000050        0xc ./Middlewares/Third_Party/FatFs/src/ff_gen_drv.o
                0x0000000020000050                disk
 .bss.KernelState
                0x000000002000005c        0x4 ./Middlewares/Third_Party/FreeRTOS/Source/CMSIS_RTOS_V2/cmsis_os2.o
 .bss.Idle_TCB  0x0000000020000060       0x5c ./Middlewares/Third_Party/FreeRTOS/Source/CMSIS_RTOS_V2/cmsis_os2.o
 .bss.Idle_Stack
                0x00000000200000bc      0x200 ./Middlewares/Third_Party/FreeRTOS/Source/CMSIS_RTOS_V2/cmsis_os2.o
 .bss.Timer_TCB
                0x00000000200002bc       0x5c ./Middlewares/Third_Party/FreeRTOS/Source/CMSIS_RTOS_V2/cmsis_os2.o
 .bss.Timer_Stack
                0x0000000020000318      0x400 ./Middlewares/Third_Party/FreeRTOS/Source/CMSIS_RTOS_V2/cmsis_os2.o
 .bss.pxCurrentTCB
                0x0000000020000718        0x4 ./Middlewares/Third_Party/FreeRTOS/Source/tasks.o
                0x0000000020000718                pxCurrentTCB
 .bss.pxReadyTasksLists
                0x000000002000071c      0x460 ./Middlewares/Third_Party/FreeRTOS/Source/tasks.o
 .bss.xDelayedTaskList1
                0x0000000020000b7c       0x14 ./Middlewares/Third_Party/FreeRTOS/Source/tasks.o
 .bss.xDelayedTaskList2
                0x0000000020000b90       0x14 ./Middlewares/Third_Party/FreeRTOS/Source/tasks.o
 .bss.pxDelayedTaskList
                0x0000000020000ba4        0x4 ./Middlewares/Third_Party/FreeRTOS/Source/tasks.o
 .bss.pxOverflowDelayedTaskList
                0x0000000020000ba8        0x4 ./Middlewares/Third_Party/FreeRTOS/Source/tasks.o
 .bss.xPendingReadyList
                0x0000000020000bac       0x14 ./Middlewares/Third_Party/FreeRTOS/Source/tasks.o
 .bss.xTasksWaitingTermination
                0x0000000020000bc0       0x14 ./Middlewares/Third_Party/FreeRTOS/Source/tasks.o
 .bss.uxDeletedTasksWaitingCleanUp
                0x0000000020000bd4        0x4 ./Middlewares/Third_Party/FreeRTOS/Source/tasks.o
 .bss.xSuspendedTaskList
                0x0000000020000bd8       0x14 ./Middlewares/Third_Party/FreeRTOS/Source/tasks.o
 .bss.uxCurrentNumberOfTasks
                0x0000000020000bec        0x4 ./Middlewares/Third_Party/FreeRTOS/Source/tasks.o
 .bss.xTickCount
                0x0000000020000bf0        0x4 ./Middlewares/Third_Party/FreeRTOS/Source/tasks.o
 .bss.uxTopReadyPriority
                0x0000000020000bf4        0x4 ./Middlewares/Third_Party/FreeRTOS/Source/tasks.o
 .bss.xSchedulerRunning
                0x0000000020000bf8        0x4 ./Middlewares/Third_Party/FreeRTOS/Source/tasks.o
 .bss.uxPendedTicks
                0x0000000020000bfc        0x4 ./Middlewares/Third_Party/FreeRTOS/Source/tasks.o
 .bss.xYieldPending
                0x0000000020000c00        0x4 ./Middlewares/Third_Party/FreeRTOS/Source/tasks.o
 .bss.xNumOfOverflows
                0x0000000020000c04        0x4 ./Middlewares/Third_Party/FreeRTOS/Source/tasks.o
 .bss.uxTaskNumber
                0x0000000020000c08        0x4 ./Middlewares/Third_Party/FreeRTOS/Source/tasks.o
 .bss.xNextTaskUnblockTime
                0x0000000020000c0c        0x4 ./Middlewares/Third_Party/FreeRTOS/Source/tasks.o
 .bss.xIdleTaskHandle
                0x0000000020000c10        0x4 ./Middlewares/Third_Party/FreeRTOS/Source/tasks.o
 .bss.uxSchedulerSuspended
                0x0000000020000c14        0x4 ./Middlewares/Third_Party/FreeRTOS/Source/tasks.o
 .bss.xActiveTimerList1
                0x0000000020000c18       0x14 ./Middlewares/Third_Party/FreeRTOS/Source/timers.o
 .bss.xActiveTimerList2
                0x0000000020000c2c       0x14 ./Middlewares/Third_Party/FreeRTOS/Source/timers.o
 .bss.pxCurrentTimerList
                0x0000000020000c40        0x4 ./Middlewares/Third_Party/FreeRTOS/Source/timers.o
 .bss.pxOverflowTimerList
                0x0000000020000c44        0x4 ./Middlewares/Third_Party/FreeRTOS/Source/timers.o
 .bss.xTimerQueue
                0x0000000020000c48        0x4 ./Middlewares/Third_Party/FreeRTOS/Source/timers.o
 .bss.xTimerTaskHandle
                0x0000000020000c4c        0x4 ./Middlewares/Third_Party/FreeRTOS/Source/timers.o
 .bss.xLastTime.5526
                0x0000000020000c50        0x4 ./Middlewares/Third_Party/FreeRTOS/Source/timers.o
 .bss.ucStaticTimerQueueStorage.5577
                0x0000000020000c54       0xa0 ./Middlewares/Third_Party/FreeRTOS/Source/timers.o
 .bss.xStaticTimerQueue.5576
                0x0000000020000cf4       0x50 ./Middlewares/Third_Party/FreeRTOS/Source/timers.o
 .bss.ucMaxSysCallPriority
                0x0000000020000d44        0x1 ./Middlewares/Third_Party/FreeRTOS/Source/portable/GCC/ARM_CM3/port.o
 *fill*         0x0000000020000d45        0x3 
 .bss.ulMaxPRIGROUPValue
                0x0000000020000d48        0x4 ./Middlewares/Third_Party/FreeRTOS/Source/portable/GCC/ARM_CM3/port.o
 .bss.ucHeap    0x0000000020000d4c      0xc00 ./Middlewares/Third_Party/FreeRTOS/Source/portable/MemMang/heap_4.o
 .bss.xStart    0x000000002000194c        0x8 ./Middlewares/Third_Party/FreeRTOS/Source/portable/MemMang/heap_4.o
 .bss.pxEnd     0x0000000020001954        0x4 ./Middlewares/Third_Party/FreeRTOS/Source/portable/MemMang/heap_4.o
 .bss.xFreeBytesRemaining
                0x0000000020001958        0x4 ./Middlewares/Third_Party/FreeRTOS/Source/portable/MemMang/heap_4.o
 .bss.xMinimumEverFreeBytesRemaining
                0x000000002000195c        0x4 ./Middlewares/Third_Party/FreeRTOS/Source/portable/MemMang/heap_4.o
 .bss.xBlockAllocatedBit
                0x0000000020001960        0x4 ./Middlewares/Third_Party/FreeRTOS/Source/portable/MemMang/heap_4.o
 *(COMMON)
 COMMON         0x0000000020001964      0x16c ./Core/Src/main.o
                0x0000000020001964                defaultTaskHandle
                0x0000000020001968                Mathias
                0x000000002000196c                hadc1
                0x000000002000199c                Estado
                0x00000000200019a0                huart1
                0x00000000200019e4                htim1
                0x0000000020001a2c                hspi1
                0x0000000020001a84                htim2
                0x0000000020001acc                Fumou
 COMMON         0x0000000020001ad0        0x4 ./Drivers/STM32F1xx_HAL_Driver/Src/stm32f1xx_hal.o
                0x0000000020001ad0                uwTick
 COMMON         0x0000000020001ad4      0x468 ./FATFS/App/fatfs.o
                0x0000000020001ad4                USERPath
                0x0000000020001ad8                retUSER
                0x0000000020001adc                USERFile
                0x0000000020001d08                USERFatFS
 COMMON         0x0000000020001f3c       0x40 ./Middlewares/Third_Party/FreeRTOS/Source/queue.o
                0x0000000020001f3c                xQueueRegistry
                0x0000000020001f7c                . = ALIGN (0x4)
                0x0000000020001f7c                _ebss = .
                0x0000000020001f7c                __bss_end__ = _ebss

._user_heap_stack
                0x0000000020001f7c      0x604 load address 0x0000000008005234
                0x0000000020001f80                . = ALIGN (0x8)
 *fill*         0x0000000020001f7c        0x4 
                [!provide]                        PROVIDE (end = .)
                0x0000000020001f80                PROVIDE (_end = .)
                0x0000000020002180                . = (. + _Min_Heap_Size)
 *fill*         0x0000000020001f80      0x200 
                0x0000000020002580                . = (. + _Min_Stack_Size)
 *fill*         0x0000000020002180      0x400 
                0x0000000020002580                . = ALIGN (0x8)

/DISCARD/
 libc.a(*)
 libm.a(*)
 libgcc.a(*)

.ARM.attributes
                0x0000000000000000       0x29
 *(.ARM.attributes)
 .ARM.attributes
                0x0000000000000000       0x1d /opt/st/stm32cubeide_1.6.1/plugins/com.st.stm32cube.ide.mcu.externaltools.gnu-tools-for-stm32.9-2020-q2-update.linux64_2.0.0.202105311346/tools/bin/../lib/gcc/arm-none-eabi/9.3.1/thumb/v7-m/nofp/crti.o
 .ARM.attributes
                0x000000000000001d       0x2d /opt/st/stm32cubeide_1.6.1/plugins/com.st.stm32cube.ide.mcu.externaltools.gnu-tools-for-stm32.9-2020-q2-update.linux64_2.0.0.202105311346/tools/bin/../lib/gcc/arm-none-eabi/9.3.1/thumb/v7-m/nofp/crtbegin.o
 .ARM.attributes
                0x000000000000004a       0x2d ./Core/Src/AppDataTypes/buttons.o
 .ARM.attributes
                0x0000000000000077       0x2d ./Core/Src/AppDataTypes/lcd.o
 .ARM.attributes
                0x00000000000000a4       0x2d ./Core/Src/main.o
 .ARM.attributes
                0x00000000000000d1       0x2d ./Core/Src/main_state_machine_functions.o
 .ARM.attributes
                0x00000000000000fe       0x2d ./Core/Src/stm32f1xx_hal_msp.o
 .ARM.attributes
                0x000000000000012b       0x2d ./Core/Src/stm32f1xx_it.o
 .ARM.attributes
                0x0000000000000158       0x2d ./Core/Src/system_stm32f1xx.o
 .ARM.attributes
                0x0000000000000185       0x21 ./Core/Startup/startup_stm32f103c8tx.o
 .ARM.attributes
                0x00000000000001a6       0x2d ./Drivers/STM32F1xx_HAL_Driver/Src/stm32f1xx_hal.o
 .ARM.attributes
                0x00000000000001d3       0x2d ./Drivers/STM32F1xx_HAL_Driver/Src/stm32f1xx_hal_adc.o
 .ARM.attributes
                0x0000000000000200       0x2d ./Drivers/STM32F1xx_HAL_Driver/Src/stm32f1xx_hal_cortex.o
 .ARM.attributes
                0x000000000000022d       0x2d ./Drivers/STM32F1xx_HAL_Driver/Src/stm32f1xx_hal_gpio.o
 .ARM.attributes
                0x000000000000025a       0x2d ./Drivers/STM32F1xx_HAL_Driver/Src/stm32f1xx_hal_rcc.o
 .ARM.attributes
                0x0000000000000287       0x2d ./Drivers/STM32F1xx_HAL_Driver/Src/stm32f1xx_hal_rcc_ex.o
 .ARM.attributes
                0x00000000000002b4       0x2d ./Drivers/STM32F1xx_HAL_Driver/Src/stm32f1xx_hal_spi.o
 .ARM.attributes
                0x00000000000002e1       0x2d ./Drivers/STM32F1xx_HAL_Driver/Src/stm32f1xx_hal_tim.o
 .ARM.attributes
                0x000000000000030e       0x2d ./Drivers/STM32F1xx_HAL_Driver/Src/stm32f1xx_hal_tim_ex.o
 .ARM.attributes
                0x000000000000033b       0x2d ./Drivers/STM32F1xx_HAL_Driver/Src/stm32f1xx_hal_uart.o
 .ARM.attributes
                0x0000000000000368       0x2d ./FATFS/App/fatfs.o
 .ARM.attributes
                0x0000000000000395       0x2d ./FATFS/Target/user_diskio.o
 .ARM.attributes
                0x00000000000003c2       0x2d ./Middlewares/Third_Party/FatFs/src/ff_gen_drv.o
 .ARM.attributes
                0x00000000000003ef       0x2d ./Middlewares/Third_Party/FreeRTOS/Source/CMSIS_RTOS_V2/cmsis_os2.o
 .ARM.attributes
                0x000000000000041c       0x2d ./Middlewares/Third_Party/FreeRTOS/Source/list.o
 .ARM.attributes
                0x0000000000000449       0x2d ./Middlewares/Third_Party/FreeRTOS/Source/queue.o
 .ARM.attributes
                0x0000000000000476       0x2d ./Middlewares/Third_Party/FreeRTOS/Source/tasks.o
 .ARM.attributes
                0x00000000000004a3       0x2d ./Middlewares/Third_Party/FreeRTOS/Source/timers.o
 .ARM.attributes
                0x00000000000004d0       0x2d ./Middlewares/Third_Party/FreeRTOS/Source/portable/GCC/ARM_CM3/port.o
 .ARM.attributes
                0x00000000000004fd       0x2d ./Middlewares/Third_Party/FreeRTOS/Source/portable/MemMang/heap_4.o
 .ARM.attributes
                0x000000000000052a       0x2d /opt/st/stm32cubeide_1.6.1/plugins/com.st.stm32cube.ide.mcu.externaltools.gnu-tools-for-stm32.9-2020-q2-update.linux64_2.0.0.202105311346/tools/bin/../lib/gcc/arm-none-eabi/9.3.1/../../../../arm-none-eabi/lib/thumb/v7-m/nofp/libc_nano.a(lib_a-init.o)
 .ARM.attributes
                0x0000000000000557       0x2d /opt/st/stm32cubeide_1.6.1/plugins/com.st.stm32cube.ide.mcu.externaltools.gnu-tools-for-stm32.9-2020-q2-update.linux64_2.0.0.202105311346/tools/bin/../lib/gcc/arm-none-eabi/9.3.1/../../../../arm-none-eabi/lib/thumb/v7-m/nofp/libc_nano.a(lib_a-memcpy-stub.o)
 .ARM.attributes
                0x0000000000000584       0x2d /opt/st/stm32cubeide_1.6.1/plugins/com.st.stm32cube.ide.mcu.externaltools.gnu-tools-for-stm32.9-2020-q2-update.linux64_2.0.0.202105311346/tools/bin/../lib/gcc/arm-none-eabi/9.3.1/../../../../arm-none-eabi/lib/thumb/v7-m/nofp/libc_nano.a(lib_a-memset.o)
 .ARM.attributes
                0x00000000000005b1       0x1d /opt/st/stm32cubeide_1.6.1/plugins/com.st.stm32cube.ide.mcu.externaltools.gnu-tools-for-stm32.9-2020-q2-update.linux64_2.0.0.202105311346/tools/bin/../lib/gcc/arm-none-eabi/9.3.1/thumb/v7-m/nofp/crtn.o
OUTPUT(Firmware_CDPulsos.elf elf32-littlearm)
LOAD linker stubs
LOAD /opt/st/stm32cubeide_1.6.1/plugins/com.st.stm32cube.ide.mcu.externaltools.gnu-tools-for-stm32.9-2020-q2-update.linux64_2.0.0.202105311346/tools/bin/../lib/gcc/arm-none-eabi/9.3.1/../../../../arm-none-eabi/lib/thumb/v7-m/nofp/libc.a
LOAD /opt/st/stm32cubeide_1.6.1/plugins/com.st.stm32cube.ide.mcu.externaltools.gnu-tools-for-stm32.9-2020-q2-update.linux64_2.0.0.202105311346/tools/bin/../lib/gcc/arm-none-eabi/9.3.1/../../../../arm-none-eabi/lib/thumb/v7-m/nofp/libm.a
LOAD /opt/st/stm32cubeide_1.6.1/plugins/com.st.stm32cube.ide.mcu.externaltools.gnu-tools-for-stm32.9-2020-q2-update.linux64_2.0.0.202105311346/tools/bin/../lib/gcc/arm-none-eabi/9.3.1/thumb/v7-m/nofp/libgcc.a

.debug_info     0x0000000000000000    0x1b426
 .debug_info    0x0000000000000000      0x1dc ./Core/Src/AppDataTypes/buttons.o
 .debug_info    0x00000000000001dc      0x237 ./Core/Src/AppDataTypes/lcd.o
 .debug_info    0x0000000000000413     0x1ba4 ./Core/Src/main.o
 .debug_info    0x0000000000001fb7      0x27c ./Core/Src/main_state_machine_functions.o
 .debug_info    0x0000000000002233     0x141b ./Core/Src/stm32f1xx_hal_msp.o
 .debug_info    0x000000000000364e      0x211 ./Core/Src/stm32f1xx_it.o
 .debug_info    0x000000000000385f      0x2be ./Core/Src/system_stm32f1xx.o
 .debug_info    0x0000000000003b1d       0x22 ./Core/Startup/startup_stm32f103c8tx.o
 .debug_info    0x0000000000003b3f      0x76a ./Drivers/STM32F1xx_HAL_Driver/Src/stm32f1xx_hal.o
 .debug_info    0x00000000000042a9      0xd2d ./Drivers/STM32F1xx_HAL_Driver/Src/stm32f1xx_hal_adc.o
 .debug_info    0x0000000000004fd6      0xbdc ./Drivers/STM32F1xx_HAL_Driver/Src/stm32f1xx_hal_cortex.o
 .debug_info    0x0000000000005bb2      0x701 ./Drivers/STM32F1xx_HAL_Driver/Src/stm32f1xx_hal_gpio.o
 .debug_info    0x00000000000062b3      0x88e ./Drivers/STM32F1xx_HAL_Driver/Src/stm32f1xx_hal_rcc.o
 .debug_info    0x0000000000006b41      0x480 ./Drivers/STM32F1xx_HAL_Driver/Src/stm32f1xx_hal_rcc_ex.o
 .debug_info    0x0000000000006fc1     0x16bf ./Drivers/STM32F1xx_HAL_Driver/Src/stm32f1xx_hal_spi.o
 .debug_info    0x0000000000008680     0x2a45 ./Drivers/STM32F1xx_HAL_Driver/Src/stm32f1xx_hal_tim.o
 .debug_info    0x000000000000b0c5     0x14d5 ./Drivers/STM32F1xx_HAL_Driver/Src/stm32f1xx_hal_tim_ex.o
 .debug_info    0x000000000000c59a     0x161a ./Drivers/STM32F1xx_HAL_Driver/Src/stm32f1xx_hal_uart.o
 .debug_info    0x000000000000dbb4      0x602 ./FATFS/App/fatfs.o
 .debug_info    0x000000000000e1b6      0xced ./FATFS/Target/user_diskio.o
 .debug_info    0x000000000000eea3      0x495 ./Middlewares/Third_Party/FatFs/src/ff_gen_drv.o
 .debug_info    0x000000000000f338     0x3cd3 ./Middlewares/Third_Party/FreeRTOS/Source/CMSIS_RTOS_V2/cmsis_os2.o
 .debug_info    0x000000000001300b      0xb7c ./Middlewares/Third_Party/FreeRTOS/Source/list.o
 .debug_info    0x0000000000013b87     0x22de ./Middlewares/Third_Party/FreeRTOS/Source/queue.o
 .debug_info    0x0000000000015e65     0x29ae ./Middlewares/Third_Party/FreeRTOS/Source/tasks.o
 .debug_info    0x0000000000018813     0x1afb ./Middlewares/Third_Party/FreeRTOS/Source/timers.o
 .debug_info    0x000000000001a30e      0x4a1 ./Middlewares/Third_Party/FreeRTOS/Source/portable/GCC/ARM_CM3/port.o
 .debug_info    0x000000000001a7af      0xc77 ./Middlewares/Third_Party/FreeRTOS/Source/portable/MemMang/heap_4.o

.debug_abbrev   0x0000000000000000     0x3c80
 .debug_abbrev  0x0000000000000000      0x100 ./Core/Src/AppDataTypes/buttons.o
 .debug_abbrev  0x0000000000000100      0x14c ./Core/Src/AppDataTypes/lcd.o
 .debug_abbrev  0x000000000000024c      0x359 ./Core/Src/main.o
 .debug_abbrev  0x00000000000005a5      0x13d ./Core/Src/main_state_machine_functions.o
 .debug_abbrev  0x00000000000006e2      0x206 ./Core/Src/stm32f1xx_hal_msp.o
 .debug_abbrev  0x00000000000008e8       0xd2 ./Core/Src/stm32f1xx_it.o
 .debug_abbrev  0x00000000000009ba      0x14e ./Core/Src/system_stm32f1xx.o
 .debug_abbrev  0x0000000000000b08       0x12 ./Core/Startup/startup_stm32f103c8tx.o
 .debug_abbrev  0x0000000000000b1a      0x1ed ./Drivers/STM32F1xx_HAL_Driver/Src/stm32f1xx_hal.o
 .debug_abbrev  0x0000000000000d07      0x1fb ./Drivers/STM32F1xx_HAL_Driver/Src/stm32f1xx_hal_adc.o
 .debug_abbrev  0x0000000000000f02      0x313 ./Drivers/STM32F1xx_HAL_Driver/Src/stm32f1xx_hal_cortex.o
 .debug_abbrev  0x0000000000001215      0x1e8 ./Drivers/STM32F1xx_HAL_Driver/Src/stm32f1xx_hal_gpio.o
 .debug_abbrev  0x00000000000013fd      0x273 ./Drivers/STM32F1xx_HAL_Driver/Src/stm32f1xx_hal_rcc.o
 .debug_abbrev  0x0000000000001670      0x193 ./Drivers/STM32F1xx_HAL_Driver/Src/stm32f1xx_hal_rcc_ex.o
 .debug_abbrev  0x0000000000001803      0x26e ./Drivers/STM32F1xx_HAL_Driver/Src/stm32f1xx_hal_spi.o
 .debug_abbrev  0x0000000000001a71      0x25e ./Drivers/STM32F1xx_HAL_Driver/Src/stm32f1xx_hal_tim.o
 .debug_abbrev  0x0000000000001ccf      0x266 ./Drivers/STM32F1xx_HAL_Driver/Src/stm32f1xx_hal_tim_ex.o
 .debug_abbrev  0x0000000000001f35      0x28b ./Drivers/STM32F1xx_HAL_Driver/Src/stm32f1xx_hal_uart.o
 .debug_abbrev  0x00000000000021c0      0x19d ./FATFS/App/fatfs.o
 .debug_abbrev  0x000000000000235d      0x22e ./FATFS/Target/user_diskio.o
 .debug_abbrev  0x000000000000258b      0x1bc ./Middlewares/Third_Party/FatFs/src/ff_gen_drv.o
 .debug_abbrev  0x0000000000002747      0x3ed ./Middlewares/Third_Party/FreeRTOS/Source/CMSIS_RTOS_V2/cmsis_os2.o
 .debug_abbrev  0x0000000000002b34      0x1f7 ./Middlewares/Third_Party/FreeRTOS/Source/list.o
 .debug_abbrev  0x0000000000002d2b      0x3a2 ./Middlewares/Third_Party/FreeRTOS/Source/queue.o
 .debug_abbrev  0x00000000000030cd      0x39a ./Middlewares/Third_Party/FreeRTOS/Source/tasks.o
 .debug_abbrev  0x0000000000003467      0x317 ./Middlewares/Third_Party/FreeRTOS/Source/timers.o
 .debug_abbrev  0x000000000000377e      0x22f ./Middlewares/Third_Party/FreeRTOS/Source/portable/GCC/ARM_CM3/port.o
 .debug_abbrev  0x00000000000039ad      0x2d3 ./Middlewares/Third_Party/FreeRTOS/Source/portable/MemMang/heap_4.o

.debug_aranges  0x0000000000000000     0x16d0
 .debug_aranges
                0x0000000000000000       0x20 ./Core/Src/AppDataTypes/buttons.o
 .debug_aranges
                0x0000000000000020       0x30 ./Core/Src/AppDataTypes/lcd.o
 .debug_aranges
                0x0000000000000050       0x68 ./Core/Src/main.o
 .debug_aranges
                0x00000000000000b8       0x20 ./Core/Src/main_state_machine_functions.o
 .debug_aranges
                0x00000000000000d8       0x60 ./Core/Src/stm32f1xx_hal_msp.o
 .debug_aranges
                0x0000000000000138       0x50 ./Core/Src/stm32f1xx_it.o
 .debug_aranges
                0x0000000000000188       0x28 ./Core/Src/system_stm32f1xx.o
 .debug_aranges
                0x00000000000001b0       0x28 ./Core/Startup/startup_stm32f103c8tx.o
 .debug_aranges
                0x00000000000001d8       0xe0 ./Drivers/STM32F1xx_HAL_Driver/Src/stm32f1xx_hal.o
 .debug_aranges
                0x00000000000002b8       0xf0 ./Drivers/STM32F1xx_HAL_Driver/Src/stm32f1xx_hal_adc.o
 .debug_aranges
                0x00000000000003a8      0x100 ./Drivers/STM32F1xx_HAL_Driver/Src/stm32f1xx_hal_cortex.o
 .debug_aranges
                0x00000000000004a8       0x58 ./Drivers/STM32F1xx_HAL_Driver/Src/stm32f1xx_hal_gpio.o
 .debug_aranges
                0x0000000000000500       0x90 ./Drivers/STM32F1xx_HAL_Driver/Src/stm32f1xx_hal_rcc.o
 .debug_aranges
                0x0000000000000590       0x30 ./Drivers/STM32F1xx_HAL_Driver/Src/stm32f1xx_hal_rcc_ex.o
 .debug_aranges
                0x00000000000005c0      0x1d0 ./Drivers/STM32F1xx_HAL_Driver/Src/stm32f1xx_hal_spi.o
 .debug_aranges
                0x0000000000000790      0x3d0 ./Drivers/STM32F1xx_HAL_Driver/Src/stm32f1xx_hal_tim.o
 .debug_aranges
                0x0000000000000b60      0x168 ./Drivers/STM32F1xx_HAL_Driver/Src/stm32f1xx_hal_tim_ex.o
 .debug_aranges
                0x0000000000000cc8      0x200 ./Drivers/STM32F1xx_HAL_Driver/Src/stm32f1xx_hal_uart.o
 .debug_aranges
                0x0000000000000ec8       0x28 ./FATFS/App/fatfs.o
 .debug_aranges
                0x0000000000000ef0       0x40 ./FATFS/Target/user_diskio.o
 .debug_aranges
                0x0000000000000f30       0x40 ./Middlewares/Third_Party/FatFs/src/ff_gen_drv.o
 .debug_aranges
                0x0000000000000f70      0x228 ./Middlewares/Third_Party/FreeRTOS/Source/CMSIS_RTOS_V2/cmsis_os2.o
 .debug_aranges
                0x0000000000001198       0x40 ./Middlewares/Third_Party/FreeRTOS/Source/list.o
 .debug_aranges
                0x00000000000011d8      0x158 ./Middlewares/Third_Party/FreeRTOS/Source/queue.o
 .debug_aranges
                0x0000000000001330      0x1f8 ./Middlewares/Third_Party/FreeRTOS/Source/tasks.o
 .debug_aranges
                0x0000000000001528       0xe0 ./Middlewares/Third_Party/FreeRTOS/Source/timers.o
 .debug_aranges
                0x0000000000001608       0x78 ./Middlewares/Third_Party/FreeRTOS/Source/portable/GCC/ARM_CM3/port.o
 .debug_aranges
                0x0000000000001680       0x50 ./Middlewares/Third_Party/FreeRTOS/Source/portable/MemMang/heap_4.o

.debug_ranges   0x0000000000000000     0x1548
 .debug_ranges  0x0000000000000000       0x10 ./Core/Src/AppDataTypes/buttons.o
 .debug_ranges  0x0000000000000010       0x20 ./Core/Src/AppDataTypes/lcd.o
 .debug_ranges  0x0000000000000030       0x58 ./Core/Src/main.o
 .debug_ranges  0x0000000000000088       0x10 ./Core/Src/main_state_machine_functions.o
 .debug_ranges  0x0000000000000098       0x50 ./Core/Src/stm32f1xx_hal_msp.o
 .debug_ranges  0x00000000000000e8       0x40 ./Core/Src/stm32f1xx_it.o
 .debug_ranges  0x0000000000000128       0x18 ./Core/Src/system_stm32f1xx.o
 .debug_ranges  0x0000000000000140       0x20 ./Core/Startup/startup_stm32f103c8tx.o
 .debug_ranges  0x0000000000000160       0xd0 ./Drivers/STM32F1xx_HAL_Driver/Src/stm32f1xx_hal.o
 .debug_ranges  0x0000000000000230       0xe0 ./Drivers/STM32F1xx_HAL_Driver/Src/stm32f1xx_hal_adc.o
 .debug_ranges  0x0000000000000310       0xf0 ./Drivers/STM32F1xx_HAL_Driver/Src/stm32f1xx_hal_cortex.o
 .debug_ranges  0x0000000000000400       0x48 ./Drivers/STM32F1xx_HAL_Driver/Src/stm32f1xx_hal_gpio.o
 .debug_ranges  0x0000000000000448       0x80 ./Drivers/STM32F1xx_HAL_Driver/Src/stm32f1xx_hal_rcc.o
 .debug_ranges  0x00000000000004c8       0x20 ./Drivers/STM32F1xx_HAL_Driver/Src/stm32f1xx_hal_rcc_ex.o
 .debug_ranges  0x00000000000004e8      0x1c0 ./Drivers/STM32F1xx_HAL_Driver/Src/stm32f1xx_hal_spi.o
 .debug_ranges  0x00000000000006a8      0x3c0 ./Drivers/STM32F1xx_HAL_Driver/Src/stm32f1xx_hal_tim.o
 .debug_ranges  0x0000000000000a68      0x158 ./Drivers/STM32F1xx_HAL_Driver/Src/stm32f1xx_hal_tim_ex.o
 .debug_ranges  0x0000000000000bc0      0x220 ./Drivers/STM32F1xx_HAL_Driver/Src/stm32f1xx_hal_uart.o
 .debug_ranges  0x0000000000000de0       0x18 ./FATFS/App/fatfs.o
 .debug_ranges  0x0000000000000df8       0x30 ./FATFS/Target/user_diskio.o
 .debug_ranges  0x0000000000000e28       0x30 ./Middlewares/Third_Party/FatFs/src/ff_gen_drv.o
 .debug_ranges  0x0000000000000e58      0x218 ./Middlewares/Third_Party/FreeRTOS/Source/CMSIS_RTOS_V2/cmsis_os2.o
 .debug_ranges  0x0000000000001070       0x30 ./Middlewares/Third_Party/FreeRTOS/Source/list.o
 .debug_ranges  0x00000000000010a0      0x148 ./Middlewares/Third_Party/FreeRTOS/Source/queue.o
 .debug_ranges  0x00000000000011e8      0x1e8 ./Middlewares/Third_Party/FreeRTOS/Source/tasks.o
 .debug_ranges  0x00000000000013d0       0xd0 ./Middlewares/Third_Party/FreeRTOS/Source/timers.o
 .debug_ranges  0x00000000000014a0       0x68 ./Middlewares/Third_Party/FreeRTOS/Source/portable/GCC/ARM_CM3/port.o
 .debug_ranges  0x0000000000001508       0x40 ./Middlewares/Third_Party/FreeRTOS/Source/portable/MemMang/heap_4.o

.debug_macro    0x0000000000000000    0x1a0e8
 .debug_macro   0x0000000000000000      0x1df ./Core/Src/AppDataTypes/buttons.o
 .debug_macro   0x00000000000001df      0xa9c ./Core/Src/AppDataTypes/buttons.o
 .debug_macro   0x0000000000000c7b      0x227 ./Core/Src/AppDataTypes/buttons.o
 .debug_macro   0x0000000000000ea2       0x2e ./Core/Src/AppDataTypes/buttons.o
 .debug_macro   0x0000000000000ed0       0x22 ./Core/Src/AppDataTypes/buttons.o
 .debug_macro   0x0000000000000ef2       0x22 ./Core/Src/AppDataTypes/buttons.o
 .debug_macro   0x0000000000000f14       0x8e ./Core/Src/AppDataTypes/buttons.o
 .debug_macro   0x0000000000000fa2       0x51 ./Core/Src/AppDataTypes/buttons.o
 .debug_macro   0x0000000000000ff3      0x103 ./Core/Src/AppDataTypes/buttons.o
 .debug_macro   0x00000000000010f6       0x6a ./Core/Src/AppDataTypes/buttons.o
 .debug_macro   0x0000000000001160      0x1df ./Core/Src/AppDataTypes/buttons.o
 .debug_macro   0x000000000000133f       0x1c ./Core/Src/AppDataTypes/buttons.o
 .debug_macro   0x000000000000135b       0x22 ./Core/Src/AppDataTypes/buttons.o
 .debug_macro   0x000000000000137d       0xc3 ./Core/Src/AppDataTypes/buttons.o
 .debug_macro   0x0000000000001440      0xd23 ./Core/Src/AppDataTypes/buttons.o
 .debug_macro   0x0000000000002163     0xe09e ./Core/Src/AppDataTypes/buttons.o
 .debug_macro   0x0000000000010201       0x6d ./Core/Src/AppDataTypes/buttons.o
 .debug_macro   0x000000000001026e     0x3468 ./Core/Src/AppDataTypes/buttons.o
 .debug_macro   0x00000000000136d6      0x174 ./Core/Src/AppDataTypes/buttons.o
 .debug_macro   0x000000000001384a       0x5c ./Core/Src/AppDataTypes/buttons.o
 .debug_macro   0x00000000000138a6      0x5be ./Core/Src/AppDataTypes/buttons.o
 .debug_macro   0x0000000000013e64      0x289 ./Core/Src/AppDataTypes/buttons.o
 .debug_macro   0x00000000000140ed      0x1cb ./Core/Src/AppDataTypes/buttons.o
 .debug_macro   0x00000000000142b8      0x114 ./Core/Src/AppDataTypes/buttons.o
 .debug_macro   0x00000000000143cc      0x1b2 ./Core/Src/AppDataTypes/buttons.o
 .debug_macro   0x000000000001457e       0x27 ./Core/Src/AppDataTypes/buttons.o
 .debug_macro   0x00000000000145a5      0x136 ./Core/Src/AppDataTypes/buttons.o
 .debug_macro   0x00000000000146db      0x1bc ./Core/Src/AppDataTypes/buttons.o
 .debug_macro   0x0000000000014897       0x34 ./Core/Src/AppDataTypes/buttons.o
 .debug_macro   0x00000000000148cb       0x3c ./Core/Src/AppDataTypes/buttons.o
 .debug_macro   0x0000000000014907       0x57 ./Core/Src/AppDataTypes/buttons.o
 .debug_macro   0x000000000001495e      0x46a ./Core/Src/AppDataTypes/buttons.o
 .debug_macro   0x0000000000014dc8      0x1b5 ./Core/Src/AppDataTypes/buttons.o
 .debug_macro   0x0000000000014f7d       0x88 ./Core/Src/AppDataTypes/buttons.o
 .debug_macro   0x0000000000015005      0x241 ./Core/Src/AppDataTypes/buttons.o
 .debug_macro   0x0000000000015246      0x141 ./Core/Src/AppDataTypes/buttons.o
 .debug_macro   0x0000000000015387      0x217 ./Core/Src/AppDataTypes/buttons.o
 .debug_macro   0x000000000001559e      0x8d1 ./Core/Src/AppDataTypes/buttons.o
 .debug_macro   0x0000000000015e6f      0x279 ./Core/Src/AppDataTypes/buttons.o
 .debug_macro   0x00000000000160e8       0x83 ./Core/Src/AppDataTypes/buttons.o
 .debug_macro   0x000000000001616b       0x58 ./Core/Src/AppDataTypes/buttons.o
 .debug_macro   0x00000000000161c3       0x16 ./Core/Src/AppDataTypes/buttons.o
 .debug_macro   0x00000000000161d9      0x1de ./Core/Src/AppDataTypes/lcd.o
 .debug_macro   0x00000000000163b7      0x2d3 ./Core/Src/main.o
 .debug_macro   0x000000000001668a       0x5b ./Core/Src/main.o
 .debug_macro   0x00000000000166e5       0x74 ./Core/Src/main.o
 .debug_macro   0x0000000000016759      0x11c ./Core/Src/main.o
 .debug_macro   0x0000000000016875       0xdd ./Core/Src/main.o
 .debug_macro   0x0000000000016952       0xde ./Core/Src/main.o
 .debug_macro   0x0000000000016a30       0xf5 ./Core/Src/main.o
 .debug_macro   0x0000000000016b25       0x8e ./Core/Src/main.o
 .debug_macro   0x0000000000016bb3      0x209 ./Core/Src/main_state_machine_functions.o
 .debug_macro   0x0000000000016dbc      0x1d0 ./Core/Src/stm32f1xx_hal_msp.o
 .debug_macro   0x0000000000016f8c      0x242 ./Core/Src/stm32f1xx_it.o
 .debug_macro   0x00000000000171ce      0x1c1 ./Core/Src/system_stm32f1xx.o
 .debug_macro   0x000000000001738f      0x1e5 ./Drivers/STM32F1xx_HAL_Driver/Src/stm32f1xx_hal.o
 .debug_macro   0x0000000000017574      0x1de ./Drivers/STM32F1xx_HAL_Driver/Src/stm32f1xx_hal_adc.o
 .debug_macro   0x0000000000017752      0x1c1 ./Drivers/STM32F1xx_HAL_Driver/Src/stm32f1xx_hal_cortex.o
 .debug_macro   0x0000000000017913      0x22c ./Drivers/STM32F1xx_HAL_Driver/Src/stm32f1xx_hal_gpio.o
 .debug_macro   0x0000000000017b3f      0x1d3 ./Drivers/STM32F1xx_HAL_Driver/Src/stm32f1xx_hal_rcc.o
 .debug_macro   0x0000000000017d12      0x1c1 ./Drivers/STM32F1xx_HAL_Driver/Src/stm32f1xx_hal_rcc_ex.o
 .debug_macro   0x0000000000017ed3      0x1c9 ./Drivers/STM32F1xx_HAL_Driver/Src/stm32f1xx_hal_spi.o
 .debug_macro   0x000000000001809c      0x1c2 ./Drivers/STM32F1xx_HAL_Driver/Src/stm32f1xx_hal_tim.o
 .debug_macro   0x000000000001825e      0x1c1 ./Drivers/STM32F1xx_HAL_Driver/Src/stm32f1xx_hal_tim_ex.o
 .debug_macro   0x000000000001841f      0x1c2 ./Drivers/STM32F1xx_HAL_Driver/Src/stm32f1xx_hal_uart.o
 .debug_macro   0x00000000000185e1      0x296 ./FATFS/App/fatfs.o
 .debug_macro   0x0000000000018877       0xd8 ./FATFS/App/fatfs.o
 .debug_macro   0x000000000001894f      0x34b ./FATFS/Target/user_diskio.o
 .debug_macro   0x0000000000018c9a       0x10 ./FATFS/Target/user_diskio.o
 .debug_macro   0x0000000000018caa       0x20 ./FATFS/Target/user_diskio.o
 .debug_macro   0x0000000000018cca       0x16 ./FATFS/Target/user_diskio.o
 .debug_macro   0x0000000000018ce0       0x7c ./FATFS/Target/user_diskio.o
 .debug_macro   0x0000000000018d5c       0xbd ./FATFS/Target/user_diskio.o
 .debug_macro   0x0000000000018e19       0x56 ./FATFS/Target/user_diskio.o
 .debug_macro   0x0000000000018e6f      0x283 ./Middlewares/Third_Party/FatFs/src/ff_gen_drv.o
 .debug_macro   0x00000000000190f2      0x247 ./Middlewares/Third_Party/FreeRTOS/Source/CMSIS_RTOS_V2/cmsis_os2.o
 .debug_macro   0x0000000000019339       0x10 ./Middlewares/Third_Party/FreeRTOS/Source/CMSIS_RTOS_V2/cmsis_os2.o
 .debug_macro   0x0000000000019349       0xb7 ./Middlewares/Third_Party/FreeRTOS/Source/CMSIS_RTOS_V2/cmsis_os2.o
 .debug_macro   0x0000000000019400       0x91 ./Middlewares/Third_Party/FreeRTOS/Source/CMSIS_RTOS_V2/cmsis_os2.o
 .debug_macro   0x0000000000019491       0x8d ./Middlewares/Third_Party/FreeRTOS/Source/CMSIS_RTOS_V2/cmsis_os2.o
 .debug_macro   0x000000000001951e       0x9a ./Middlewares/Third_Party/FreeRTOS/Source/CMSIS_RTOS_V2/cmsis_os2.o
 .debug_macro   0x00000000000195b8      0x187 ./Middlewares/Third_Party/FreeRTOS/Source/list.o
 .debug_macro   0x000000000001973f      0x212 ./Middlewares/Third_Party/FreeRTOS/Source/queue.o
 .debug_macro   0x0000000000019951       0x16 ./Middlewares/Third_Party/FreeRTOS/Source/queue.o
 .debug_macro   0x0000000000019967      0x287 ./Middlewares/Third_Party/FreeRTOS/Source/tasks.o
 .debug_macro   0x0000000000019bee       0x10 ./Middlewares/Third_Party/FreeRTOS/Source/tasks.o
 .debug_macro   0x0000000000019bfe      0x1ca ./Middlewares/Third_Party/FreeRTOS/Source/timers.o
 .debug_macro   0x0000000000019dc8      0x172 ./Middlewares/Third_Party/FreeRTOS/Source/portable/GCC/ARM_CM3/port.o
 .debug_macro   0x0000000000019f3a      0x1ae ./Middlewares/Third_Party/FreeRTOS/Source/portable/MemMang/heap_4.o

.debug_line     0x0000000000000000    0x193ff
 .debug_line    0x0000000000000000      0x6c3 ./Core/Src/AppDataTypes/buttons.o
 .debug_line    0x00000000000006c3      0x6df ./Core/Src/AppDataTypes/lcd.o
 .debug_line    0x0000000000000da2      0xb6a ./Core/Src/main.o
 .debug_line    0x000000000000190c      0x719 ./Core/Src/main_state_machine_functions.o
 .debug_line    0x0000000000002025      0x804 ./Core/Src/stm32f1xx_hal_msp.o
 .debug_line    0x0000000000002829      0x848 ./Core/Src/stm32f1xx_it.o
 .debug_line    0x0000000000003071      0x71f ./Core/Src/system_stm32f1xx.o
 .debug_line    0x0000000000003790       0x87 ./Core/Startup/startup_stm32f103c8tx.o
 .debug_line    0x0000000000003817      0x94c ./Drivers/STM32F1xx_HAL_Driver/Src/stm32f1xx_hal.o
 .debug_line    0x0000000000004163      0xfc3 ./Drivers/STM32F1xx_HAL_Driver/Src/stm32f1xx_hal_adc.o
 .debug_line    0x0000000000005126      0xb34 ./Drivers/STM32F1xx_HAL_Driver/Src/stm32f1xx_hal_cortex.o
 .debug_line    0x0000000000005c5a      0x9e3 ./Drivers/STM32F1xx_HAL_Driver/Src/stm32f1xx_hal_gpio.o
 .debug_line    0x000000000000663d      0xd5a ./Drivers/STM32F1xx_HAL_Driver/Src/stm32f1xx_hal_rcc.o
 .debug_line    0x0000000000007397      0x898 ./Drivers/STM32F1xx_HAL_Driver/Src/stm32f1xx_hal_rcc_ex.o
 .debug_line    0x0000000000007c2f     0x1bd1 ./Drivers/STM32F1xx_HAL_Driver/Src/stm32f1xx_hal_spi.o
 .debug_line    0x0000000000009800     0x32f5 ./Drivers/STM32F1xx_HAL_Driver/Src/stm32f1xx_hal_tim.o
 .debug_line    0x000000000000caf5     0x1874 ./Drivers/STM32F1xx_HAL_Driver/Src/stm32f1xx_hal_tim_ex.o
 .debug_line    0x000000000000e369     0x1a27 ./Drivers/STM32F1xx_HAL_Driver/Src/stm32f1xx_hal_uart.o
 .debug_line    0x000000000000fd90      0x880 ./FATFS/App/fatfs.o
 .debug_line    0x0000000000010610      0xa04 ./FATFS/Target/user_diskio.o
 .debug_line    0x0000000000011014      0x90e ./Middlewares/Third_Party/FatFs/src/ff_gen_drv.o
 .debug_line    0x0000000000011922     0x242b ./Middlewares/Third_Party/FreeRTOS/Source/CMSIS_RTOS_V2/cmsis_os2.o
 .debug_line    0x0000000000013d4d      0x6dd ./Middlewares/Third_Party/FreeRTOS/Source/list.o
 .debug_line    0x000000000001442a     0x16a0 ./Middlewares/Third_Party/FreeRTOS/Source/queue.o
 .debug_line    0x0000000000015aca     0x1cf8 ./Middlewares/Third_Party/FreeRTOS/Source/tasks.o
 .debug_line    0x00000000000177c2      0xc6d ./Middlewares/Third_Party/FreeRTOS/Source/timers.o
 .debug_line    0x000000000001842f      0x731 ./Middlewares/Third_Party/FreeRTOS/Source/portable/GCC/ARM_CM3/port.o
 .debug_line    0x0000000000018b60      0x89f ./Middlewares/Third_Party/FreeRTOS/Source/portable/MemMang/heap_4.o

.debug_str      0x0000000000000000    0x9a9a9
 .debug_str     0x0000000000000000    0x8907e ./Core/Src/AppDataTypes/buttons.o
                                      0x893c3 (size before relaxing)
 .debug_str     0x000000000008907e       0x5d ./Core/Src/AppDataTypes/lcd.o
                                      0x89399 (size before relaxing)
 .debug_str     0x00000000000890db     0x5132 ./Core/Src/main.o
                                      0x8e6a3 (size before relaxing)
 .debug_str     0x000000000008e20d       0x44 ./Core/Src/main_state_machine_functions.o
                                      0x8946e (size before relaxing)
 .debug_str     0x000000000008e251      0x366 ./Core/Src/stm32f1xx_hal_msp.o
                                      0x8a0e5 (size before relaxing)
 .debug_str     0x000000000008e5b7      0xde0 ./Core/Src/stm32f1xx_it.o
                                      0x8ccb9 (size before relaxing)
 .debug_str     0x000000000008f397       0x52 ./Core/Src/system_stm32f1xx.o
                                      0x892a9 (size before relaxing)
 .debug_str     0x000000000008f3e9       0x36 ./Core/Startup/startup_stm32f103c8tx.o
                                         0x88 (size before relaxing)
 .debug_str     0x000000000008f41f      0x2fa ./Drivers/STM32F1xx_HAL_Driver/Src/stm32f1xx_hal.o
                                      0x8993a (size before relaxing)
 .debug_str     0x000000000008f719      0x357 ./Drivers/STM32F1xx_HAL_Driver/Src/stm32f1xx_hal_adc.o
                                      0x89939 (size before relaxing)
 .debug_str     0x000000000008fa70      0x2f7 ./Drivers/STM32F1xx_HAL_Driver/Src/stm32f1xx_hal_cortex.o
                                      0x89942 (size before relaxing)
 .debug_str     0x000000000008fd67      0x324 ./Drivers/STM32F1xx_HAL_Driver/Src/stm32f1xx_hal_gpio.o
                                      0x8966d (size before relaxing)
 .debug_str     0x000000000009008b      0x24f ./Drivers/STM32F1xx_HAL_Driver/Src/stm32f1xx_hal_rcc.o
                                      0x896a6 (size before relaxing)
 .debug_str     0x00000000000902da       0xb9 ./Drivers/STM32F1xx_HAL_Driver/Src/stm32f1xx_hal_rcc_ex.o
                                      0x89433 (size before relaxing)
 .debug_str     0x0000000000090393      0x543 ./Drivers/STM32F1xx_HAL_Driver/Src/stm32f1xx_hal_spi.o
                                      0x89bb5 (size before relaxing)
 .debug_str     0x00000000000908d6      0xe1b ./Drivers/STM32F1xx_HAL_Driver/Src/stm32f1xx_hal_tim.o
                                      0x8a678 (size before relaxing)
 .debug_str     0x00000000000916f1      0x4ee ./Drivers/STM32F1xx_HAL_Driver/Src/stm32f1xx_hal_tim_ex.o
                                      0x89e29 (size before relaxing)
 .debug_str     0x0000000000091bdf      0x5de ./Drivers/STM32F1xx_HAL_Driver/Src/stm32f1xx_hal_uart.o
                                      0x89c98 (size before relaxing)
 .debug_str     0x00000000000921bd       0x2f ./FATFS/App/fatfs.o
                                      0x8d353 (size before relaxing)
 .debug_str     0x00000000000921ec     0x31f2 ./FATFS/Target/user_diskio.o
                                      0x9048a (size before relaxing)
 .debug_str     0x00000000000953de       0xcb ./Middlewares/Third_Party/FatFs/src/ff_gen_drv.o
                                      0x8d2cc (size before relaxing)
 .debug_str     0x00000000000954a9     0x2812 ./Middlewares/Third_Party/FreeRTOS/Source/CMSIS_RTOS_V2/cmsis_os2.o
                                       0xe0ad (size before relaxing)
 .debug_str     0x0000000000097cbb      0x225 ./Middlewares/Third_Party/FreeRTOS/Source/list.o
                                       0xa706 (size before relaxing)
 .debug_str     0x0000000000097ee0      0x8fd ./Middlewares/Third_Party/FreeRTOS/Source/queue.o
                                       0xbf30 (size before relaxing)
 .debug_str     0x00000000000987dd     0x12f3 ./Middlewares/Third_Party/FreeRTOS/Source/tasks.o
                                       0xcb46 (size before relaxing)
 .debug_str     0x0000000000099ad0      0x586 ./Middlewares/Third_Party/FreeRTOS/Source/timers.o
                                       0xc44e (size before relaxing)
 .debug_str     0x000000000009a056      0x702 ./Middlewares/Third_Party/FreeRTOS/Source/portable/GCC/ARM_CM3/port.o
                                       0x8064 (size before relaxing)
 .debug_str     0x000000000009a758      0x251 ./Middlewares/Third_Party/FreeRTOS/Source/portable/MemMang/heap_4.o
                                       0xae29 (size before relaxing)

.comment        0x0000000000000000       0x53
 .comment       0x0000000000000000       0x53 ./Core/Src/AppDataTypes/buttons.o
                                         0x54 (size before relaxing)
 .comment       0x0000000000000053       0x54 ./Core/Src/AppDataTypes/lcd.o
 .comment       0x0000000000000053       0x54 ./Core/Src/main.o
 .comment       0x0000000000000053       0x54 ./Core/Src/main_state_machine_functions.o
 .comment       0x0000000000000053       0x54 ./Core/Src/stm32f1xx_hal_msp.o
 .comment       0x0000000000000053       0x54 ./Core/Src/stm32f1xx_it.o
 .comment       0x0000000000000053       0x54 ./Core/Src/system_stm32f1xx.o
 .comment       0x0000000000000053       0x54 ./Drivers/STM32F1xx_HAL_Driver/Src/stm32f1xx_hal.o
 .comment       0x0000000000000053       0x54 ./Drivers/STM32F1xx_HAL_Driver/Src/stm32f1xx_hal_adc.o
 .comment       0x0000000000000053       0x54 ./Drivers/STM32F1xx_HAL_Driver/Src/stm32f1xx_hal_cortex.o
 .comment       0x0000000000000053       0x54 ./Drivers/STM32F1xx_HAL_Driver/Src/stm32f1xx_hal_gpio.o
 .comment       0x0000000000000053       0x54 ./Drivers/STM32F1xx_HAL_Driver/Src/stm32f1xx_hal_rcc.o
 .comment       0x0000000000000053       0x54 ./Drivers/STM32F1xx_HAL_Driver/Src/stm32f1xx_hal_rcc_ex.o
 .comment       0x0000000000000053       0x54 ./Drivers/STM32F1xx_HAL_Driver/Src/stm32f1xx_hal_spi.o
 .comment       0x0000000000000053       0x54 ./Drivers/STM32F1xx_HAL_Driver/Src/stm32f1xx_hal_tim.o
 .comment       0x0000000000000053       0x54 ./Drivers/STM32F1xx_HAL_Driver/Src/stm32f1xx_hal_tim_ex.o
 .comment       0x0000000000000053       0x54 ./Drivers/STM32F1xx_HAL_Driver/Src/stm32f1xx_hal_uart.o
 .comment       0x0000000000000053       0x54 ./FATFS/App/fatfs.o
 .comment       0x0000000000000053       0x54 ./FATFS/Target/user_diskio.o
 .comment       0x0000000000000053       0x54 ./Middlewares/Third_Party/FatFs/src/ff_gen_drv.o
 .comment       0x0000000000000053       0x54 ./Middlewares/Third_Party/FreeRTOS/Source/CMSIS_RTOS_V2/cmsis_os2.o
 .comment       0x0000000000000053       0x54 ./Middlewares/Third_Party/FreeRTOS/Source/list.o
 .comment       0x0000000000000053       0x54 ./Middlewares/Third_Party/FreeRTOS/Source/queue.o
 .comment       0x0000000000000053       0x54 ./Middlewares/Third_Party/FreeRTOS/Source/tasks.o
 .comment       0x0000000000000053       0x54 ./Middlewares/Third_Party/FreeRTOS/Source/timers.o
 .comment       0x0000000000000053       0x54 ./Middlewares/Third_Party/FreeRTOS/Source/portable/GCC/ARM_CM3/port.o
 .comment       0x0000000000000053       0x54 ./Middlewares/Third_Party/FreeRTOS/Source/portable/MemMang/heap_4.o

.debug_frame    0x0000000000000000     0x5eb0
 .debug_frame   0x0000000000000000       0x30 ./Core/Src/AppDataTypes/buttons.o
 .debug_frame   0x0000000000000030       0x78 ./Core/Src/AppDataTypes/lcd.o
 .debug_frame   0x00000000000000a8      0x150 ./Core/Src/main.o
 .debug_frame   0x00000000000001f8       0x2c ./Core/Src/main_state_machine_functions.o
 .debug_frame   0x0000000000000224      0x154 ./Core/Src/stm32f1xx_hal_msp.o
 .debug_frame   0x0000000000000378       0xc4 ./Core/Src/stm32f1xx_it.o
 .debug_frame   0x000000000000043c       0x58 ./Core/Src/system_stm32f1xx.o
 .debug_frame   0x0000000000000494      0x334 ./Drivers/STM32F1xx_HAL_Driver/Src/stm32f1xx_hal.o
 .debug_frame   0x00000000000007c8      0x40c ./Drivers/STM32F1xx_HAL_Driver/Src/stm32f1xx_hal_adc.o
 .debug_frame   0x0000000000000bd4      0x428 ./Drivers/STM32F1xx_HAL_Driver/Src/stm32f1xx_hal_cortex.o
 .debug_frame   0x0000000000000ffc      0x14c ./Drivers/STM32F1xx_HAL_Driver/Src/stm32f1xx_hal_gpio.o
 .debug_frame   0x0000000000001148      0x21c ./Drivers/STM32F1xx_HAL_Driver/Src/stm32f1xx_hal_rcc.o
 .debug_frame   0x0000000000001364       0x84 ./Drivers/STM32F1xx_HAL_Driver/Src/stm32f1xx_hal_rcc_ex.o
 .debug_frame   0x00000000000013e8      0x824 ./Drivers/STM32F1xx_HAL_Driver/Src/stm32f1xx_hal_spi.o
 .debug_frame   0x0000000000001c0c     0x11b8 ./Drivers/STM32F1xx_HAL_Driver/Src/stm32f1xx_hal_tim.o
 .debug_frame   0x0000000000002dc4      0x638 ./Drivers/STM32F1xx_HAL_Driver/Src/stm32f1xx_hal_tim_ex.o
 .debug_frame   0x00000000000033fc      0x914 ./Drivers/STM32F1xx_HAL_Driver/Src/stm32f1xx_hal_uart.o
 .debug_frame   0x0000000000003d10       0x4c ./FATFS/App/fatfs.o
 .debug_frame   0x0000000000003d5c       0xd8 ./FATFS/Target/user_diskio.o
 .debug_frame   0x0000000000003e34       0xc8 ./Middlewares/Third_Party/FatFs/src/ff_gen_drv.o
 .debug_frame   0x0000000000003efc      0x980 ./Middlewares/Third_Party/FreeRTOS/Source/CMSIS_RTOS_V2/cmsis_os2.o
 .debug_frame   0x000000000000487c       0xd8 ./Middlewares/Third_Party/FreeRTOS/Source/list.o
 .debug_frame   0x0000000000004954      0x5ec ./Middlewares/Third_Party/FreeRTOS/Source/queue.o
 .debug_frame   0x0000000000004f40      0x8a8 ./Middlewares/Third_Party/FreeRTOS/Source/tasks.o
 .debug_frame   0x00000000000057e8      0x3b4 ./Middlewares/Third_Party/FreeRTOS/Source/timers.o
 .debug_frame   0x0000000000005b9c      0x198 ./Middlewares/Third_Party/FreeRTOS/Source/portable/GCC/ARM_CM3/port.o
 .debug_frame   0x0000000000005d34      0x108 ./Middlewares/Third_Party/FreeRTOS/Source/portable/MemMang/heap_4.o
 .debug_frame   0x0000000000005e3c       0x2c /opt/st/stm32cubeide_1.6.1/plugins/com.st.stm32cube.ide.mcu.externaltools.gnu-tools-for-stm32.9-2020-q2-update.linux64_2.0.0.202105311346/tools/bin/../lib/gcc/arm-none-eabi/9.3.1/../../../../arm-none-eabi/lib/thumb/v7-m/nofp/libc_nano.a(lib_a-init.o)
 .debug_frame   0x0000000000005e68       0x28 /opt/st/stm32cubeide_1.6.1/plugins/com.st.stm32cube.ide.mcu.externaltools.gnu-tools-for-stm32.9-2020-q2-update.linux64_2.0.0.202105311346/tools/bin/../lib/gcc/arm-none-eabi/9.3.1/../../../../arm-none-eabi/lib/thumb/v7-m/nofp/libc_nano.a(lib_a-memcpy-stub.o)
 .debug_frame   0x0000000000005e90       0x20 /opt/st/stm32cubeide_1.6.1/plugins/com.st.stm32cube.ide.mcu.externaltools.gnu-tools-for-stm32.9-2020-q2-update.linux64_2.0.0.202105311346/tools/bin/../lib/gcc/arm-none-eabi/9.3.1/../../../../arm-none-eabi/lib/thumb/v7-m/nofp/libc_nano.a(lib_a-memset.o)
