Archive member included to satisfy reference by file (symbol)

/opt/st/stm32cubeide_1.6.1/plugins/com.st.stm32cube.ide.mcu.externaltools.gnu-tools-for-stm32.9-2020-q2-update.linux64_2.0.0.202105311346/tools/bin/../lib/gcc/arm-none-eabi/9.3.1/../../../../arm-none-eabi/lib/thumb/v7-m/nofp/libc_nano.a(lib_a-errno.o)
                              ./Core/Src/syscalls.o (__errno)
/opt/st/stm32cubeide_1.6.1/plugins/com.st.stm32cube.ide.mcu.externaltools.gnu-tools-for-stm32.9-2020-q2-update.linux64_2.0.0.202105311346/tools/bin/../lib/gcc/arm-none-eabi/9.3.1/../../../../arm-none-eabi/lib/thumb/v7-m/nofp/libc_nano.a(lib_a-exit.o)
                              /opt/st/stm32cubeide_1.6.1/plugins/com.st.stm32cube.ide.mcu.externaltools.gnu-tools-for-stm32.9-2020-q2-update.linux64_2.0.0.202105311346/tools/bin/../lib/gcc/arm-none-eabi/9.3.1/../../../../arm-none-eabi/lib/thumb/v7-m/nofp/crt0.o (exit)
/opt/st/stm32cubeide_1.6.1/plugins/com.st.stm32cube.ide.mcu.externaltools.gnu-tools-for-stm32.9-2020-q2-update.linux64_2.0.0.202105311346/tools/bin/../lib/gcc/arm-none-eabi/9.3.1/../../../../arm-none-eabi/lib/thumb/v7-m/nofp/libc_nano.a(lib_a-impure.o)
                              /opt/st/stm32cubeide_1.6.1/plugins/com.st.stm32cube.ide.mcu.externaltools.gnu-tools-for-stm32.9-2020-q2-update.linux64_2.0.0.202105311346/tools/bin/../lib/gcc/arm-none-eabi/9.3.1/../../../../arm-none-eabi/lib/thumb/v7-m/nofp/libc_nano.a(lib_a-exit.o) (_global_impure_ptr)
/opt/st/stm32cubeide_1.6.1/plugins/com.st.stm32cube.ide.mcu.externaltools.gnu-tools-for-stm32.9-2020-q2-update.linux64_2.0.0.202105311346/tools/bin/../lib/gcc/arm-none-eabi/9.3.1/../../../../arm-none-eabi/lib/thumb/v7-m/nofp/libc_nano.a(lib_a-init.o)
                              /opt/st/stm32cubeide_1.6.1/plugins/com.st.stm32cube.ide.mcu.externaltools.gnu-tools-for-stm32.9-2020-q2-update.linux64_2.0.0.202105311346/tools/bin/../lib/gcc/arm-none-eabi/9.3.1/../../../../arm-none-eabi/lib/thumb/v7-m/nofp/crt0.o (__libc_init_array)
/opt/st/stm32cubeide_1.6.1/plugins/com.st.stm32cube.ide.mcu.externaltools.gnu-tools-for-stm32.9-2020-q2-update.linux64_2.0.0.202105311346/tools/bin/../lib/gcc/arm-none-eabi/9.3.1/../../../../arm-none-eabi/lib/thumb/v7-m/nofp/libc_nano.a(lib_a-memset.o)
                              /opt/st/stm32cubeide_1.6.1/plugins/com.st.stm32cube.ide.mcu.externaltools.gnu-tools-for-stm32.9-2020-q2-update.linux64_2.0.0.202105311346/tools/bin/../lib/gcc/arm-none-eabi/9.3.1/../../../../arm-none-eabi/lib/thumb/v7-m/nofp/crt0.o (memset)
/opt/st/stm32cubeide_1.6.1/plugins/com.st.stm32cube.ide.mcu.externaltools.gnu-tools-for-stm32.9-2020-q2-update.linux64_2.0.0.202105311346/tools/bin/../lib/gcc/arm-none-eabi/9.3.1/../../../../arm-none-eabi/lib/thumb/v7-m/nofp/libc_nano.a(lib_a-puts.o)
                              ./Core/Src/main.o (puts)
/opt/st/stm32cubeide_1.6.1/plugins/com.st.stm32cube.ide.mcu.externaltools.gnu-tools-for-stm32.9-2020-q2-update.linux64_2.0.0.202105311346/tools/bin/../lib/gcc/arm-none-eabi/9.3.1/../../../../arm-none-eabi/lib/thumb/v7-m/nofp/libc_nano.a(lib_a-strlen.o)
                              ./Core/Src/main.o (strlen)
/opt/st/stm32cubeide_1.6.1/plugins/com.st.stm32cube.ide.mcu.externaltools.gnu-tools-for-stm32.9-2020-q2-update.linux64_2.0.0.202105311346/tools/bin/../lib/gcc/arm-none-eabi/9.3.1/../../../../arm-none-eabi/lib/thumb/v7-m/nofp/libc_nano.a(lib_a-wbuf.o)
                              /opt/st/stm32cubeide_1.6.1/plugins/com.st.stm32cube.ide.mcu.externaltools.gnu-tools-for-stm32.9-2020-q2-update.linux64_2.0.0.202105311346/tools/bin/../lib/gcc/arm-none-eabi/9.3.1/../../../../arm-none-eabi/lib/thumb/v7-m/nofp/libc_nano.a(lib_a-puts.o) (__swbuf_r)
/opt/st/stm32cubeide_1.6.1/plugins/com.st.stm32cube.ide.mcu.externaltools.gnu-tools-for-stm32.9-2020-q2-update.linux64_2.0.0.202105311346/tools/bin/../lib/gcc/arm-none-eabi/9.3.1/../../../../arm-none-eabi/lib/thumb/v7-m/nofp/libc_nano.a(lib_a-wsetup.o)
                              /opt/st/stm32cubeide_1.6.1/plugins/com.st.stm32cube.ide.mcu.externaltools.gnu-tools-for-stm32.9-2020-q2-update.linux64_2.0.0.202105311346/tools/bin/../lib/gcc/arm-none-eabi/9.3.1/../../../../arm-none-eabi/lib/thumb/v7-m/nofp/libc_nano.a(lib_a-puts.o) (__swsetup_r)
/opt/st/stm32cubeide_1.6.1/plugins/com.st.stm32cube.ide.mcu.externaltools.gnu-tools-for-stm32.9-2020-q2-update.linux64_2.0.0.202105311346/tools/bin/../lib/gcc/arm-none-eabi/9.3.1/../../../../arm-none-eabi/lib/thumb/v7-m/nofp/libc_nano.a(lib_a-fflush.o)
                              /opt/st/stm32cubeide_1.6.1/plugins/com.st.stm32cube.ide.mcu.externaltools.gnu-tools-for-stm32.9-2020-q2-update.linux64_2.0.0.202105311346/tools/bin/../lib/gcc/arm-none-eabi/9.3.1/../../../../arm-none-eabi/lib/thumb/v7-m/nofp/libc_nano.a(lib_a-wbuf.o) (_fflush_r)
[...]
Memory Configuration

Name             Origin             Length             Attributes
RAM              0x0000000020000000 0x0000000000005000 xrw
FLASH            0x0000000008000000 0x0000000000010000 xr
*default*        0x0000000000000000 0xffffffffffffffff

Linker script and memory map

LOAD /opt/st/stm32cubeide_1.6.1/plugins/com.st.stm32cube.ide.mcu.externaltools.gnu-tools-for-stm32.9-2020-q2-update.linux64_2.0.0.202105311346/tools/bin/../lib/gcc/arm-none-eabi/9.3.1/thumb/v7-m/nofp/crti.o
LOAD /opt/st/stm32cubeide_1.6.1/plugins/com.st.stm32cube.ide.mcu.externaltools.gnu-tools-for-stm32.9-2020-q2-update.linux64_2.0.0.202105311346/tools/bin/../lib/gcc/arm-none-eabi/9.3.1/thumb/v7-m/nofp/crtbegin.o
LOAD /opt/st/stm32cubeide_1.6.1/plugins/com.st.stm32cube.ide.mcu.externaltools.gnu-tools-for-stm32.9-2020-q2-update.linux64_2.0.0.202105311346/tools/bin/../lib/gcc/arm-none-eabi/9.3.1/../../../../arm-none-eabi/lib/thumb/v7-m/nofp/crt0.o
LOAD ./Core/Src/AppDataTypes/buttons.o
LOAD ./Core/Src/AppDataTypes/lcd.o
LOAD ./Core/Src/AppDataTypes/sd_card.o
LOAD ./Core/Src/fatfs_sd.o
LOAD ./Core/Src/main.o
LOAD ./Core/Src/main_state_machine_functions.o
LOAD ./Core/Src/stm32f1xx_hal_msp.o
LOAD ./Core/Src/stm32f1xx_it.o
LOAD ./Core/Src/syscalls.o
LOAD ./Core/Src/sysmem.o
LOAD ./Core/Src/system_stm32f1xx.o
LOAD ./Core/Startup/startup_stm32f103c8tx.o
LOAD ./Drivers/STM32F1xx_HAL_Driver/Src/stm32f1xx_hal.o
LOAD ./Drivers/STM32F1xx_HAL_Driver/Src/stm32f1xx_hal_adc.o
LOAD ./Drivers/STM32F1xx_HAL_Driver/Src/stm32f1xx_hal_adc_ex.o
LOAD ./Drivers/STM32F1xx_HAL_Driver/Src/stm32f1xx_hal_cortex.o
LOAD ./Drivers/STM32F1xx_HAL_Driver/Src/stm32f1xx_hal_dma.o
LOAD ./Drivers/STM32F1xx_HAL_Driver/Src/stm32f1xx_hal_exti.o
LOAD ./Drivers/STM32F1xx_HAL_Driver/Src/stm32f1xx_hal_flash.o
LOAD ./Drivers/STM32F1xx_HAL_Driver/Src/stm32f1xx_hal_flash_ex.o
LOAD ./Drivers/STM32F1xx_HAL_Driver/Src/stm32f1xx_hal_gpio.o
LOAD ./Drivers/STM32F1xx_HAL_Driver/Src/stm32f1xx_hal_gpio_ex.o
LOAD ./Drivers/STM32F1xx_HAL_Driver/Src/stm32f1xx_hal_pwr.o
LOAD ./Drivers/STM32F1xx_HAL_Driver/Src/stm32f1xx_hal_rcc.o
LOAD ./Drivers/STM32F1xx_HAL_Driver/Src/stm32f1xx_hal_rcc_ex.o
LOAD ./Drivers/STM32F1xx_HAL_Driver/Src/stm32f1xx_hal_spi.o
LOAD ./Drivers/STM32F1xx_HAL_Driver/Src/stm32f1xx_hal_tim.o
LOAD ./Drivers/STM32F1xx_HAL_Driver/Src/stm32f1xx_hal_tim_ex.o
LOAD ./Drivers/STM32F1xx_HAL_Driver/Src/stm32f1xx_hal_uart.o
LOAD ./FATFS/App/fatfs.o
LOAD ./FATFS/Target/user_diskio.o
LOAD ./Middlewares/Third_Party/FatFs/src/diskio.o
LOAD ./Middlewares/Third_Party/FatFs/src/ff.o
LOAD ./Middlewares/Third_Party/FatFs/src/ff_gen_drv.o
LOAD ./Middlewares/Third_Party/FatFs/src/option/ccsbcs.o
LOAD ./Middlewares/Third_Party/FatFs/src/option/syscall.o
START GROUP
LOAD /opt/st/stm32cubeide_1.6.1/plugins/com.st.stm32cube.ide.mcu.externaltools.gnu-tools-for-stm32.9-2020-q2-update.linux64_2.0.0.202105311346/tools/bin/../lib/gcc/arm-none-eabi/9.3.1/../../../../arm-none-eabi/lib/thumb/v7-m/nofp/libc_nano.a
LOAD /opt/st/stm32cubeide_1.6.1/plugins/com.st.stm32cube.ide.mcu.externaltools.gnu-tools-for-stm32.9-2020-q2-update.linux64_2.0.0.202105311346/tools/bin/../lib/gcc/arm-none-eabi/9.3.1/../../../../arm-none-eabi/lib/thumb/v7-m/nofp/libm.a
END GROUP
START GROUP
LOAD /opt/st/stm32cubeide_1.6.1/plugins/com.st.stm32cube.ide.mcu.externaltools.gnu-tools-for-stm32.9-2020-q2-update.linux64_2.0.0.202105311346/tools/bin/../lib/gcc/arm-none-eabi/9.3.1/thumb/v7-m/nofp/libgcc.a
LOAD /opt/st/stm32cubeide_1.6.1/plugins/com.st.stm32cube.ide.mcu.externaltools.gnu-tools-for-stm32.9-2020-q2-update.linux64_2.0.0.202105311346/tools/bin/../lib/gcc/arm-none-eabi/9.3.1/../../../../arm-none-eabi/lib/thumb/v7-m/nofp/libc_nano.a
END GROUP
START GROUP
LOAD /opt/st/stm32cubeide_1.6.1/plugins/com.st.stm32cube.ide.mcu.externaltools.gnu-tools-for-stm32.9-2020-q2-update.linux64_2.0.0.202105311346/tools/bin/../lib/gcc/arm-none-eabi/9.3.1/thumb/v7-m/nofp/libgcc.a
LOAD /opt/st/stm32cubeide_1.6.1/plugins/com.st.stm32cube.ide.mcu.externaltools.gnu-tools-for-stm32.9-2020-q2-update.linux64_2.0.0.202105311346/tools/bin/../lib/gcc/arm-none-eabi/9.3.1/../../../../arm-none-eabi/lib/thumb/v7-m/nofp/libc_nano.a
LOAD /opt/st/stm32cubeide_1.6.1/plugins/com.st.stm32cube.ide.mcu.externaltools.gnu-tools-for-stm32.9-2020-q2-update.linux64_2.0.0.202105311346/tools/bin/../lib/gcc/arm-none-eabi/9.3.1/../../../../arm-none-eabi/lib/thumb/v7-m/nofp/libnosys.a
END GROUP
START GROUP
LOAD /opt/st/stm32cubeide_1.6.1/plugins/com.st.stm32cube.ide.mcu.externaltools.gnu-tools-for-stm32.9-2020-q2-update.linux64_2.0.0.202105311346/tools/bin/../lib/gcc/arm-none-eabi/9.3.1/thumb/v7-m/nofp/libgcc.a
LOAD /opt/st/stm32cubeide_1.6.1/plugins/com.st.stm32cube.ide.mcu.externaltools.gnu-tools-for-stm32.9-2020-q2-update.linux64_2.0.0.202105311346/tools/bin/../lib/gcc/arm-none-eabi/9.3.1/../../../../arm-none-eabi/lib/thumb/v7-m/nofp/libc_nano.a
LOAD /opt/st/stm32cubeide_1.6.1/plugins/com.st.stm32cube.ide.mcu.externaltools.gnu-tools-for-stm32.9-2020-q2-update.linux64_2.0.0.202105311346/tools/bin/../lib/gcc/arm-none-eabi/9.3.1/../../../../arm-none-eabi/lib/thumb/v7-m/nofp/libnosys.a
END GROUP
LOAD /opt/st/stm32cubeide_1.6.1/plugins/com.st.stm32cube.ide.mcu.externaltools.gnu-tools-for-stm32.9-2020-q2-update.linux64_2.0.0.202105311346/tools/bin/../lib/gcc/arm-none-eabi/9.3.1/thumb/v7-m/nofp/crtend.o
LOAD /opt/st/stm32cubeide_1.6.1/plugins/com.st.stm32cube.ide.mcu.externaltools.gnu-tools-for-stm32.9-2020-q2-update.linux64_2.0.0.202105311346/tools/bin/../lib/gcc/arm-none-eabi/9.3.1/thumb/v7-m/nofp/crtn.o
                0x0000000020005000                _estack = (ORIGIN (RAM) + LENGTH (RAM))
                0x0000000000000200                _Min_Heap_Size = 0x200
                0x0000000000000400                _Min_Stack_Size = 0x400

.isr_vector     0x0000000008000000      0x10c
                0x0000000008000000                . = ALIGN (0x4)
 *(.isr_vector)
 .isr_vector    0x0000000008000000      0x10c ./Core/Startup/startup_stm32f103c8tx.o
                0x0000000008000000                g_pfnVectors
                0x000000000800010c                . = ALIGN (0x4)

.text           0x000000000800010c     0x88c8
                0x000000000800010c                . = ALIGN (0x4)
 *(.text)
 .text          0x000000000800010c       0x40 /opt/st/stm32cubeide_1.6.1/plugins/com.st.stm32cube.ide.mcu.externaltools.gnu-tools-for-stm32.9-2020-q2-update.linux64_2.0.0.202105311346/tools/bin/../lib/gcc/arm-none-eabi/9.3.1/thumb/v7-m/nofp/crtbegin.o
 *(.text*)
 .text.get_pressed_button
                0x000000000800014c        0xe ./Core/Src/AppDataTypes/buttons.o
                0x000000000800014c                get_pressed_button
 .text.clean    0x000000000800015a        0xc ./Core/Src/AppDataTypes/lcd.o
                0x000000000800015a                clean
 .text.init     0x0000000008000166        0xc ./Core/Src/AppDataTypes/lcd.o
                0x0000000008000166                init
 .text.print_sensors_menu
                0x0000000008000172       0x14 ./Core/Src/AppDataTypes/lcd.o
                0x0000000008000172                print_sensors_menu
 *fill*         0x0000000008000186        0x2 
 .text.SELECT   0x0000000008000188       0x18 ./Core/Src/fatfs_sd.o
 .text.DESELECT
                0x00000000080001a0       0x18 ./Core/Src/fatfs_sd.o
 .text.SPI_TxByte
                0x00000000080001b8       0x34 ./Core/Src/fatfs_sd.o
 .text.SPI_RxByte
                0x00000000080001ec       0x3c ./Core/Src/fatfs_sd.o
 .text.SPI_RxBytePtr
                0x0000000008000228       0x1c ./Core/Src/fatfs_sd.o
 .text.SD_ReadyWait
                0x0000000008000244       0x38 ./Core/Src/fatfs_sd.o
 .text.SD_PowerOn
                0x000000000800027c       0x98 ./Core/Src/fatfs_sd.o
 .text.SD_PowerOff
                0x0000000008000314       0x18 ./Core/Src/fatfs_sd.o
 .text.SD_CheckPower
                0x000000000800032c       0x14 ./Core/Src/fatfs_sd.o
 .text.SD_RxDataBlock
                0x0000000008000340       0x6c ./Core/Src/fatfs_sd.o
 .text.SD_TxDataBlock
                0x00000000080003ac       0xa8 ./Core/Src/fatfs_sd.o
 .text.SD_SendCmd
                0x0000000008000454       0xa4 ./Core/Src/fatfs_sd.o
 .text.SD_disk_initialize
                0x00000000080004f8      0x1d4 ./Core/Src/fatfs_sd.o
                0x00000000080004f8                SD_disk_initialize
 .text.SD_disk_status
                0x00000000080006cc       0x28 ./Core/Src/fatfs_sd.o
                0x00000000080006cc                SD_disk_status
 .text.SD_disk_read
                0x00000000080006f4       0xd4 ./Core/Src/fatfs_sd.o
                0x00000000080006f4                SD_disk_read
 .text.SD_disk_write
                0x00000000080007c8      0x108 ./Core/Src/fatfs_sd.o
                0x00000000080007c8                SD_disk_write
 .text.SD_disk_ioctl
                0x00000000080008d0      0x264 ./Core/Src/fatfs_sd.o
                0x00000000080008d0                SD_disk_ioctl
 .text.ITM_SendChar
                0x0000000008000b34       0x4c ./Core/Src/main.o
 .text._write   0x0000000008000b80       0x3c ./Core/Src/main.o
                0x0000000008000b80                _write
 .text.main     0x0000000008000bbc      0x184 ./Core/Src/main.o
                0x0000000008000bbc                main
 .text.SystemClock_Config
                0x0000000008000d40       0xb6 ./Core/Src/main.o
                0x0000000008000d40                SystemClock_Config
 *fill*         0x0000000008000df6        0x2 
 .text.MX_ADC1_Init
                0x0000000008000df8       0x7c ./Core/Src/main.o
 .text.MX_SPI1_Init
                0x0000000008000e74       0x6c ./Core/Src/main.o
 .text.MX_TIM1_Init
                0x0000000008000ee0       0xac ./Core/Src/main.o
 .text.MX_TIM2_Init
                0x0000000008000f8c       0xa4 ./Core/Src/main.o
 .text.MX_USART1_UART_Init
                0x0000000008001030       0x54 ./Core/Src/main.o
 .text.MX_GPIO_Init
                0x0000000008001084       0xc0 ./Core/Src/main.o
 .text.Error_Handler
                0x0000000008001144        0xa ./Core/Src/main.o
                0x0000000008001144                Error_Handler
 *fill*         0x000000000800114e        0x2 
 .text.init_peripherals
                0x0000000008001150       0x2c ./Core/Src/main_state_machine_functions.o
                0x0000000008001150                init_peripherals
 .text.HAL_MspInit
                0x000000000800117c       0x64 ./Core/Src/stm32f1xx_hal_msp.o
                0x000000000800117c                HAL_MspInit
 .text.HAL_ADC_MspInit
                0x00000000080011e0       0x78 ./Core/Src/stm32f1xx_hal_msp.o
                0x00000000080011e0                HAL_ADC_MspInit
 .text.HAL_SPI_MspInit
                0x0000000008001258       0x94 ./Core/Src/stm32f1xx_hal_msp.o
                0x0000000008001258                HAL_SPI_MspInit
 .text.HAL_TIM_IC_MspInit
                0x00000000080012ec       0xfc ./Core/Src/stm32f1xx_hal_msp.o
                0x00000000080012ec                HAL_TIM_IC_MspInit
 .text.HAL_UART_MspInit
                0x00000000080013e8       0x98 ./Core/Src/stm32f1xx_hal_msp.o
                0x00000000080013e8                HAL_UART_MspInit
 .text.SDTimer_Handler
                0x0000000008001480       0x44 ./Core/Src/stm32f1xx_it.o
                0x0000000008001480                SDTimer_Handler
 .text.NMI_Handler
                0x00000000080014c4        0x6 ./Core/Src/stm32f1xx_it.o
                0x00000000080014c4                NMI_Handler
 .text.HardFault_Handler
                0x00000000080014ca        0x6 ./Core/Src/stm32f1xx_it.o
                0x00000000080014ca                HardFault_Handler
 .text.MemManage_Handler
                0x00000000080014d0        0x6 ./Core/Src/stm32f1xx_it.o
                0x00000000080014d0                MemManage_Handler
 .text.BusFault_Handler
                0x00000000080014d6        0x6 ./Core/Src/stm32f1xx_it.o
                0x00000000080014d6                BusFault_Handler
 .text.UsageFault_Handler
                0x00000000080014dc        0x6 ./Core/Src/stm32f1xx_it.o
                0x00000000080014dc                UsageFault_Handler
 .text.SVC_Handler
                0x00000000080014e2        0xc ./Core/Src/stm32f1xx_it.o
                0x00000000080014e2                SVC_Handler
 .text.DebugMon_Handler
                0x00000000080014ee        0xc ./Core/Src/stm32f1xx_it.o
                0x00000000080014ee                DebugMon_Handler
 .text.PendSV_Handler
                0x00000000080014fa        0xc ./Core/Src/stm32f1xx_it.o
                0x00000000080014fa                PendSV_Handler
 *fill*         0x0000000008001506        0x2 
 .text.SysTick_Handler
                0x0000000008001508       0x34 ./Core/Src/stm32f1xx_it.o
                0x0000000008001508                SysTick_Handler
 .text._read    0x000000000800153c       0x3a ./Core/Src/syscalls.o
                0x000000000800153c                _read
 .text._close   0x0000000008001576       0x16 ./Core/Src/syscalls.o
                0x0000000008001576                _close
 .text._fstat   0x000000000800158c       0x1e ./Core/Src/syscalls.o
                0x000000000800158c                _fstat
 .text._isatty  0x00000000080015aa       0x14 ./Core/Src/syscalls.o
                0x00000000080015aa                _isatty
 .text._lseek   0x00000000080015be       0x18 ./Core/Src/syscalls.o
                0x00000000080015be                _lseek
 *fill*         0x00000000080015d6        0x2 
 .text._sbrk    0x00000000080015d8       0x6c ./Core/Src/sysmem.o
                0x00000000080015d8                _sbrk
 .text.SystemInit
                0x0000000008001644        0xc ./Core/Src/system_stm32f1xx.o
                0x0000000008001644                SystemInit
 .text.Reset_Handler
                0x0000000008001650       0x48 ./Core/Startup/startup_stm32f103c8tx.o
                0x0000000008001650                Reset_Handler
 .text.Default_Handler
                0x0000000008001698        0x2 ./Core/Startup/startup_stm32f103c8tx.o
                0x0000000008001698                RTC_Alarm_IRQHandler
                0x0000000008001698                EXTI2_IRQHandler
                0x0000000008001698                TIM1_CC_IRQHandler
                0x0000000008001698                PVD_IRQHandler
                0x0000000008001698                EXTI3_IRQHandler
                0x0000000008001698                EXTI0_IRQHandler
                0x0000000008001698                I2C2_EV_IRQHandler
                0x0000000008001698                ADC1_2_IRQHandler
                0x0000000008001698                SPI1_IRQHandler
                0x0000000008001698                TAMPER_IRQHandler
                0x0000000008001698                DMA1_Channel4_IRQHandler
                0x0000000008001698                USART3_IRQHandler
                0x0000000008001698                RTC_IRQHandler
                0x0000000008001698                DMA1_Channel7_IRQHandler
                0x0000000008001698                CAN1_RX1_IRQHandler
                0x0000000008001698                TIM4_IRQHandler
                0x0000000008001698                I2C1_EV_IRQHandler
                0x0000000008001698                DMA1_Channel6_IRQHandler
                0x0000000008001698                TIM3_IRQHandler
                0x0000000008001698                RCC_IRQHandler
                0x0000000008001698                TIM1_TRG_COM_IRQHandler
                0x0000000008001698                DMA1_Channel1_IRQHandler
                0x0000000008001698                Default_Handler
                0x0000000008001698                EXTI15_10_IRQHandler
                0x0000000008001698                EXTI9_5_IRQHandler
                0x0000000008001698                SPI2_IRQHandler
                0x0000000008001698                DMA1_Channel5_IRQHandler
                0x0000000008001698                EXTI4_IRQHandler
                0x0000000008001698                USB_LP_CAN1_RX0_IRQHandler
                0x0000000008001698                USB_HP_CAN1_TX_IRQHandler
                0x0000000008001698                DMA1_Channel3_IRQHandler
                0x0000000008001698                TIM1_UP_IRQHandler
                0x0000000008001698                WWDG_IRQHandler
                0x0000000008001698                TIM2_IRQHandler
                0x0000000008001698                TIM1_BRK_IRQHandler
                0x0000000008001698                EXTI1_IRQHandler
                0x0000000008001698                USART2_IRQHandler
                0x0000000008001698                I2C2_ER_IRQHandler
                0x0000000008001698                DMA1_Channel2_IRQHandler
                0x0000000008001698                CAN1_SCE_IRQHandler
                0x0000000008001698                FLASH_IRQHandler
                0x0000000008001698                USART1_IRQHandler
                0x0000000008001698                I2C1_ER_IRQHandler
                0x0000000008001698                USBWakeUp_IRQHandler
 *fill*         0x000000000800169a        0x2 
 .text.HAL_Init
                0x000000000800169c       0x2c ./Drivers/STM32F1xx_HAL_Driver/Src/stm32f1xx_hal.o
                0x000000000800169c                HAL_Init
 .text.HAL_InitTick
                0x00000000080016c8       0x60 ./Drivers/STM32F1xx_HAL_Driver/Src/stm32f1xx_hal.o
                0x00000000080016c8                HAL_InitTick
 .text.HAL_IncTick
                0x0000000008001728       0x24 ./Drivers/STM32F1xx_HAL_Driver/Src/stm32f1xx_hal.o
                0x0000000008001728                HAL_IncTick
 .text.HAL_GetTick
                0x000000000800174c       0x14 ./Drivers/STM32F1xx_HAL_Driver/Src/stm32f1xx_hal.o
                0x000000000800174c                HAL_GetTick
 .text.HAL_Delay
                0x0000000008001760       0x48 ./Drivers/STM32F1xx_HAL_Driver/Src/stm32f1xx_hal.o
                0x0000000008001760                HAL_Delay
 .text.HAL_ADC_Init
                0x00000000080017a8      0x1b0 ./Drivers/STM32F1xx_HAL_Driver/Src/stm32f1xx_hal_adc.o
                0x00000000080017a8                HAL_ADC_Init
 .text.HAL_ADC_ConfigChannel
                0x0000000008001958      0x1f0 ./Drivers/STM32F1xx_HAL_Driver/Src/stm32f1xx_hal_adc.o
                0x0000000008001958                HAL_ADC_ConfigChannel
 .text.ADC_ConversionStop_Disable
                0x0000000008001b48       0x82 ./Drivers/STM32F1xx_HAL_Driver/Src/stm32f1xx_hal_adc.o
                0x0000000008001b48                ADC_ConversionStop_Disable
 *fill*         0x0000000008001bca        0x2 
 .text.__NVIC_SetPriorityGrouping
                0x0000000008001bcc       0x48 ./Drivers/STM32F1xx_HAL_Driver/Src/stm32f1xx_hal_cortex.o
 .text.__NVIC_GetPriorityGrouping
                0x0000000008001c14       0x1c ./Drivers/STM32F1xx_HAL_Driver/Src/stm32f1xx_hal_cortex.o
 .text.__NVIC_SetPriority
                0x0000000008001c30       0x54 ./Drivers/STM32F1xx_HAL_Driver/Src/stm32f1xx_hal_cortex.o
 .text.NVIC_EncodePriority
                0x0000000008001c84       0x64 ./Drivers/STM32F1xx_HAL_Driver/Src/stm32f1xx_hal_cortex.o
 .text.SysTick_Config
                0x0000000008001ce8       0x44 ./Drivers/STM32F1xx_HAL_Driver/Src/stm32f1xx_hal_cortex.o
 .text.HAL_NVIC_SetPriorityGrouping
                0x0000000008001d2c       0x16 ./Drivers/STM32F1xx_HAL_Driver/Src/stm32f1xx_hal_cortex.o
                0x0000000008001d2c                HAL_NVIC_SetPriorityGrouping
 .text.HAL_NVIC_SetPriority
                0x0000000008001d42       0x38 ./Drivers/STM32F1xx_HAL_Driver/Src/stm32f1xx_hal_cortex.o
                0x0000000008001d42                HAL_NVIC_SetPriority
 .text.HAL_SYSTICK_Config
                0x0000000008001d7a       0x18 ./Drivers/STM32F1xx_HAL_Driver/Src/stm32f1xx_hal_cortex.o
                0x0000000008001d7a                HAL_SYSTICK_Config
 *fill*         0x0000000008001d92        0x2 
 .text.HAL_GPIO_Init
                0x0000000008001d94      0x308 ./Drivers/STM32F1xx_HAL_Driver/Src/stm32f1xx_hal_gpio.o
                0x0000000008001d94                HAL_GPIO_Init
 .text.HAL_GPIO_WritePin
                0x000000000800209c       0x30 ./Drivers/STM32F1xx_HAL_Driver/Src/stm32f1xx_hal_gpio.o
                0x000000000800209c                HAL_GPIO_WritePin
 .text.HAL_RCC_OscConfig
                0x00000000080020cc      0x500 ./Drivers/STM32F1xx_HAL_Driver/Src/stm32f1xx_hal_rcc.o
                0x00000000080020cc                HAL_RCC_OscConfig
 .text.HAL_RCC_ClockConfig
                0x00000000080025cc      0x1d4 ./Drivers/STM32F1xx_HAL_Driver/Src/stm32f1xx_hal_rcc.o
                0x00000000080025cc                HAL_RCC_ClockConfig
 .text.HAL_RCC_GetSysClockFreq
                0x00000000080027a0       0xc0 ./Drivers/STM32F1xx_HAL_Driver/Src/stm32f1xx_hal_rcc.o
                0x00000000080027a0                HAL_RCC_GetSysClockFreq
 .text.HAL_RCC_GetHCLKFreq
                0x0000000008002860       0x14 ./Drivers/STM32F1xx_HAL_Driver/Src/stm32f1xx_hal_rcc.o
                0x0000000008002860                HAL_RCC_GetHCLKFreq
 .text.HAL_RCC_GetPCLK1Freq
                0x0000000008002874       0x28 ./Drivers/STM32F1xx_HAL_Driver/Src/stm32f1xx_hal_rcc.o
                0x0000000008002874                HAL_RCC_GetPCLK1Freq
 .text.HAL_RCC_GetPCLK2Freq
                0x000000000800289c       0x28 ./Drivers/STM32F1xx_HAL_Driver/Src/stm32f1xx_hal_rcc.o
                0x000000000800289c                HAL_RCC_GetPCLK2Freq
 .text.RCC_Delay
                0x00000000080028c4       0x3c ./Drivers/STM32F1xx_HAL_Driver/Src/stm32f1xx_hal_rcc.o
 .text.HAL_RCCEx_PeriphCLKConfig
                0x0000000008002900      0x16c ./Drivers/STM32F1xx_HAL_Driver/Src/stm32f1xx_hal_rcc_ex.o
                0x0000000008002900                HAL_RCCEx_PeriphCLKConfig
 .text.HAL_SPI_Init
                0x0000000008002a6c      0x108 ./Drivers/STM32F1xx_HAL_Driver/Src/stm32f1xx_hal_spi.o
                0x0000000008002a6c                HAL_SPI_Init
 .text.HAL_SPI_Transmit
                0x0000000008002b74      0x278 ./Drivers/STM32F1xx_HAL_Driver/Src/stm32f1xx_hal_spi.o
                0x0000000008002b74                HAL_SPI_Transmit
 .text.HAL_SPI_TransmitReceive
                0x0000000008002dec      0x344 ./Drivers/STM32F1xx_HAL_Driver/Src/stm32f1xx_hal_spi.o
                0x0000000008002dec                HAL_SPI_TransmitReceive
 .text.HAL_SPI_GetState
                0x0000000008003130       0x1a ./Drivers/STM32F1xx_HAL_Driver/Src/stm32f1xx_hal_spi.o
                0x0000000008003130                HAL_SPI_GetState
 *fill*         0x000000000800314a        0x2 
 .text.SPI_WaitFlagStateUntilTimeout
                0x000000000800314c      0x110 ./Drivers/STM32F1xx_HAL_Driver/Src/stm32f1xx_hal_spi.o
 .text.SPI_EndRxTxTransaction
                0x000000000800325c       0x3c ./Drivers/STM32F1xx_HAL_Driver/Src/stm32f1xx_hal_spi.o
 .text.HAL_TIM_IC_Init
                0x0000000008003298       0x9e ./Drivers/STM32F1xx_HAL_Driver/Src/stm32f1xx_hal_tim.o
                0x0000000008003298                HAL_TIM_IC_Init
 .text.HAL_TIM_IC_ConfigChannel
                0x0000000008003336      0x128 ./Drivers/STM32F1xx_HAL_Driver/Src/stm32f1xx_hal_tim.o
                0x0000000008003336                HAL_TIM_IC_ConfigChannel
 *fill*         0x000000000800345e        0x2 
 .text.TIM_Base_SetConfig
                0x0000000008003460       0xc4 ./Drivers/STM32F1xx_HAL_Driver/Src/stm32f1xx_hal_tim.o
                0x0000000008003460                TIM_Base_SetConfig
 .text.TIM_TI1_SetConfig
                0x0000000008003524       0xb4 ./Drivers/STM32F1xx_HAL_Driver/Src/stm32f1xx_hal_tim.o
                0x0000000008003524                TIM_TI1_SetConfig
 .text.TIM_TI2_SetConfig
                0x00000000080035d8       0x78 ./Drivers/STM32F1xx_HAL_Driver/Src/stm32f1xx_hal_tim.o
 .text.TIM_TI3_SetConfig
                0x0000000008003650       0x76 ./Drivers/STM32F1xx_HAL_Driver/Src/stm32f1xx_hal_tim.o
 .text.TIM_TI4_SetConfig
                0x00000000080036c6       0x78 ./Drivers/STM32F1xx_HAL_Driver/Src/stm32f1xx_hal_tim.o
 *fill*         0x000000000800373e        0x2 
 .text.HAL_TIMEx_MasterConfigSynchronization
                0x0000000008003740       0xbc ./Drivers/STM32F1xx_HAL_Driver/Src/stm32f1xx_hal_tim_ex.o
                0x0000000008003740                HAL_TIMEx_MasterConfigSynchronization
 .text.HAL_UART_Init
                0x00000000080037fc       0x9a ./Drivers/STM32F1xx_HAL_Driver/Src/stm32f1xx_hal_uart.o
                0x00000000080037fc                HAL_UART_Init
 *fill*         0x0000000008003896        0x2 
 .text.UART_SetConfig
                0x0000000008003898      0x11c ./Drivers/STM32F1xx_HAL_Driver/Src/stm32f1xx_hal_uart.o
 .text.MX_FATFS_Init
                0x00000000080039b4       0x24 ./FATFS/App/fatfs.o
                0x00000000080039b4                MX_FATFS_Init
 .text.get_fattime
                0x00000000080039d8        0xe ./FATFS/App/fatfs.o
                0x00000000080039d8                get_fattime
 .text.USER_initialize
                0x00000000080039e6       0x1c ./FATFS/Target/user_diskio.o
                0x00000000080039e6                USER_initialize
 .text.USER_status
                0x0000000008003a02       0x1c ./FATFS/Target/user_diskio.o
                0x0000000008003a02                USER_status
 .text.USER_read
                0x0000000008003a1e       0x26 ./FATFS/Target/user_diskio.o
                0x0000000008003a1e                USER_read
 .text.USER_write
                0x0000000008003a44       0x26 ./FATFS/Target/user_diskio.o
                0x0000000008003a44                USER_write
 .text.USER_ioctl
                0x0000000008003a6a       0x26 ./FATFS/Target/user_diskio.o
                0x0000000008003a6a                USER_ioctl
 .text.disk_status
                0x0000000008003a90       0x34 ./Middlewares/Third_Party/FatFs/src/diskio.o
                0x0000000008003a90                disk_status
 .text.disk_initialize
                0x0000000008003ac4       0x4c ./Middlewares/Third_Party/FatFs/src/diskio.o
                0x0000000008003ac4                disk_initialize
 .text.disk_read
                0x0000000008003b10       0x40 ./Middlewares/Third_Party/FatFs/src/diskio.o
                0x0000000008003b10                disk_read
 .text.disk_write
                0x0000000008003b50       0x40 ./Middlewares/Third_Party/FatFs/src/diskio.o
                0x0000000008003b50                disk_write
 .text.disk_ioctl
                0x0000000008003b90       0x3c ./Middlewares/Third_Party/FatFs/src/diskio.o
                0x0000000008003b90                disk_ioctl
 .text.mem_cpy  0x0000000008003bcc       0x3c ./Middlewares/Third_Party/FatFs/src/ff.o
 .text.mem_set  0x0000000008003c08       0x34 ./Middlewares/Third_Party/FatFs/src/ff.o
 .text.mem_cmp  0x0000000008003c3c       0x4c ./Middlewares/Third_Party/FatFs/src/ff.o
 .text.chk_chr  0x0000000008003c88       0x34 ./Middlewares/Third_Party/FatFs/src/ff.o
 .text.chk_lock
                0x0000000008003cbc       0xe4 ./Middlewares/Third_Party/FatFs/src/ff.o
 .text.enq_lock
                0x0000000008003da0       0x48 ./Middlewares/Third_Party/FatFs/src/ff.o
 .text.inc_lock
                0x0000000008003de8      0x180 ./Middlewares/Third_Party/FatFs/src/ff.o
 .text.dec_lock
                0x0000000008003f68       0x88 ./Middlewares/Third_Party/FatFs/src/ff.o
 .text.clear_lock
                0x0000000008003ff0       0x54 ./Middlewares/Third_Party/FatFs/src/ff.o
 .text.sync_window
                0x0000000008004044       0xb4 ./Middlewares/Third_Party/FatFs/src/ff.o
 .text.move_window
                0x00000000080040f8       0x68 ./Middlewares/Third_Party/FatFs/src/ff.o
 .text.sync_fs  0x0000000008004160      0x19e ./Middlewares/Third_Party/FatFs/src/ff.o
 .text.clust2sect
                0x00000000080042fe       0x4e ./Middlewares/Third_Party/FatFs/src/ff.o
                0x00000000080042fe                clust2sect
 .text.get_fat  0x000000000800434c      0x20a ./Middlewares/Third_Party/FatFs/src/ff.o
                0x000000000800434c                get_fat
 .text.put_fat  0x0000000008004556      0x2c0 ./Middlewares/Third_Party/FatFs/src/ff.o
                0x0000000008004556                put_fat
 .text.remove_chain
                0x0000000008004816       0xd0 ./Middlewares/Third_Party/FatFs/src/ff.o
 .text.create_chain
                0x00000000080048e6      0x162 ./Middlewares/Third_Party/FatFs/src/ff.o
 .text.clmt_clust
                0x0000000008004a48       0x86 ./Middlewares/Third_Party/FatFs/src/ff.o
 .text.dir_sdi  0x0000000008004ace      0x1b6 ./Middlewares/Third_Party/FatFs/src/ff.o
 .text.dir_next
                0x0000000008004c84      0x2c4 ./Middlewares/Third_Party/FatFs/src/ff.o
 .text.dir_alloc
                0x0000000008004f48       0xa2 ./Middlewares/Third_Party/FatFs/src/ff.o
 .text.ld_clust
                0x0000000008004fea       0x5c ./Middlewares/Third_Party/FatFs/src/ff.o
 .text.st_clust
                0x0000000008005046       0x4c ./Middlewares/Third_Party/FatFs/src/ff.o
 *fill*         0x0000000008005092        0x2 
 .text.cmp_lfn  0x0000000008005094       0xdc ./Middlewares/Third_Party/FatFs/src/ff.o
 .text.fit_lfn  0x0000000008005170       0xe8 ./Middlewares/Third_Party/FatFs/src/ff.o
 .text.gen_numname
                0x0000000008005258      0x120 ./Middlewares/Third_Party/FatFs/src/ff.o
 .text.sum_sfn  0x0000000008005378       0x40 ./Middlewares/Third_Party/FatFs/src/ff.o
 .text.dir_find
                0x00000000080053b8      0x1aa ./Middlewares/Third_Party/FatFs/src/ff.o
 *fill*         0x0000000008005562        0x2 
 .text.dir_register
                0x0000000008005564      0x260 ./Middlewares/Third_Party/FatFs/src/ff.o
 .text.create_name
                0x00000000080057c4      0x384 ./Middlewares/Third_Party/FatFs/src/ff.o
 .text.follow_path
                0x0000000008005b48       0xf2 ./Middlewares/Third_Party/FatFs/src/ff.o
 .text.get_ldnumber
                0x0000000008005c3a       0x86 ./Middlewares/Third_Party/FatFs/src/ff.o
 .text.check_fs
                0x0000000008005cc0       0xdc ./Middlewares/Third_Party/FatFs/src/ff.o
 .text.find_volume
                0x0000000008005d9c      0x6b8 ./Middlewares/Third_Party/FatFs/src/ff.o
 .text.validate
                0x0000000008006454       0x7c ./Middlewares/Third_Party/FatFs/src/ff.o
 .text.f_mount  0x00000000080064d0       0x94 ./Middlewares/Third_Party/FatFs/src/ff.o
                0x00000000080064d0                f_mount
 .text.f_open   0x0000000008006564      0x674 ./Middlewares/Third_Party/FatFs/src/ff.o
                0x0000000008006564                f_open
 .text.f_read   0x0000000008006bd8      0x42c ./Middlewares/Third_Party/FatFs/src/ff.o
                0x0000000008006bd8                f_read
 .text.f_write  0x0000000008007004      0x4e6 ./Middlewares/Third_Party/FatFs/src/ff.o
                0x0000000008007004                f_write
 .text.f_sync   0x00000000080074ea      0x1bc ./Middlewares/Third_Party/FatFs/src/ff.o
                0x00000000080074ea                f_sync
 .text.f_close  0x00000000080076a6       0x56 ./Middlewares/Third_Party/FatFs/src/ff.o
                0x00000000080076a6                f_close
 .text.f_lseek  0x00000000080076fc      0x668 ./Middlewares/Third_Party/FatFs/src/ff.o
                0x00000000080076fc                f_lseek
 .text.putc_bfd
                0x0000000008007d64       0x7a ./Middlewares/Third_Party/FatFs/src/ff.o
 .text.f_puts   0x0000000008007dde       0x72 ./Middlewares/Third_Party/FatFs/src/ff.o
                0x0000000008007dde                f_puts
 .text.FATFS_LinkDriverEx
                0x0000000008007e50       0x94 ./Middlewares/Third_Party/FatFs/src/ff_gen_drv.o
                0x0000000008007e50                FATFS_LinkDriverEx
 .text.FATFS_LinkDriver
                0x0000000008007ee4       0x1e ./Middlewares/Third_Party/FatFs/src/ff_gen_drv.o
                0x0000000008007ee4                FATFS_LinkDriver
 *fill*         0x0000000008007f02        0x2 
 .text.ff_convert
                0x0000000008007f04       0x74 ./Middlewares/Third_Party/FatFs/src/option/ccsbcs.o
                0x0000000008007f04                ff_convert
 .text.ff_wtoupper
                0x0000000008007f78       0x5c ./Middlewares/Third_Party/FatFs/src/option/ccsbcs.o
                0x0000000008007f78                ff_wtoupper
 .text.__errno  0x0000000008007fd4        0xc /opt/st/stm32cubeide_1.6.1/plugins/com.st.stm32cube.ide.mcu.externaltools.gnu-tools-for-stm32.9-2020-q2-update.linux64_2.0.0.202105311346/tools/bin/../lib/gcc/arm-none-eabi/9.3.1/../../../../arm-none-eabi/lib/thumb/v7-m/nofp/libc_nano.a(lib_a-errno.o)
                0x0000000008007fd4                __errno
 .text.__libc_init_array
                0x0000000008007fe0       0x48 /opt/st/stm32cubeide_1.6.1/plugins/com.st.stm32cube.ide.mcu.externaltools.gnu-tools-for-stm32.9-2020-q2-update.linux64_2.0.0.202105311346/tools/bin/../lib/gcc/arm-none-eabi/9.3.1/../../../../arm-none-eabi/lib/thumb/v7-m/nofp/libc_nano.a(lib_a-init.o)
                0x0000000008007fe0                __libc_init_array
 .text.memset   0x0000000008008028       0x10 /opt/st/stm32cubeide_1.6.1/plugins/com.st.stm32cube.ide.mcu.externaltools.gnu-tools-for-stm32.9-2020-q2-update.linux64_2.0.0.202105311346/tools/bin/../lib/gcc/arm-none-eabi/9.3.1/../../../../arm-none-eabi/lib/thumb/v7-m/nofp/libc_nano.a(lib_a-memset.o)
                0x0000000008008028                memset
 .text._puts_r  0x0000000008008038       0xdc /opt/st/stm32cubeide_1.6.1/plugins/com.st.stm32cube.ide.mcu.externaltools.gnu-tools-for-stm32.9-2020-q2-update.linux64_2.0.0.202105311346/tools/bin/../lib/gcc/arm-none-eabi/9.3.1/../../../../arm-none-eabi/lib/thumb/v7-m/nofp/libc_nano.a(lib_a-puts.o)
                0x0000000008008038                _puts_r
 .text.puts     0x0000000008008114       0x10 /opt/st/stm32cubeide_1.6.1/plugins/com.st.stm32cube.ide.mcu.externaltools.gnu-tools-for-stm32.9-2020-q2-update.linux64_2.0.0.202105311346/tools/bin/../lib/gcc/arm-none-eabi/9.3.1/../../../../arm-none-eabi/lib/thumb/v7-m/nofp/libc_nano.a(lib_a-puts.o)
                0x0000000008008114                puts
 .text.__swbuf_r
                0x0000000008008124       0xa4 /opt/st/stm32cubeide_1.6.1/plugins/com.st.stm32cube.ide.mcu.externaltools.gnu-tools-for-stm32.9-2020-q2-update.linux64_2.0.0.202105311346/tools/bin/../lib/gcc/arm-none-eabi/9.3.1/../../../../arm-none-eabi/lib/thumb/v7-m/nofp/libc_nano.a(lib_a-wbuf.o)
                0x0000000008008124                __swbuf_r
 .text.__swsetup_r
                0x00000000080081c8       0xdc /opt/st/stm32cubeide_1.6.1/plugins/com.st.stm32cube.ide.mcu.externaltools.gnu-tools-for-stm32.9-2020-q2-update.linux64_2.0.0.202105311346/tools/bin/../lib/gcc/arm-none-eabi/9.3.1/../../../../arm-none-eabi/lib/thumb/v7-m/nofp/libc_nano.a(lib_a-wsetup.o)
                0x00000000080081c8                __swsetup_r
 .text.__sflush_r
                0x00000000080082a4      0x10c /opt/st/stm32cubeide_1.6.1/plugins/com.st.stm32cube.ide.mcu.externaltools.gnu-tools-for-stm32.9-2020-q2-update.linux64_2.0.0.202105311346/tools/bin/../lib/gcc/arm-none-eabi/9.3.1/../../../../arm-none-eabi/lib/thumb/v7-m/nofp/libc_nano.a(lib_a-fflush.o)
                0x00000000080082a4                __sflush_r
 .text._fflush_r
                0x00000000080083b0       0x78 /opt/st/stm32cubeide_1.6.1/plugins/com.st.stm32cube.ide.mcu.externaltools.gnu-tools-for-stm32.9-2020-q2-update.linux64_2.0.0.202105311346/tools/bin/../lib/gcc/arm-none-eabi/9.3.1/../../../../arm-none-eabi/lib/thumb/v7-m/nofp/libc_nano.a(lib_a-fflush.o)
                0x00000000080083b0                _fflush_r
 .text.std      0x0000000008008428       0x48 /opt/st/stm32cubeide_1.6.1/plugins/com.st.stm32cube.ide.mcu.externaltools.gnu-tools-for-stm32.9-2020-q2-update.linux64_2.0.0.202105311346/tools/bin/../lib/gcc/arm-none-eabi/9.3.1/../../../../arm-none-eabi/lib/thumb/v7-m/nofp/libc_nano.a(lib_a-findfp.o)
 .text._cleanup_r
                0x0000000008008470        0xc /opt/st/stm32cubeide_1.6.1/plugins/com.st.stm32cube.ide.mcu.externaltools.gnu-tools-for-stm32.9-2020-q2-update.linux64_2.0.0.202105311346/tools/bin/../lib/gcc/arm-none-eabi/9.3.1/../../../../arm-none-eabi/lib/thumb/v7-m/nofp/libc_nano.a(lib_a-findfp.o)
                0x0000000008008470                _cleanup_r
 .text.__sfmoreglue
                0x000000000800847c       0x2c /opt/st/stm32cubeide_1.6.1/plugins/com.st.stm32cube.ide.mcu.externaltools.gnu-tools-for-stm32.9-2020-q2-update.linux64_2.0.0.202105311346/tools/bin/../lib/gcc/arm-none-eabi/9.3.1/../../../../arm-none-eabi/lib/thumb/v7-m/nofp/libc_nano.a(lib_a-findfp.o)
                0x000000000800847c                __sfmoreglue
 .text.__sfp_lock_acquire
                0x00000000080084a8        0xc /opt/st/stm32cubeide_1.6.1/plugins/com.st.stm32cube.ide.mcu.externaltools.gnu-tools-for-stm32.9-2020-q2-update.linux64_2.0.0.202105311346/tools/bin/../lib/gcc/arm-none-eabi/9.3.1/../../../../arm-none-eabi/lib/thumb/v7-m/nofp/libc_nano.a(lib_a-findfp.o)
                0x00000000080084a8                __sfp_lock_acquire
 .text.__sfp_lock_release
                0x00000000080084b4        0xc /opt/st/stm32cubeide_1.6.1/plugins/com.st.stm32cube.ide.mcu.externaltools.gnu-tools-for-stm32.9-2020-q2-update.linux64_2.0.0.202105311346/tools/bin/../lib/gcc/arm-none-eabi/9.3.1/../../../../arm-none-eabi/lib/thumb/v7-m/nofp/libc_nano.a(lib_a-findfp.o)
                0x00000000080084b4                __sfp_lock_release
 .text.__sinit_lock_acquire
                0x00000000080084c0        0xc /opt/st/stm32cubeide_1.6.1/plugins/com.st.stm32cube.ide.mcu.externaltools.gnu-tools-for-stm32.9-2020-q2-update.linux64_2.0.0.202105311346/tools/bin/../lib/gcc/arm-none-eabi/9.3.1/../../../../arm-none-eabi/lib/thumb/v7-m/nofp/libc_nano.a(lib_a-findfp.o)
                0x00000000080084c0                __sinit_lock_acquire
 .text.__sinit_lock_release
                0x00000000080084cc        0xc /opt/st/stm32cubeide_1.6.1/plugins/com.st.stm32cube.ide.mcu.externaltools.gnu-tools-for-stm32.9-2020-q2-update.linux64_2.0.0.202105311346/tools/bin/../lib/gcc/arm-none-eabi/9.3.1/../../../../arm-none-eabi/lib/thumb/v7-m/nofp/libc_nano.a(lib_a-findfp.o)
                0x00000000080084cc                __sinit_lock_release
 .text.__sinit  0x00000000080084d8       0x70 /opt/st/stm32cubeide_1.6.1/plugins/com.st.stm32cube.ide.mcu.externaltools.gnu-tools-for-stm32.9-2020-q2-update.linux64_2.0.0.202105311346/tools/bin/../lib/gcc/arm-none-eabi/9.3.1/../../../../arm-none-eabi/lib/thumb/v7-m/nofp/libc_nano.a(lib_a-findfp.o)
                0x00000000080084d8                __sinit
 .text.__sfp    0x0000000008008548       0x8c /opt/st/stm32cubeide_1.6.1/plugins/com.st.stm32cube.ide.mcu.externaltools.gnu-tools-for-stm32.9-2020-q2-update.linux64_2.0.0.202105311346/tools/bin/../lib/gcc/arm-none-eabi/9.3.1/../../../../arm-none-eabi/lib/thumb/v7-m/nofp/libc_nano.a(lib_a-findfp.o)
                0x0000000008008548                __sfp
 .text._fwalk_reent
                0x00000000080085d4       0x3e /opt/st/stm32cubeide_1.6.1/plugins/com.st.stm32cube.ide.mcu.externaltools.gnu-tools-for-stm32.9-2020-q2-update.linux64_2.0.0.202105311346/tools/bin/../lib/gcc/arm-none-eabi/9.3.1/../../../../arm-none-eabi/lib/thumb/v7-m/nofp/libc_nano.a(lib_a-fwalk.o)
                0x00000000080085d4                _fwalk_reent
 .text.__retarget_lock_init_recursive
                0x0000000008008612        0x2 /opt/st/stm32cubeide_1.6.1/plugins/com.st.stm32cube.ide.mcu.externaltools.gnu-tools-for-stm32.9-2020-q2-update.linux64_2.0.0.202105311346/tools/bin/../lib/gcc/arm-none-eabi/9.3.1/../../../../arm-none-eabi/lib/thumb/v7-m/nofp/libc_nano.a(lib_a-lock.o)
                0x0000000008008612                __retarget_lock_init_recursive
 .text.__retarget_lock_acquire_recursive
                0x0000000008008614        0x2 /opt/st/stm32cubeide_1.6.1/plugins/com.st.stm32cube.ide.mcu.externaltools.gnu-tools-for-stm32.9-2020-q2-update.linux64_2.0.0.202105311346/tools/bin/../lib/gcc/arm-none-eabi/9.3.1/../../../../arm-none-eabi/lib/thumb/v7-m/nofp/libc_nano.a(lib_a-lock.o)
                0x0000000008008614                __retarget_lock_acquire_recursive
 .text.__retarget_lock_release_recursive
                0x0000000008008616        0x2 /opt/st/stm32cubeide_1.6.1/plugins/com.st.stm32cube.ide.mcu.externaltools.gnu-tools-for-stm32.9-2020-q2-update.linux64_2.0.0.202105311346/tools/bin/../lib/gcc/arm-none-eabi/9.3.1/../../../../arm-none-eabi/lib/thumb/v7-m/nofp/libc_nano.a(lib_a-lock.o)
                0x0000000008008616                __retarget_lock_release_recursive
 .text.__swhatbuf_r
                0x0000000008008618       0x48 /opt/st/stm32cubeide_1.6.1/plugins/com.st.stm32cube.ide.mcu.externaltools.gnu-tools-for-stm32.9-2020-q2-update.linux64_2.0.0.202105311346/tools/bin/../lib/gcc/arm-none-eabi/9.3.1/../../../../arm-none-eabi/lib/thumb/v7-m/nofp/libc_nano.a(lib_a-makebuf.o)
                0x0000000008008618                __swhatbuf_r
 .text.__smakebuf_r
                0x0000000008008660       0x80 /opt/st/stm32cubeide_1.6.1/plugins/com.st.stm32cube.ide.mcu.externaltools.gnu-tools-for-stm32.9-2020-q2-update.linux64_2.0.0.202105311346/tools/bin/../lib/gcc/arm-none-eabi/9.3.1/../../../../arm-none-eabi/lib/thumb/v7-m/nofp/libc_nano.a(lib_a-makebuf.o)
                0x0000000008008660                __smakebuf_r
 .text._free_r  0x00000000080086e0       0x98 /opt/st/stm32cubeide_1.6.1/plugins/com.st.stm32cube.ide.mcu.externaltools.gnu-tools-for-stm32.9-2020-q2-update.linux64_2.0.0.202105311346/tools/bin/../lib/gcc/arm-none-eabi/9.3.1/../../../../arm-none-eabi/lib/thumb/v7-m/nofp/libc_nano.a(lib_a-nano-freer.o)
                0x00000000080086e0                _free_r
 .text._malloc_r
                0x0000000008008778       0xb4 /opt/st/stm32cubeide_1.6.1/plugins/com.st.stm32cube.ide.mcu.externaltools.gnu-tools-for-stm32.9-2020-q2-update.linux64_2.0.0.202105311346/tools/bin/../lib/gcc/arm-none-eabi/9.3.1/../../../../arm-none-eabi/lib/thumb/v7-m/nofp/libc_nano.a(lib_a-nano-mallocr.o)
                0x0000000008008778                _malloc_r
 .text._sbrk_r  0x000000000800882c       0x20 /opt/st/stm32cubeide_1.6.1/plugins/com.st.stm32cube.ide.mcu.externaltools.gnu-tools-for-stm32.9-2020-q2-update.linux64_2.0.0.202105311346/tools/bin/../lib/gcc/arm-none-eabi/9.3.1/../../../../arm-none-eabi/lib/thumb/v7-m/nofp/libc_nano.a(lib_a-sbrkr.o)
                0x000000000800882c                _sbrk_r
 .text.__sread  0x000000000800884c       0x22 /opt/st/stm32cubeide_1.6.1/plugins/com.st.stm32cube.ide.mcu.externaltools.gnu-tools-for-stm32.9-2020-q2-update.linux64_2.0.0.202105311346/tools/bin/../lib/gcc/arm-none-eabi/9.3.1/../../../../arm-none-eabi/lib/thumb/v7-m/nofp/libc_nano.a(lib_a-stdio.o)
                0x000000000800884c                __sread
 .text.__swrite
                0x000000000800886e       0x38 /opt/st/stm32cubeide_1.6.1/plugins/com.st.stm32cube.ide.mcu.externaltools.gnu-tools-for-stm32.9-2020-q2-update.linux64_2.0.0.202105311346/tools/bin/../lib/gcc/arm-none-eabi/9.3.1/../../../../arm-none-eabi/lib/thumb/v7-m/nofp/libc_nano.a(lib_a-stdio.o)
                0x000000000800886e                __swrite
 .text.__sseek  0x00000000080088a6       0x24 /opt/st/stm32cubeide_1.6.1/plugins/com.st.stm32cube.ide.mcu.externaltools.gnu-tools-for-stm32.9-2020-q2-update.linux64_2.0.0.202105311346/tools/bin/../lib/gcc/arm-none-eabi/9.3.1/../../../../arm-none-eabi/lib/thumb/v7-m/nofp/libc_nano.a(lib_a-stdio.o)
                0x00000000080088a6                __sseek
 .text.__sclose
                0x00000000080088ca        0x8 /opt/st/stm32cubeide_1.6.1/plugins/com.st.stm32cube.ide.mcu.externaltools.gnu-tools-for-stm32.9-2020-q2-update.linux64_2.0.0.202105311346/tools/bin/../lib/gcc/arm-none-eabi/9.3.1/../../../../arm-none-eabi/lib/thumb/v7-m/nofp/libc_nano.a(lib_a-stdio.o)
                0x00000000080088ca                __sclose
 *fill*         0x00000000080088d2        0x2 
 .text._write_r
                0x00000000080088d4       0x24 /opt/st/stm32cubeide_1.6.1/plugins/com.st.stm32cube.ide.mcu.externaltools.gnu-tools-for-stm32.9-2020-q2-update.linux64_2.0.0.202105311346/tools/bin/../lib/gcc/arm-none-eabi/9.3.1/../../../../arm-none-eabi/lib/thumb/v7-m/nofp/libc_nano.a(lib_a-writer.o)
                0x00000000080088d4                _write_r
 .text._close_r
                0x00000000080088f8       0x20 /opt/st/stm32cubeide_1.6.1/plugins/com.st.stm32cube.ide.mcu.externaltools.gnu-tools-for-stm32.9-2020-q2-update.linux64_2.0.0.202105311346/tools/bin/../lib/gcc/arm-none-eabi/9.3.1/../../../../arm-none-eabi/lib/thumb/v7-m/nofp/libc_nano.a(lib_a-closer.o)
                0x00000000080088f8                _close_r
 .text._fstat_r
                0x0000000008008918       0x24 /opt/st/stm32cubeide_1.6.1/plugins/com.st.stm32cube.ide.mcu.externaltools.gnu-tools-for-stm32.9-2020-q2-update.linux64_2.0.0.202105311346/tools/bin/../lib/gcc/arm-none-eabi/9.3.1/../../../../arm-none-eabi/lib/thumb/v7-m/nofp/libc_nano.a(lib_a-fstatr.o)
                0x0000000008008918                _fstat_r
 .text._isatty_r
                0x000000000800893c       0x20 /opt/st/stm32cubeide_1.6.1/plugins/com.st.stm32cube.ide.mcu.externaltools.gnu-tools-for-stm32.9-2020-q2-update.linux64_2.0.0.202105311346/tools/bin/../lib/gcc/arm-none-eabi/9.3.1/../../../../arm-none-eabi/lib/thumb/v7-m/nofp/libc_nano.a(lib_a-isattyr.o)
                0x000000000800893c                _isatty_r
 .text._lseek_r
                0x000000000800895c       0x24 /opt/st/stm32cubeide_1.6.1/plugins/com.st.stm32cube.ide.mcu.externaltools.gnu-tools-for-stm32.9-2020-q2-update.linux64_2.0.0.202105311346/tools/bin/../lib/gcc/arm-none-eabi/9.3.1/../../../../arm-none-eabi/lib/thumb/v7-m/nofp/libc_nano.a(lib_a-lseekr.o)
                0x000000000800895c                _lseek_r
 .text.__malloc_lock
                0x0000000008008980        0xc /opt/st/stm32cubeide_1.6.1/plugins/com.st.stm32cube.ide.mcu.externaltools.gnu-tools-for-stm32.9-2020-q2-update.linux64_2.0.0.202105311346/tools/bin/../lib/gcc/arm-none-eabi/9.3.1/../../../../arm-none-eabi/lib/thumb/v7-m/nofp/libc_nano.a(lib_a-mlock.o)
                0x0000000008008980                __malloc_lock
 .text.__malloc_unlock
                0x000000000800898c        0xc /opt/st/stm32cubeide_1.6.1/plugins/com.st.stm32cube.ide.mcu.externaltools.gnu-tools-for-stm32.9-2020-q2-update.linux64_2.0.0.202105311346/tools/bin/../lib/gcc/arm-none-eabi/9.3.1/../../../../arm-none-eabi/lib/thumb/v7-m/nofp/libc_nano.a(lib_a-mlock.o)
                0x000000000800898c                __malloc_unlock
 .text._read_r  0x0000000008008998       0x24 /opt/st/stm32cubeide_1.6.1/plugins/com.st.stm32cube.ide.mcu.externaltools.gnu-tools-for-stm32.9-2020-q2-update.linux64_2.0.0.202105311346/tools/bin/../lib/gcc/arm-none-eabi/9.3.1/../../../../arm-none-eabi/lib/thumb/v7-m/nofp/libc_nano.a(lib_a-readr.o)
                0x0000000008008998                _read_r
 *(.glue_7)
 .glue_7        0x00000000080089bc        0x0 linker stubs
 *(.glue_7t)
 .glue_7t       0x00000000080089bc        0x0 linker stubs
 *(.eh_frame)
 .eh_frame      0x00000000080089bc        0x0 /opt/st/stm32cubeide_1.6.1/plugins/com.st.stm32cube.ide.mcu.externaltools.gnu-tools-for-stm32.9-2020-q2-update.linux64_2.0.0.202105311346/tools/bin/../lib/gcc/arm-none-eabi/9.3.1/thumb/v7-m/nofp/crtbegin.o
 *(.init)
 .init          0x00000000080089bc        0x4 /opt/st/stm32cubeide_1.6.1/plugins/com.st.stm32cube.ide.mcu.externaltools.gnu-tools-for-stm32.9-2020-q2-update.linux64_2.0.0.202105311346/tools/bin/../lib/gcc/arm-none-eabi/9.3.1/thumb/v7-m/nofp/crti.o
                0x00000000080089bc                _init
 .init          0x00000000080089c0        0x8 /opt/st/stm32cubeide_1.6.1/plugins/com.st.stm32cube.ide.mcu.externaltools.gnu-tools-for-stm32.9-2020-q2-update.linux64_2.0.0.202105311346/tools/bin/../lib/gcc/arm-none-eabi/9.3.1/thumb/v7-m/nofp/crtn.o
 *(.fini)
 .fini          0x00000000080089c8        0x4 /opt/st/stm32cubeide_1.6.1/plugins/com.st.stm32cube.ide.mcu.externaltools.gnu-tools-for-stm32.9-2020-q2-update.linux64_2.0.0.202105311346/tools/bin/../lib/gcc/arm-none-eabi/9.3.1/thumb/v7-m/nofp/crti.o
                0x00000000080089c8                _fini
 .fini          0x00000000080089cc        0x8 /opt/st/stm32cubeide_1.6.1/plugins/com.st.stm32cube.ide.mcu.externaltools.gnu-tools-for-stm32.9-2020-q2-update.linux64_2.0.0.202105311346/tools/bin/../lib/gcc/arm-none-eabi/9.3.1/thumb/v7-m/nofp/crtn.o
                0x00000000080089d4                . = ALIGN (0x4)
                0x00000000080089d4                _etext = .

.vfp11_veneer   0x00000000080089d4        0x0
 .vfp11_veneer  0x00000000080089d4        0x0 linker stubs

.v4_bx          0x00000000080089d4        0x0
 .v4_bx         0x00000000080089d4        0x0 linker stubs

.iplt           0x00000000080089d4        0x0
 .iplt          0x00000000080089d4        0x0 /opt/st/stm32cubeide_1.6.1/plugins/com.st.stm32cube.ide.mcu.externaltools.gnu-tools-for-stm32.9-2020-q2-update.linux64_2.0.0.202105311346/tools/bin/../lib/gcc/arm-none-eabi/9.3.1/thumb/v7-m/nofp/crtbegin.o

.rodata         0x00000000080089d4      0x680
                0x00000000080089d4                . = ALIGN (0x4)
 *(.rodata)
 .rodata        0x00000000080089d4       0x59 ./Core/Src/main.o
 *fill*         0x0000000008008a2d        0x3 
 .rodata        0x0000000008008a30       0x10 ./Drivers/STM32F1xx_HAL_Driver/Src/stm32f1xx_hal_rcc.o
 .rodata        0x0000000008008a40       0x48 ./Middlewares/Third_Party/FatFs/src/ff.o
 *(.rodata*)
 .rodata.AHBPrescTable
                0x0000000008008a88       0x10 ./Core/Src/system_stm32f1xx.o
                0x0000000008008a88                AHBPrescTable
 .rodata.APBPrescTable
                0x0000000008008a98        0x8 ./Core/Src/system_stm32f1xx.o
                0x0000000008008a98                APBPrescTable
 .rodata.ExCvt  0x0000000008008aa0       0x80 ./Middlewares/Third_Party/FatFs/src/ff.o
 .rodata.LfnOfs
                0x0000000008008b20        0xd ./Middlewares/Third_Party/FatFs/src/ff.o
 *fill*         0x0000000008008b2d        0x3 
 .rodata.Tbl    0x0000000008008b30      0x100 ./Middlewares/Third_Party/FatFs/src/option/ccsbcs.o
 .rodata.tbl_lower.6597
                0x0000000008008c30      0x1e0 ./Middlewares/Third_Party/FatFs/src/option/ccsbcs.o
 .rodata.tbl_upper.6598
                0x0000000008008e10      0x1e0 ./Middlewares/Third_Party/FatFs/src/option/ccsbcs.o
 .rodata._global_impure_ptr
                0x0000000008008ff0        0x4 /opt/st/stm32cubeide_1.6.1/plugins/com.st.stm32cube.ide.mcu.externaltools.gnu-tools-for-stm32.9-2020-q2-update.linux64_2.0.0.202105311346/tools/bin/../lib/gcc/arm-none-eabi/9.3.1/../../../../arm-none-eabi/lib/thumb/v7-m/nofp/libc_nano.a(lib_a-impure.o)
                0x0000000008008ff0                _global_impure_ptr
 .rodata.__sf_fake_stderr
                0x0000000008008ff4       0x20 /opt/st/stm32cubeide_1.6.1/plugins/com.st.stm32cube.ide.mcu.externaltools.gnu-tools-for-stm32.9-2020-q2-update.linux64_2.0.0.202105311346/tools/bin/../lib/gcc/arm-none-eabi/9.3.1/../../../../arm-none-eabi/lib/thumb/v7-m/nofp/libc_nano.a(lib_a-findfp.o)
                0x0000000008008ff4                __sf_fake_stderr
 .rodata.__sf_fake_stdin
                0x0000000008009014       0x20 /opt/st/stm32cubeide_1.6.1/plugins/com.st.stm32cube.ide.mcu.externaltools.gnu-tools-for-stm32.9-2020-q2-update.linux64_2.0.0.202105311346/tools/bin/../lib/gcc/arm-none-eabi/9.3.1/../../../../arm-none-eabi/lib/thumb/v7-m/nofp/libc_nano.a(lib_a-findfp.o)
                0x0000000008009014                __sf_fake_stdin
 .rodata.__sf_fake_stdout
                0x0000000008009034       0x20 /opt/st/stm32cubeide_1.6.1/plugins/com.st.stm32cube.ide.mcu.externaltools.gnu-tools-for-stm32.9-2020-q2-update.linux64_2.0.0.202105311346/tools/bin/../lib/gcc/arm-none-eabi/9.3.1/../../../../arm-none-eabi/lib/thumb/v7-m/nofp/libc_nano.a(lib_a-findfp.o)
                0x0000000008009034                __sf_fake_stdout
                0x0000000008009054                . = ALIGN (0x4)

.rel.dyn        0x0000000008009054        0x0
 .rel.iplt      0x0000000008009054        0x0 /opt/st/stm32cubeide_1.6.1/plugins/com.st.stm32cube.ide.mcu.externaltools.gnu-tools-for-stm32.9-2020-q2-update.linux64_2.0.0.202105311346/tools/bin/../lib/gcc/arm-none-eabi/9.3.1/thumb/v7-m/nofp/crtbegin.o

.ARM.extab      0x0000000008009054        0x0
                0x0000000008009054                . = ALIGN (0x4)
 *(.ARM.extab* .gnu.linkonce.armextab.*)
                0x0000000008009054                . = ALIGN (0x4)

.ARM            0x0000000008009054        0x0
                0x0000000008009054                . = ALIGN (0x4)
                0x0000000008009054                __exidx_start = .
 *(.ARM.exidx*)
                0x0000000008009054                __exidx_end = .
                0x0000000008009054                . = ALIGN (0x4)

.preinit_array  0x0000000008009054        0x0
                0x0000000008009054                . = ALIGN (0x4)
                0x0000000008009054                PROVIDE (__preinit_array_start = .)
 *(.preinit_array*)
                0x0000000008009054                PROVIDE (__preinit_array_end = .)
                0x0000000008009054                . = ALIGN (0x4)

.init_array     0x0000000008009054        0x4
                0x0000000008009054                . = ALIGN (0x4)
                0x0000000008009054                PROVIDE (__init_array_start = .)
 *(SORT_BY_NAME(.init_array.*))
 *(.init_array*)
 .init_array    0x0000000008009054        0x4 /opt/st/stm32cubeide_1.6.1/plugins/com.st.stm32cube.ide.mcu.externaltools.gnu-tools-for-stm32.9-2020-q2-update.linux64_2.0.0.202105311346/tools/bin/../lib/gcc/arm-none-eabi/9.3.1/thumb/v7-m/nofp/crtbegin.o
                0x0000000008009058                PROVIDE (__init_array_end = .)
                0x0000000008009058                . = ALIGN (0x4)

.fini_array     0x0000000008009058        0x4
                0x0000000008009058                . = ALIGN (0x4)
                [!provide]                        PROVIDE (__fini_array_start = .)
 *(SORT_BY_NAME(.fini_array.*))
 *(.fini_array*)
 .fini_array    0x0000000008009058        0x4 /opt/st/stm32cubeide_1.6.1/plugins/com.st.stm32cube.ide.mcu.externaltools.gnu-tools-for-stm32.9-2020-q2-update.linux64_2.0.0.202105311346/tools/bin/../lib/gcc/arm-none-eabi/9.3.1/thumb/v7-m/nofp/crtbegin.o
                [!provide]                        PROVIDE (__fini_array_end = .)
                0x000000000800905c                . = ALIGN (0x4)
                0x000000000800905c                _sidata = LOADADDR (.data)

.data           0x0000000020000000       0x98 load address 0x000000000800905c
                0x0000000020000000                . = ALIGN (0x4)
                0x0000000020000000                _sdata = .
 *(.data)
 *(.data*)
 .data.buttons  0x0000000020000000        0x4 ./Core/Src/AppDataTypes/buttons.o
                0x0000000020000000                buttons
 .data.lcd      0x0000000020000004        0xc ./Core/Src/AppDataTypes/lcd.o
                0x0000000020000004                lcd
 .data.Stat     0x0000000020000010        0x1 ./Core/Src/fatfs_sd.o
 *fill*         0x0000000020000011        0x3 
 .data.SystemCoreClock
                0x0000000020000014        0x4 ./Core/Src/system_stm32f1xx.o
                0x0000000020000014                SystemCoreClock
 .data.uwTickPrio
                0x0000000020000018        0x4 ./Drivers/STM32F1xx_HAL_Driver/Src/stm32f1xx_hal.o
                0x0000000020000018                uwTickPrio
 .data.uwTickFreq
                0x000000002000001c        0x1 ./Drivers/STM32F1xx_HAL_Driver/Src/stm32f1xx_hal.o
                0x000000002000001c                uwTickFreq
 *fill*         0x000000002000001d        0x3 
 .data.USER_Driver
                0x0000000020000020       0x14 ./FATFS/Target/user_diskio.o
                0x0000000020000020                USER_Driver
 .data._impure_ptr
                0x0000000020000034        0x4 /opt/st/stm32cubeide_1.6.1/plugins/com.st.stm32cube.ide.mcu.externaltools.gnu-tools-for-stm32.9-2020-q2-update.linux64_2.0.0.202105311346/tools/bin/../lib/gcc/arm-none-eabi/9.3.1/../../../../arm-none-eabi/lib/thumb/v7-m/nofp/libc_nano.a(lib_a-impure.o)
                0x0000000020000034                _impure_ptr
 .data.impure_data
                0x0000000020000038       0x60 /opt/st/stm32cubeide_1.6.1/plugins/com.st.stm32cube.ide.mcu.externaltools.gnu-tools-for-stm32.9-2020-q2-update.linux64_2.0.0.202105311346/tools/bin/../lib/gcc/arm-none-eabi/9.3.1/../../../../arm-none-eabi/lib/thumb/v7-m/nofp/libc_nano.a(lib_a-impure.o)
 *(.RamFunc)
 *(.RamFunc*)
                0x0000000020000098                . = ALIGN (0x4)
                0x0000000020000098                _edata = .

.igot.plt       0x0000000020000098        0x0 load address 0x00000000080090f4
 .igot.plt      0x0000000020000098        0x0 /opt/st/stm32cubeide_1.6.1/plugins/com.st.stm32cube.ide.mcu.externaltools.gnu-tools-for-stm32.9-2020-q2-update.linux64_2.0.0.202105311346/tools/bin/../lib/gcc/arm-none-eabi/9.3.1/thumb/v7-m/nofp/crtbegin.o
                0x0000000020000098                . = ALIGN (0x4)

.bss            0x0000000020000098     0x4518 load address 0x00000000080090f4
                0x0000000020000098                _sbss = .
                0x0000000020000098                __bss_start__ = _sbss
 *(.bss)
 .bss           0x0000000020000098       0x1c /opt/st/stm32cubeide_1.6.1/plugins/com.st.stm32cube.ide.mcu.externaltools.gnu-tools-for-stm32.9-2020-q2-update.linux64_2.0.0.202105311346/tools/bin/../lib/gcc/arm-none-eabi/9.3.1/thumb/v7-m/nofp/crtbegin.o
 *(.bss*)
 .bss.CardType  0x00000000200000b4        0x1 ./Core/Src/fatfs_sd.o
 .bss.PowerFlag
                0x00000000200000b5        0x1 ./Core/Src/fatfs_sd.o
 .bss.FatFsCnt  0x00000000200000b6        0x1 ./Core/Src/stm32f1xx_it.o
                0x00000000200000b6                FatFsCnt
 *fill*         0x00000000200000b7        0x1 
 .bss.__sbrk_heap_end
                0x00000000200000b8        0x4 ./Core/Src/sysmem.o
 .bss.FatFs     0x00000000200000bc        0x4 ./Middlewares/Third_Party/FatFs/src/ff.o
 .bss.Fsid      0x00000000200000c0        0x2 ./Middlewares/Third_Party/FatFs/src/ff.o
 *fill*         0x00000000200000c2        0x2 
 .bss.Files     0x00000000200000c4       0x18 ./Middlewares/Third_Party/FatFs/src/ff.o
 .bss.LfnBuf    0x00000000200000dc      0x200 ./Middlewares/Third_Party/FatFs/src/ff.o
 .bss.disk      0x00000000200002dc        0xc ./Middlewares/Third_Party/FatFs/src/ff_gen_drv.o
                0x00000000200002dc                disk
 .bss.__malloc_free_list
                0x00000000200002e8        0x4 /opt/st/stm32cubeide_1.6.1/plugins/com.st.stm32cube.ide.mcu.externaltools.gnu-tools-for-stm32.9-2020-q2-update.linux64_2.0.0.202105311346/tools/bin/../lib/gcc/arm-none-eabi/9.3.1/../../../../arm-none-eabi/lib/thumb/v7-m/nofp/libc_nano.a(lib_a-nano-mallocr.o)
                0x00000000200002e8                __malloc_free_list
 .bss.__malloc_sbrk_start
                0x00000000200002ec        0x4 /opt/st/stm32cubeide_1.6.1/plugins/com.st.stm32cube.ide.mcu.externaltools.gnu-tools-for-stm32.9-2020-q2-update.linux64_2.0.0.202105311346/tools/bin/../lib/gcc/arm-none-eabi/9.3.1/../../../../arm-none-eabi/lib/thumb/v7-m/nofp/libc_nano.a(lib_a-nano-mallocr.o)
                0x00000000200002ec                __malloc_sbrk_start
 *(COMMON)
 COMMON         0x00000000200002f0     0x2244 ./Core/Src/main.o
                0x00000000200002f0                fre_clust
                0x00000000200002f4                fs
                0x0000000020001324                Mathias
                0x0000000020001328                br
                0x000000002000132c                hadc1
                0x000000002000135c                free_space
                0x0000000020001360                Estado
                0x0000000020001364                huart1
                0x00000000200013a8                buffer
                0x000000002000140c                htim1
                0x0000000020001454                bw
                0x0000000020001458                pfs
                0x000000002000145c                fresult
                0x0000000020001460                hspi1
                0x00000000200014b8                htim2
                0x0000000020001500                Fumou
                0x0000000020001504                total
                0x0000000020001508                fil
 COMMON         0x0000000020002534        0x2 ./Core/Src/stm32f1xx_it.o
                0x0000000020002534                Timer2
                0x0000000020002535                Timer1
 *fill*         0x0000000020002536        0x2 
 COMMON         0x0000000020002538        0x4 ./Drivers/STM32F1xx_HAL_Driver/Src/stm32f1xx_hal.o
                0x0000000020002538                uwTick
 COMMON         0x000000002000253c     0x2064 ./FATFS/App/fatfs.o
                0x000000002000253c                USERPath
                0x0000000020002540                retUSER
                0x0000000020002544                USERFile
                0x0000000020003570                USERFatFS
 COMMON         0x00000000200045a0        0x9 /opt/st/stm32cubeide_1.6.1/plugins/com.st.stm32cube.ide.mcu.externaltools.gnu-tools-for-stm32.9-2020-q2-update.linux64_2.0.0.202105311346/tools/bin/../lib/gcc/arm-none-eabi/9.3.1/../../../../arm-none-eabi/lib/thumb/v7-m/nofp/libc_nano.a(lib_a-lock.o)
                0x00000000200045a0                __lock___atexit_recursive_mutex
                0x00000000200045a1                __lock___arc4random_mutex
                0x00000000200045a2                __lock___env_recursive_mutex
                0x00000000200045a3                __lock___sinit_recursive_mutex
                0x00000000200045a4                __lock___malloc_recursive_mutex
                0x00000000200045a5                __lock___at_quick_exit_mutex
                0x00000000200045a6                __lock___dd_hash_mutex
                0x00000000200045a7                __lock___tz_mutex
                0x00000000200045a8                __lock___sfp_recursive_mutex
 *fill*         0x00000000200045a9        0x3 
 COMMON         0x00000000200045ac        0x4 /opt/st/stm32cubeide_1.6.1/plugins/com.st.stm32cube.ide.mcu.externaltools.gnu-tools-for-stm32.9-2020-q2-update.linux64_2.0.0.202105311346/tools/bin/../lib/gcc/arm-none-eabi/9.3.1/../../../../arm-none-eabi/lib/thumb/v7-m/nofp/libc_nano.a(lib_a-reent.o)
                0x00000000200045ac                errno
                0x00000000200045b0                . = ALIGN (0x4)
                0x00000000200045b0                _ebss = .
                0x00000000200045b0                __bss_end__ = _ebss

._user_heap_stack
                0x00000000200045b0      0x600 load address 0x00000000080090f4
                0x00000000200045b0                . = ALIGN (0x8)
                [!provide]                        PROVIDE (end = .)
                0x00000000200045b0                PROVIDE (_end = .)
                0x00000000200047b0                . = (. + _Min_Heap_Size)
 *fill*         0x00000000200045b0      0x200 
                0x0000000020004bb0                . = (. + _Min_Stack_Size)
 *fill*         0x00000000200047b0      0x400 
                0x0000000020004bb0                . = ALIGN (0x8)

/DISCARD/
 libc.a(*)
 libm.a(*)
 libgcc.a(*)

.ARM.attributes
                0x0000000000000000       0x29
 *(.ARM.attributes)
 .ARM.attributes
                0x0000000000000000       0x1d /opt/st/stm32cubeide_1.6.1/plugins/com.st.stm32cube.ide.mcu.externaltools.gnu-tools-for-stm32.9-2020-q2-update.linux64_2.0.0.202105311346/tools/bin/../lib/gcc/arm-none-eabi/9.3.1/thumb/v7-m/nofp/crti.o
 .ARM.attributes
                0x000000000000001d       0x2d /opt/st/stm32cubeide_1.6.1/plugins/com.st.stm32cube.ide.mcu.externaltools.gnu-tools-for-stm32.9-2020-q2-update.linux64_2.0.0.202105311346/tools/bin/../lib/gcc/arm-none-eabi/9.3.1/thumb/v7-m/nofp/crtbegin.o
 .ARM.attributes
                0x000000000000004a       0x2d ./Core/Src/AppDataTypes/buttons.o
 .ARM.attributes
                0x0000000000000077       0x2d ./Core/Src/AppDataTypes/lcd.o
 .ARM.attributes
                0x00000000000000a4       0x2d ./Core/Src/fatfs_sd.o
 .ARM.attributes
                0x00000000000000d1       0x2d ./Core/Src/main.o
 .ARM.attributes
                0x00000000000000fe       0x2d ./Core/Src/main_state_machine_functions.o
 .ARM.attributes
                0x000000000000012b       0x2d ./Core/Src/stm32f1xx_hal_msp.o
 .ARM.attributes
                0x0000000000000158       0x2d ./Core/Src/stm32f1xx_it.o
 .ARM.attributes
                0x0000000000000185       0x2d ./Core/Src/syscalls.o
 .ARM.attributes
                0x00000000000001b2       0x2d ./Core/Src/sysmem.o
 .ARM.attributes
                0x00000000000001df       0x2d ./Core/Src/system_stm32f1xx.o
 .ARM.attributes
                0x000000000000020c       0x21 ./Core/Startup/startup_stm32f103c8tx.o
 .ARM.attributes
                0x000000000000022d       0x2d ./Drivers/STM32F1xx_HAL_Driver/Src/stm32f1xx_hal.o
 .ARM.attributes
                0x000000000000025a       0x2d ./Drivers/STM32F1xx_HAL_Driver/Src/stm32f1xx_hal_adc.o
 .ARM.attributes
                0x0000000000000287       0x2d ./Drivers/STM32F1xx_HAL_Driver/Src/stm32f1xx_hal_cortex.o
 .ARM.attributes
                0x00000000000002b4       0x2d ./Drivers/STM32F1xx_HAL_Driver/Src/stm32f1xx_hal_gpio.o
 .ARM.attributes
                0x00000000000002e1       0x2d ./Drivers/STM32F1xx_HAL_Driver/Src/stm32f1xx_hal_rcc.o
 .ARM.attributes
                0x000000000000030e       0x2d ./Drivers/STM32F1xx_HAL_Driver/Src/stm32f1xx_hal_rcc_ex.o
 .ARM.attributes
                0x000000000000033b       0x2d ./Drivers/STM32F1xx_HAL_Driver/Src/stm32f1xx_hal_spi.o
 .ARM.attributes
                0x0000000000000368       0x2d ./Drivers/STM32F1xx_HAL_Driver/Src/stm32f1xx_hal_tim.o
 .ARM.attributes
                0x0000000000000395       0x2d ./Drivers/STM32F1xx_HAL_Driver/Src/stm32f1xx_hal_tim_ex.o
 .ARM.attributes
                0x00000000000003c2       0x2d ./Drivers/STM32F1xx_HAL_Driver/Src/stm32f1xx_hal_uart.o
 .ARM.attributes
                0x00000000000003ef       0x2d ./FATFS/App/fatfs.o
 .ARM.attributes
                0x000000000000041c       0x2d ./FATFS/Target/user_diskio.o
 .ARM.attributes
                0x0000000000000449       0x2d ./Middlewares/Third_Party/FatFs/src/diskio.o
 .ARM.attributes
                0x0000000000000476       0x2d ./Middlewares/Third_Party/FatFs/src/ff.o
 .ARM.attributes
                0x00000000000004a3       0x2d ./Middlewares/Third_Party/FatFs/src/ff_gen_drv.o
 .ARM.attributes
                0x00000000000004d0       0x2d ./Middlewares/Third_Party/FatFs/src/option/ccsbcs.o
 .ARM.attributes
                0x00000000000004fd       0x2d /opt/st/stm32cubeide_1.6.1/plugins/com.st.stm32cube.ide.mcu.externaltools.gnu-tools-for-stm32.9-2020-q2-update.linux64_2.0.0.202105311346/tools/bin/../lib/gcc/arm-none-eabi/9.3.1/../../../../arm-none-eabi/lib/thumb/v7-m/nofp/libc_nano.a(lib_a-errno.o)
 .ARM.attributes
                0x000000000000052a       0x2d /opt/st/stm32cubeide_1.6.1/plugins/com.st.stm32cube.ide.mcu.externaltools.gnu-tools-for-stm32.9-2020-q2-update.linux64_2.0.0.202105311346/tools/bin/../lib/gcc/arm-none-eabi/9.3.1/../../../../arm-none-eabi/lib/thumb/v7-m/nofp/libc_nano.a(lib_a-impure.o)
 .ARM.attributes
                0x0000000000000557       0x2d /opt/st/stm32cubeide_1.6.1/plugins/com.st.stm32cube.ide.mcu.externaltools.gnu-tools-for-stm32.9-2020-q2-update.linux64_2.0.0.202105311346/tools/bin/../lib/gcc/arm-none-eabi/9.3.1/../../../../arm-none-eabi/lib/thumb/v7-m/nofp/libc_nano.a(lib_a-init.o)
 .ARM.attributes
                0x0000000000000584       0x2d /opt/st/stm32cubeide_1.6.1/plugins/com.st.stm32cube.ide.mcu.externaltools.gnu-tools-for-stm32.9-2020-q2-update.linux64_2.0.0.202105311346/tools/bin/../lib/gcc/arm-none-eabi/9.3.1/../../../../arm-none-eabi/lib/thumb/v7-m/nofp/libc_nano.a(lib_a-memset.o)
 .ARM.attributes
                0x00000000000005b1       0x2d /opt/st/stm32cubeide_1.6.1/plugins/com.st.stm32cube.ide.mcu.externaltools.gnu-tools-for-stm32.9-2020-q2-update.linux64_2.0.0.202105311346/tools/bin/../lib/gcc/arm-none-eabi/9.3.1/../../../../arm-none-eabi/lib/thumb/v7-m/nofp/libc_nano.a(lib_a-puts.o)
 .ARM.attributes
                0x00000000000005de       0x2d /opt/st/stm32cubeide_1.6.1/plugins/com.st.stm32cube.ide.mcu.externaltools.gnu-tools-for-stm32.9-2020-q2-update.linux64_2.0.0.202105311346/tools/bin/../lib/gcc/arm-none-eabi/9.3.1/../../../../arm-none-eabi/lib/thumb/v7-m/nofp/libc_nano.a(lib_a-wbuf.o)
 .ARM.attributes
                0x000000000000060b       0x2d /opt/st/stm32cubeide_1.6.1/plugins/com.st.stm32cube.ide.mcu.externaltools.gnu-tools-for-stm32.9-2020-q2-update.linux64_2.0.0.202105311346/tools/bin/../lib/gcc/arm-none-eabi/9.3.1/../../../../arm-none-eabi/lib/thumb/v7-m/nofp/libc_nano.a(lib_a-wsetup.o)
 .ARM.attributes
                0x0000000000000638       0x2d /opt/st/stm32cubeide_1.6.1/plugins/com.st.stm32cube.ide.mcu.externaltools.gnu-tools-for-stm32.9-2020-q2-update.linux64_2.0.0.202105311346/tools/bin/../lib/gcc/arm-none-eabi/9.3.1/../../../../arm-none-eabi/lib/thumb/v7-m/nofp/libc_nano.a(lib_a-fflush.o)
 .ARM.attributes
                0x0000000000000665       0x2d /opt/st/stm32cubeide_1.6.1/plugins/com.st.stm32cube.ide.mcu.externaltools.gnu-tools-for-stm32.9-2020-q2-update.linux64_2.0.0.202105311346/tools/bin/../lib/gcc/arm-none-eabi/9.3.1/../../../../arm-none-eabi/lib/thumb/v7-m/nofp/libc_nano.a(lib_a-findfp.o)
 .ARM.attributes
                0x0000000000000692       0x2d /opt/st/stm32cubeide_1.6.1/plugins/com.st.stm32cube.ide.mcu.externaltools.gnu-tools-for-stm32.9-2020-q2-update.linux64_2.0.0.202105311346/tools/bin/../lib/gcc/arm-none-eabi/9.3.1/../../../../arm-none-eabi/lib/thumb/v7-m/nofp/libc_nano.a(lib_a-fwalk.o)
 .ARM.attributes
                0x00000000000006bf       0x2d /opt/st/stm32cubeide_1.6.1/plugins/com.st.stm32cube.ide.mcu.externaltools.gnu-tools-for-stm32.9-2020-q2-update.linux64_2.0.0.202105311346/tools/bin/../lib/gcc/arm-none-eabi/9.3.1/../../../../arm-none-eabi/lib/thumb/v7-m/nofp/libc_nano.a(lib_a-lock.o)
 .ARM.attributes
                0x00000000000006ec       0x2d /opt/st/stm32cubeide_1.6.1/plugins/com.st.stm32cube.ide.mcu.externaltools.gnu-tools-for-stm32.9-2020-q2-update.linux64_2.0.0.202105311346/tools/bin/../lib/gcc/arm-none-eabi/9.3.1/../../../../arm-none-eabi/lib/thumb/v7-m/nofp/libc_nano.a(lib_a-makebuf.o)
 .ARM.attributes
                0x0000000000000719       0x2d /opt/st/stm32cubeide_1.6.1/plugins/com.st.stm32cube.ide.mcu.externaltools.gnu-tools-for-stm32.9-2020-q2-update.linux64_2.0.0.202105311346/tools/bin/../lib/gcc/arm-none-eabi/9.3.1/../../../../arm-none-eabi/lib/thumb/v7-m/nofp/libc_nano.a(lib_a-nano-freer.o)
 .ARM.attributes
                0x0000000000000746       0x2d /opt/st/stm32cubeide_1.6.1/plugins/com.st.stm32cube.ide.mcu.externaltools.gnu-tools-for-stm32.9-2020-q2-update.linux64_2.0.0.202105311346/tools/bin/../lib/gcc/arm-none-eabi/9.3.1/../../../../arm-none-eabi/lib/thumb/v7-m/nofp/libc_nano.a(lib_a-nano-mallocr.o)
 .ARM.attributes
                0x0000000000000773       0x2d /opt/st/stm32cubeide_1.6.1/plugins/com.st.stm32cube.ide.mcu.externaltools.gnu-tools-for-stm32.9-2020-q2-update.linux64_2.0.0.202105311346/tools/bin/../lib/gcc/arm-none-eabi/9.3.1/../../../../arm-none-eabi/lib/thumb/v7-m/nofp/libc_nano.a(lib_a-sbrkr.o)
 .ARM.attributes
                0x00000000000007a0       0x2d /opt/st/stm32cubeide_1.6.1/plugins/com.st.stm32cube.ide.mcu.externaltools.gnu-tools-for-stm32.9-2020-q2-update.linux64_2.0.0.202105311346/tools/bin/../lib/gcc/arm-none-eabi/9.3.1/../../../../arm-none-eabi/lib/thumb/v7-m/nofp/libc_nano.a(lib_a-stdio.o)
 .ARM.attributes
                0x00000000000007cd       0x2d /opt/st/stm32cubeide_1.6.1/plugins/com.st.stm32cube.ide.mcu.externaltools.gnu-tools-for-stm32.9-2020-q2-update.linux64_2.0.0.202105311346/tools/bin/../lib/gcc/arm-none-eabi/9.3.1/../../../../arm-none-eabi/lib/thumb/v7-m/nofp/libc_nano.a(lib_a-writer.o)
 .ARM.attributes
                0x00000000000007fa       0x2d /opt/st/stm32cubeide_1.6.1/plugins/com.st.stm32cube.ide.mcu.externaltools.gnu-tools-for-stm32.9-2020-q2-update.linux64_2.0.0.202105311346/tools/bin/../lib/gcc/arm-none-eabi/9.3.1/../../../../arm-none-eabi/lib/thumb/v7-m/nofp/libc_nano.a(lib_a-closer.o)
 .ARM.attributes
                0x0000000000000827       0x2d /opt/st/stm32cubeide_1.6.1/plugins/com.st.stm32cube.ide.mcu.externaltools.gnu-tools-for-stm32.9-2020-q2-update.linux64_2.0.0.202105311346/tools/bin/../lib/gcc/arm-none-eabi/9.3.1/../../../../arm-none-eabi/lib/thumb/v7-m/nofp/libc_nano.a(lib_a-fstatr.o)
 .ARM.attributes
                0x0000000000000854       0x2d /opt/st/stm32cubeide_1.6.1/plugins/com.st.stm32cube.ide.mcu.externaltools.gnu-tools-for-stm32.9-2020-q2-update.linux64_2.0.0.202105311346/tools/bin/../lib/gcc/arm-none-eabi/9.3.1/../../../../arm-none-eabi/lib/thumb/v7-m/nofp/libc_nano.a(lib_a-isattyr.o)
 .ARM.attributes
                0x0000000000000881       0x2d /opt/st/stm32cubeide_1.6.1/plugins/com.st.stm32cube.ide.mcu.externaltools.gnu-tools-for-stm32.9-2020-q2-update.linux64_2.0.0.202105311346/tools/bin/../lib/gcc/arm-none-eabi/9.3.1/../../../../arm-none-eabi/lib/thumb/v7-m/nofp/libc_nano.a(lib_a-lseekr.o)
 .ARM.attributes
                0x00000000000008ae       0x2d /opt/st/stm32cubeide_1.6.1/plugins/com.st.stm32cube.ide.mcu.externaltools.gnu-tools-for-stm32.9-2020-q2-update.linux64_2.0.0.202105311346/tools/bin/../lib/gcc/arm-none-eabi/9.3.1/../../../../arm-none-eabi/lib/thumb/v7-m/nofp/libc_nano.a(lib_a-mlock.o)
 .ARM.attributes
                0x00000000000008db       0x2d /opt/st/stm32cubeide_1.6.1/plugins/com.st.stm32cube.ide.mcu.externaltools.gnu-tools-for-stm32.9-2020-q2-update.linux64_2.0.0.202105311346/tools/bin/../lib/gcc/arm-none-eabi/9.3.1/../../../../arm-none-eabi/lib/thumb/v7-m/nofp/libc_nano.a(lib_a-readr.o)
 .ARM.attributes
                0x0000000000000908       0x2d /opt/st/stm32cubeide_1.6.1/plugins/com.st.stm32cube.ide.mcu.externaltools.gnu-tools-for-stm32.9-2020-q2-update.linux64_2.0.0.202105311346/tools/bin/../lib/gcc/arm-none-eabi/9.3.1/../../../../arm-none-eabi/lib/thumb/v7-m/nofp/libc_nano.a(lib_a-reent.o)
 .ARM.attributes
                0x0000000000000935       0x1d /opt/st/stm32cubeide_1.6.1/plugins/com.st.stm32cube.ide.mcu.externaltools.gnu-tools-for-stm32.9-2020-q2-update.linux64_2.0.0.202105311346/tools/bin/../lib/gcc/arm-none-eabi/9.3.1/thumb/v7-m/nofp/crtn.o
OUTPUT(Firmware_CDPulsos.elf elf32-littlearm)
LOAD linker stubs
LOAD /opt/st/stm32cubeide_1.6.1/plugins/com.st.stm32cube.ide.mcu.externaltools.gnu-tools-for-stm32.9-2020-q2-update.linux64_2.0.0.202105311346/tools/bin/../lib/gcc/arm-none-eabi/9.3.1/../../../../arm-none-eabi/lib/thumb/v7-m/nofp/libc.a
LOAD /opt/st/stm32cubeide_1.6.1/plugins/com.st.stm32cube.ide.mcu.externaltools.gnu-tools-for-stm32.9-2020-q2-update.linux64_2.0.0.202105311346/tools/bin/../lib/gcc/arm-none-eabi/9.3.1/../../../../arm-none-eabi/lib/thumb/v7-m/nofp/libm.a
LOAD /opt/st/stm32cubeide_1.6.1/plugins/com.st.stm32cube.ide.mcu.externaltools.gnu-tools-for-stm32.9-2020-q2-update.linux64_2.0.0.202105311346/tools/bin/../lib/gcc/arm-none-eabi/9.3.1/thumb/v7-m/nofp/libgcc.a

.debug_info     0x0000000000000000    0x15215
 .debug_info    0x0000000000000000      0x1dc ./Core/Src/AppDataTypes/buttons.o
 .debug_info    0x00000000000001dc      0x237 ./Core/Src/AppDataTypes/lcd.o
 .debug_info    0x0000000000000413      0xc4d ./Core/Src/fatfs_sd.o
 .debug_info    0x0000000000001060     0x26ac ./Core/Src/main.o
 .debug_info    0x000000000000370c      0x26d ./Core/Src/main_state_machine_functions.o
 .debug_info    0x0000000000003979     0x12d4 ./Core/Src/stm32f1xx_hal_msp.o
 .debug_info    0x0000000000004c4d      0x26f ./Core/Src/stm32f1xx_it.o
 .debug_info    0x0000000000004ebc      0xfa8 ./Core/Src/syscalls.o
 .debug_info    0x0000000000005e64      0xa25 ./Core/Src/sysmem.o
 .debug_info    0x0000000000006889      0x2be ./Core/Src/system_stm32f1xx.o
 .debug_info    0x0000000000006b47       0x22 ./Core/Startup/startup_stm32f103c8tx.o
 .debug_info    0x0000000000006b69      0x76a ./Drivers/STM32F1xx_HAL_Driver/Src/stm32f1xx_hal.o
 .debug_info    0x00000000000072d3      0xd2d ./Drivers/STM32F1xx_HAL_Driver/Src/stm32f1xx_hal_adc.o
 .debug_info    0x0000000000008000      0xbdc ./Drivers/STM32F1xx_HAL_Driver/Src/stm32f1xx_hal_cortex.o
 .debug_info    0x0000000000008bdc      0x701 ./Drivers/STM32F1xx_HAL_Driver/Src/stm32f1xx_hal_gpio.o
 .debug_info    0x00000000000092dd      0x88e ./Drivers/STM32F1xx_HAL_Driver/Src/stm32f1xx_hal_rcc.o
 .debug_info    0x0000000000009b6b      0x480 ./Drivers/STM32F1xx_HAL_Driver/Src/stm32f1xx_hal_rcc_ex.o
 .debug_info    0x0000000000009feb     0x16bf ./Drivers/STM32F1xx_HAL_Driver/Src/stm32f1xx_hal_spi.o
 .debug_info    0x000000000000b6aa     0x2a45 ./Drivers/STM32F1xx_HAL_Driver/Src/stm32f1xx_hal_tim.o
 .debug_info    0x000000000000e0ef     0x14d5 ./Drivers/STM32F1xx_HAL_Driver/Src/stm32f1xx_hal_tim_ex.o
 .debug_info    0x000000000000f5c4     0x161a ./Drivers/STM32F1xx_HAL_Driver/Src/stm32f1xx_hal_uart.o
 .debug_info    0x0000000000010bde      0x5f7 ./FATFS/App/fatfs.o
 .debug_info    0x00000000000111d5      0xcde ./FATFS/Target/user_diskio.o
 .debug_info    0x0000000000011eb3      0x4fe ./Middlewares/Third_Party/FatFs/src/diskio.o
 .debug_info    0x00000000000123b1     0x2749 ./Middlewares/Third_Party/FatFs/src/ff.o
 .debug_info    0x0000000000014afa      0x495 ./Middlewares/Third_Party/FatFs/src/ff_gen_drv.o
 .debug_info    0x0000000000014f8f      0x286 ./Middlewares/Third_Party/FatFs/src/option/ccsbcs.o

.debug_abbrev   0x0000000000000000     0x3458
 .debug_abbrev  0x0000000000000000      0x100 ./Core/Src/AppDataTypes/buttons.o
 .debug_abbrev  0x0000000000000100      0x14c ./Core/Src/AppDataTypes/lcd.o
 .debug_abbrev  0x000000000000024c      0x298 ./Core/Src/fatfs_sd.o
 .debug_abbrev  0x00000000000004e4      0x450 ./Core/Src/main.o
 .debug_abbrev  0x0000000000000934      0x12a ./Core/Src/main_state_machine_functions.o
 .debug_abbrev  0x0000000000000a5e      0x1fd ./Core/Src/stm32f1xx_hal_msp.o
 .debug_abbrev  0x0000000000000c5b       0xe5 ./Core/Src/stm32f1xx_it.o
 .debug_abbrev  0x0000000000000d40      0x286 ./Core/Src/syscalls.o
 .debug_abbrev  0x0000000000000fc6      0x1bf ./Core/Src/sysmem.o
 .debug_abbrev  0x0000000000001185      0x14e ./Core/Src/system_stm32f1xx.o
 .debug_abbrev  0x00000000000012d3       0x12 ./Core/Startup/startup_stm32f103c8tx.o
 .debug_abbrev  0x00000000000012e5      0x1ed ./Drivers/STM32F1xx_HAL_Driver/Src/stm32f1xx_hal.o
 .debug_abbrev  0x00000000000014d2      0x1fb ./Drivers/STM32F1xx_HAL_Driver/Src/stm32f1xx_hal_adc.o
 .debug_abbrev  0x00000000000016cd      0x313 ./Drivers/STM32F1xx_HAL_Driver/Src/stm32f1xx_hal_cortex.o
 .debug_abbrev  0x00000000000019e0      0x1e8 ./Drivers/STM32F1xx_HAL_Driver/Src/stm32f1xx_hal_gpio.o
 .debug_abbrev  0x0000000000001bc8      0x273 ./Drivers/STM32F1xx_HAL_Driver/Src/stm32f1xx_hal_rcc.o
 .debug_abbrev  0x0000000000001e3b      0x193 ./Drivers/STM32F1xx_HAL_Driver/Src/stm32f1xx_hal_rcc_ex.o
 .debug_abbrev  0x0000000000001fce      0x26e ./Drivers/STM32F1xx_HAL_Driver/Src/stm32f1xx_hal_spi.o
 .debug_abbrev  0x000000000000223c      0x25e ./Drivers/STM32F1xx_HAL_Driver/Src/stm32f1xx_hal_tim.o
 .debug_abbrev  0x000000000000249a      0x266 ./Drivers/STM32F1xx_HAL_Driver/Src/stm32f1xx_hal_tim_ex.o
 .debug_abbrev  0x0000000000002700      0x28b ./Drivers/STM32F1xx_HAL_Driver/Src/stm32f1xx_hal_uart.o
 .debug_abbrev  0x000000000000298b      0x19d ./FATFS/App/fatfs.o
 .debug_abbrev  0x0000000000002b28      0x21d ./FATFS/Target/user_diskio.o
 .debug_abbrev  0x0000000000002d45      0x18b ./Middlewares/Third_Party/FatFs/src/diskio.o
 .debug_abbrev  0x0000000000002ed0      0x2b0 ./Middlewares/Third_Party/FatFs/src/ff.o
 .debug_abbrev  0x0000000000003180      0x1bc ./Middlewares/Third_Party/FatFs/src/ff_gen_drv.o
 .debug_abbrev  0x000000000000333c      0x11c ./Middlewares/Third_Party/FatFs/src/option/ccsbcs.o

.debug_aranges  0x0000000000000000     0x1390
 .debug_aranges
                0x0000000000000000       0x20 ./Core/Src/AppDataTypes/buttons.o
 .debug_aranges
                0x0000000000000020       0x30 ./Core/Src/AppDataTypes/lcd.o
 .debug_aranges
                0x0000000000000050       0xa0 ./Core/Src/fatfs_sd.o
 .debug_aranges
                0x00000000000000f0       0x88 ./Core/Src/main.o
 .debug_aranges
                0x0000000000000178       0x20 ./Core/Src/main_state_machine_functions.o
 .debug_aranges
                0x0000000000000198       0x60 ./Core/Src/stm32f1xx_hal_msp.o
 .debug_aranges
                0x00000000000001f8       0x68 ./Core/Src/stm32f1xx_it.o
 .debug_aranges
                0x0000000000000260       0xa8 ./Core/Src/syscalls.o
 .debug_aranges
                0x0000000000000308       0x20 ./Core/Src/sysmem.o
 .debug_aranges
                0x0000000000000328       0x28 ./Core/Src/system_stm32f1xx.o
 .debug_aranges
                0x0000000000000350       0x28 ./Core/Startup/startup_stm32f103c8tx.o
 .debug_aranges
                0x0000000000000378       0xe0 ./Drivers/STM32F1xx_HAL_Driver/Src/stm32f1xx_hal.o
 .debug_aranges
                0x0000000000000458       0xf0 ./Drivers/STM32F1xx_HAL_Driver/Src/stm32f1xx_hal_adc.o
 .debug_aranges
                0x0000000000000548      0x100 ./Drivers/STM32F1xx_HAL_Driver/Src/stm32f1xx_hal_cortex.o
 .debug_aranges
                0x0000000000000648       0x58 ./Drivers/STM32F1xx_HAL_Driver/Src/stm32f1xx_hal_gpio.o
 .debug_aranges
                0x00000000000006a0       0x90 ./Drivers/STM32F1xx_HAL_Driver/Src/stm32f1xx_hal_rcc.o
 .debug_aranges
                0x0000000000000730       0x30 ./Drivers/STM32F1xx_HAL_Driver/Src/stm32f1xx_hal_rcc_ex.o
 .debug_aranges
                0x0000000000000760      0x1d0 ./Drivers/STM32F1xx_HAL_Driver/Src/stm32f1xx_hal_spi.o
 .debug_aranges
                0x0000000000000930      0x3d0 ./Drivers/STM32F1xx_HAL_Driver/Src/stm32f1xx_hal_tim.o
 .debug_aranges
                0x0000000000000d00      0x168 ./Drivers/STM32F1xx_HAL_Driver/Src/stm32f1xx_hal_tim_ex.o
 .debug_aranges
                0x0000000000000e68      0x200 ./Drivers/STM32F1xx_HAL_Driver/Src/stm32f1xx_hal_uart.o
 .debug_aranges
                0x0000000000001068       0x28 ./FATFS/App/fatfs.o
 .debug_aranges
                0x0000000000001090       0x40 ./FATFS/Target/user_diskio.o
 .debug_aranges
                0x00000000000010d0       0x48 ./Middlewares/Third_Party/FatFs/src/diskio.o
 .debug_aranges
                0x0000000000001118      0x210 ./Middlewares/Third_Party/FatFs/src/ff.o
 .debug_aranges
                0x0000000000001328       0x40 ./Middlewares/Third_Party/FatFs/src/ff_gen_drv.o
 .debug_aranges
                0x0000000000001368       0x28 ./Middlewares/Third_Party/FatFs/src/option/ccsbcs.o

.debug_ranges   0x0000000000000000     0x1218
 .debug_ranges  0x0000000000000000       0x10 ./Core/Src/AppDataTypes/buttons.o
 .debug_ranges  0x0000000000000010       0x20 ./Core/Src/AppDataTypes/lcd.o
 .debug_ranges  0x0000000000000030       0x90 ./Core/Src/fatfs_sd.o
 .debug_ranges  0x00000000000000c0       0x78 ./Core/Src/main.o
 .debug_ranges  0x0000000000000138       0x10 ./Core/Src/main_state_machine_functions.o
 .debug_ranges  0x0000000000000148       0x50 ./Core/Src/stm32f1xx_hal_msp.o
 .debug_ranges  0x0000000000000198       0x58 ./Core/Src/stm32f1xx_it.o
 .debug_ranges  0x00000000000001f0       0x98 ./Core/Src/syscalls.o
 .debug_ranges  0x0000000000000288       0x10 ./Core/Src/sysmem.o
 .debug_ranges  0x0000000000000298       0x18 ./Core/Src/system_stm32f1xx.o
 .debug_ranges  0x00000000000002b0       0x20 ./Core/Startup/startup_stm32f103c8tx.o
 .debug_ranges  0x00000000000002d0       0xd0 ./Drivers/STM32F1xx_HAL_Driver/Src/stm32f1xx_hal.o
 .debug_ranges  0x00000000000003a0       0xe0 ./Drivers/STM32F1xx_HAL_Driver/Src/stm32f1xx_hal_adc.o
 .debug_ranges  0x0000000000000480       0xf0 ./Drivers/STM32F1xx_HAL_Driver/Src/stm32f1xx_hal_cortex.o
 .debug_ranges  0x0000000000000570       0x48 ./Drivers/STM32F1xx_HAL_Driver/Src/stm32f1xx_hal_gpio.o
 .debug_ranges  0x00000000000005b8       0x80 ./Drivers/STM32F1xx_HAL_Driver/Src/stm32f1xx_hal_rcc.o
 .debug_ranges  0x0000000000000638       0x20 ./Drivers/STM32F1xx_HAL_Driver/Src/stm32f1xx_hal_rcc_ex.o
 .debug_ranges  0x0000000000000658      0x1c0 ./Drivers/STM32F1xx_HAL_Driver/Src/stm32f1xx_hal_spi.o
 .debug_ranges  0x0000000000000818      0x3c0 ./Drivers/STM32F1xx_HAL_Driver/Src/stm32f1xx_hal_tim.o
 .debug_ranges  0x0000000000000bd8      0x158 ./Drivers/STM32F1xx_HAL_Driver/Src/stm32f1xx_hal_tim_ex.o
 .debug_ranges  0x0000000000000d30      0x220 ./Drivers/STM32F1xx_HAL_Driver/Src/stm32f1xx_hal_uart.o
 .debug_ranges  0x0000000000000f50       0x18 ./FATFS/App/fatfs.o
 .debug_ranges  0x0000000000000f68       0x30 ./FATFS/Target/user_diskio.o
 .debug_ranges  0x0000000000000f98       0x38 ./Middlewares/Third_Party/FatFs/src/diskio.o
 .debug_ranges  0x0000000000000fd0      0x200 ./Middlewares/Third_Party/FatFs/src/ff.o
 .debug_ranges  0x00000000000011d0       0x30 ./Middlewares/Third_Party/FatFs/src/ff_gen_drv.o
 .debug_ranges  0x0000000000001200       0x18 ./Middlewares/Third_Party/FatFs/src/option/ccsbcs.o

.debug_macro    0x0000000000000000    0x1b411
 .debug_macro   0x0000000000000000      0x1df ./Core/Src/AppDataTypes/buttons.o
 .debug_macro   0x00000000000001df      0xa9c ./Core/Src/AppDataTypes/buttons.o
 .debug_macro   0x0000000000000c7b      0x227 ./Core/Src/AppDataTypes/buttons.o
 .debug_macro   0x0000000000000ea2       0x2e ./Core/Src/AppDataTypes/buttons.o
 .debug_macro   0x0000000000000ed0       0x22 ./Core/Src/AppDataTypes/buttons.o
 .debug_macro   0x0000000000000ef2       0x22 ./Core/Src/AppDataTypes/buttons.o
 .debug_macro   0x0000000000000f14       0x8e ./Core/Src/AppDataTypes/buttons.o
 .debug_macro   0x0000000000000fa2       0x51 ./Core/Src/AppDataTypes/buttons.o
 .debug_macro   0x0000000000000ff3      0x103 ./Core/Src/AppDataTypes/buttons.o
 .debug_macro   0x00000000000010f6       0x6a ./Core/Src/AppDataTypes/buttons.o
 .debug_macro   0x0000000000001160      0x1df ./Core/Src/AppDataTypes/buttons.o
 .debug_macro   0x000000000000133f       0x1c ./Core/Src/AppDataTypes/buttons.o
 .debug_macro   0x000000000000135b       0x22 ./Core/Src/AppDataTypes/buttons.o
 .debug_macro   0x000000000000137d       0xc3 ./Core/Src/AppDataTypes/buttons.o
 .debug_macro   0x0000000000001440      0xd23 ./Core/Src/AppDataTypes/buttons.o
 .debug_macro   0x0000000000002163     0xe09e ./Core/Src/AppDataTypes/buttons.o
 .debug_macro   0x0000000000010201       0x6d ./Core/Src/AppDataTypes/buttons.o
 .debug_macro   0x000000000001026e     0x3468 ./Core/Src/AppDataTypes/buttons.o
 .debug_macro   0x00000000000136d6      0x174 ./Core/Src/AppDataTypes/buttons.o
 .debug_macro   0x000000000001384a       0x5c ./Core/Src/AppDataTypes/buttons.o
 .debug_macro   0x00000000000138a6      0x5be ./Core/Src/AppDataTypes/buttons.o
 .debug_macro   0x0000000000013e64      0x289 ./Core/Src/AppDataTypes/buttons.o
 .debug_macro   0x00000000000140ed      0x1cb ./Core/Src/AppDataTypes/buttons.o
 .debug_macro   0x00000000000142b8      0x114 ./Core/Src/AppDataTypes/buttons.o
 .debug_macro   0x00000000000143cc      0x1b2 ./Core/Src/AppDataTypes/buttons.o
 .debug_macro   0x000000000001457e       0x27 ./Core/Src/AppDataTypes/buttons.o
 .debug_macro   0x00000000000145a5      0x136 ./Core/Src/AppDataTypes/buttons.o
 .debug_macro   0x00000000000146db      0x1bc ./Core/Src/AppDataTypes/buttons.o
 .debug_macro   0x0000000000014897       0x34 ./Core/Src/AppDataTypes/buttons.o
 .debug_macro   0x00000000000148cb       0x3c ./Core/Src/AppDataTypes/buttons.o
 .debug_macro   0x0000000000014907       0x57 ./Core/Src/AppDataTypes/buttons.o
 .debug_macro   0x000000000001495e      0x46a ./Core/Src/AppDataTypes/buttons.o
 .debug_macro   0x0000000000014dc8      0x1b5 ./Core/Src/AppDataTypes/buttons.o
 .debug_macro   0x0000000000014f7d       0x88 ./Core/Src/AppDataTypes/buttons.o
 .debug_macro   0x0000000000015005      0x241 ./Core/Src/AppDataTypes/buttons.o
 .debug_macro   0x0000000000015246      0x141 ./Core/Src/AppDataTypes/buttons.o
 .debug_macro   0x0000000000015387      0x217 ./Core/Src/AppDataTypes/buttons.o
 .debug_macro   0x000000000001559e      0x8d1 ./Core/Src/AppDataTypes/buttons.o
 .debug_macro   0x0000000000015e6f      0x279 ./Core/Src/AppDataTypes/buttons.o
 .debug_macro   0x00000000000160e8       0x83 ./Core/Src/AppDataTypes/buttons.o
 .debug_macro   0x000000000001616b       0x64 ./Core/Src/AppDataTypes/buttons.o
 .debug_macro   0x00000000000161cf       0x16 ./Core/Src/AppDataTypes/buttons.o
 .debug_macro   0x00000000000161e5      0x1de ./Core/Src/AppDataTypes/lcd.o
 .debug_macro   0x00000000000163c3      0x200 ./Core/Src/fatfs_sd.o
 .debug_macro   0x00000000000165c3       0x16 ./Core/Src/fatfs_sd.o
 .debug_macro   0x00000000000165d9       0x7c ./Core/Src/fatfs_sd.o
 .debug_macro   0x0000000000016655       0x70 ./Core/Src/fatfs_sd.o
 .debug_macro   0x00000000000166c5      0x3e0 ./Core/Src/main.o
 .debug_macro   0x0000000000016aa5       0xde ./Core/Src/main.o
 .debug_macro   0x0000000000016b83       0xf5 ./Core/Src/main.o
 .debug_macro   0x0000000000016c78       0x8e ./Core/Src/main.o
 .debug_macro   0x0000000000016d06       0x1c ./Core/Src/main.o
 .debug_macro   0x0000000000016d22       0x52 ./Core/Src/main.o
 .debug_macro   0x0000000000016d74       0x18 ./Core/Src/main.o
 .debug_macro   0x0000000000016d8c       0x3c ./Core/Src/main.o
 .debug_macro   0x0000000000016dc8       0x34 ./Core/Src/main.o
 .debug_macro   0x0000000000016dfc       0x16 ./Core/Src/main.o
 .debug_macro   0x0000000000016e12       0x43 ./Core/Src/main.o
 .debug_macro   0x0000000000016e55       0x34 ./Core/Src/main.o
 .debug_macro   0x0000000000016e89       0x10 ./Core/Src/main.o
 .debug_macro   0x0000000000016e99       0x58 ./Core/Src/main.o
 .debug_macro   0x0000000000016ef1       0x71 ./Core/Src/main.o
 .debug_macro   0x0000000000016f62       0x1c ./Core/Src/main.o
 .debug_macro   0x0000000000016f7e      0x12a ./Core/Src/main.o
 .debug_macro   0x00000000000170a8      0x333 ./Core/Src/main.o
 .debug_macro   0x00000000000173db       0x10 ./Core/Src/main.o
 .debug_macro   0x00000000000173eb       0x35 ./Core/Src/main.o
 .debug_macro   0x0000000000017420       0x20 ./Core/Src/main.o
 .debug_macro   0x0000000000017440       0x1c ./Core/Src/main.o
 .debug_macro   0x000000000001745c       0x10 ./Core/Src/main.o
 .debug_macro   0x000000000001746c       0x10 ./Core/Src/main.o
 .debug_macro   0x000000000001747c       0x1c ./Core/Src/main.o
 .debug_macro   0x0000000000017498       0x52 ./Core/Src/main.o
 .debug_macro   0x00000000000174ea       0x22 ./Core/Src/main.o
 .debug_macro   0x000000000001750c       0x10 ./Core/Src/main.o
 .debug_macro   0x000000000001751c       0x40 ./Core/Src/main.o
 .debug_macro   0x000000000001755c       0xd5 ./Core/Src/main.o
 .debug_macro   0x0000000000017631       0x1c ./Core/Src/main.o
 .debug_macro   0x000000000001764d       0x3d ./Core/Src/main.o
 .debug_macro   0x000000000001768a       0x16 ./Core/Src/main.o
 .debug_macro   0x00000000000176a0      0x145 ./Core/Src/main.o
 .debug_macro   0x00000000000177e5      0x209 ./Core/Src/main_state_machine_functions.o
 .debug_macro   0x00000000000179ee      0x1d0 ./Core/Src/stm32f1xx_hal_msp.o
 .debug_macro   0x0000000000017bbe      0x1da ./Core/Src/stm32f1xx_it.o
 .debug_macro   0x0000000000017d98      0x24c ./Core/Src/syscalls.o
 .debug_macro   0x0000000000017fe4       0x4c ./Core/Src/syscalls.o
 .debug_macro   0x0000000000018030       0x94 ./Core/Src/syscalls.o
 .debug_macro   0x00000000000180c4       0x57 ./Core/Src/syscalls.o
 .debug_macro   0x000000000001811b      0x339 ./Core/Src/syscalls.o
 .debug_macro   0x0000000000018454       0x10 ./Core/Src/syscalls.o
 .debug_macro   0x0000000000018464       0x10 ./Core/Src/syscalls.o
 .debug_macro   0x0000000000018474       0x10 ./Core/Src/syscalls.o
 .debug_macro   0x0000000000018484       0x35 ./Core/Src/syscalls.o
 .debug_macro   0x00000000000184b9      0x12c ./Core/Src/syscalls.o
 .debug_macro   0x00000000000185e5       0x16 ./Core/Src/syscalls.o
 .debug_macro   0x00000000000185fb       0x16 ./Core/Src/syscalls.o
 .debug_macro   0x0000000000018611       0x29 ./Core/Src/syscalls.o
 .debug_macro   0x000000000001863a       0x10 ./Core/Src/syscalls.o
 .debug_macro   0x000000000001864a      0x241 ./Core/Src/syscalls.o
 .debug_macro   0x000000000001888b       0x10 ./Core/Src/syscalls.o
 .debug_macro   0x000000000001889b      0x189 ./Core/Src/syscalls.o
 .debug_macro   0x0000000000018a24       0x16 ./Core/Src/syscalls.o
 .debug_macro   0x0000000000018a3a       0xce ./Core/Src/syscalls.o
 .debug_macro   0x0000000000018b08       0xff ./Core/Src/sysmem.o
 .debug_macro   0x0000000000018c07      0x23b ./Core/Src/sysmem.o
 .debug_macro   0x0000000000018e42      0x1c1 ./Core/Src/system_stm32f1xx.o
 .debug_macro   0x0000000000019003      0x1e5 ./Drivers/STM32F1xx_HAL_Driver/Src/stm32f1xx_hal.o
 .debug_macro   0x00000000000191e8      0x1de ./Drivers/STM32F1xx_HAL_Driver/Src/stm32f1xx_hal_adc.o
 .debug_macro   0x00000000000193c6      0x1c1 ./Drivers/STM32F1xx_HAL_Driver/Src/stm32f1xx_hal_cortex.o
 .debug_macro   0x0000000000019587      0x22c ./Drivers/STM32F1xx_HAL_Driver/Src/stm32f1xx_hal_gpio.o
 .debug_macro   0x00000000000197b3      0x1d3 ./Drivers/STM32F1xx_HAL_Driver/Src/stm32f1xx_hal_rcc.o
 .debug_macro   0x0000000000019986      0x1c1 ./Drivers/STM32F1xx_HAL_Driver/Src/stm32f1xx_hal_rcc_ex.o
 .debug_macro   0x0000000000019b47      0x1c9 ./Drivers/STM32F1xx_HAL_Driver/Src/stm32f1xx_hal_spi.o
 .debug_macro   0x0000000000019d10      0x1c2 ./Drivers/STM32F1xx_HAL_Driver/Src/stm32f1xx_hal_tim.o
 .debug_macro   0x0000000000019ed2      0x1c1 ./Drivers/STM32F1xx_HAL_Driver/Src/stm32f1xx_hal_tim_ex.o
 .debug_macro   0x000000000001a093      0x1c2 ./Drivers/STM32F1xx_HAL_Driver/Src/stm32f1xx_hal_uart.o
 .debug_macro   0x000000000001a255      0x223 ./FATFS/App/fatfs.o
 .debug_macro   0x000000000001a478       0xd8 ./FATFS/App/fatfs.o
 .debug_macro   0x000000000001a550      0x2e1 ./FATFS/Target/user_diskio.o
 .debug_macro   0x000000000001a831       0xbd ./FATFS/Target/user_diskio.o
 .debug_macro   0x000000000001a8ee       0x56 ./FATFS/Target/user_diskio.o